2026-05-15 14:58:34.815 28922-28922 Cargar_Toma_Fisica      com.example.diverscan.activeid       I  SeleccionToma{ID=6fcbd4bf-be34-4711-9ff3-a1eb546ab99e, Nombre=11 de mayo Prueba 2, Descripcion=11 de mayo Prueba 2, FechaInicio=01-05-2026, FechaFinal=30-05-2026, Estado=Pendiente}
2026-05-15 14:58:34.819  1523-2585  ActivityTaskManager     system_server                        I  START u0 {cmp=com.example.diverscan.activeid/.Inventory.ElegirUbicacion_TomaFisica (has extras)} from uid 10321
2026-05-15 14:58:34.854  1523-2585  ActivityTaskManager     system_server                        I  The Process com.example.diverscan.activeid Already Exists in BG. So sending its PID: 28922
2026-05-15 14:58:34.958 28922-28922 ElegirUbic...TomaFisica com.example.diverscan.activeid       I  RecibirToma{ID=6fcbd4bf-be34-4711-9ff3-a1eb546ab99e, Nombre=11 de mayo Prueba 2, Filtros={Razon=AC1C5EEC-52F1-481A-8947-A5B4E4950161, Edif=3FFA637C-7355-4106-9357-25D24E3EF368, Piso=57B469F8-0E8A-43E3-AEC0-5A81D7030B60, Ofi=2BDDBBF7-F844-49AB-A2CA-F03BEBF1040F}}
2026-05-15 14:58:34.967 28922-28922 ElegirUbic...TomaFisica com.example.diverscan.activeid       I  cargarTiposInventarios total=4
2026-05-15 14:58:34.984 28922-28922 ElegirUbic...TomaFisica com.example.diverscan.activeid       W  cargarEdificios fallback general total=65
2026-05-15 14:58:34.994 28922-28922 ElegirUbic...TomaFisica com.example.diverscan.activeid       W  cargarPisos fallback general total=77
2026-05-15 14:58:35.018 28922-28922 ElegirUbic...TomaFisica com.example.diverscan.activeid       W  cargarOficinas fallback general total=944
2026-05-15 14:58:35.023 28922-28922 ElegirUbic...TomaFisica com.example.diverscan.activeid       I  fillSpinnerOficina locked=2BDDBBF7-F844-49AB-A2CA-F03BEBF1040F matched=true total=944
2026-05-15 14:58:35.023 28922-28922 ElegirUbic...TomaFisica com.example.diverscan.activeid       I  cargarOficinas piso=57B469F8-0E8A-43E3-AEC0-5A81D7030B60 total=944
2026-05-15 14:58:35.023 28922-28922 ElegirUbic...TomaFisica com.example.diverscan.activeid       I  fillSpinnerPiso locked=57B469F8-0E8A-43E3-AEC0-5A81D7030B60 matched=true total=77
2026-05-15 14:58:35.023 28922-28922 ElegirUbic...TomaFisica com.example.diverscan.activeid       I  cargarPisos edificio=3FFA637C-7355-4106-9357-25D24E3EF368 total=77
2026-05-15 14:58:35.023 28922-28922 ElegirUbic...TomaFisica com.example.diverscan.activeid       I  fillSpinnerEdificio locked=3FFA637C-7355-4106-9357-25D24E3EF368 matched=true total=65
2026-05-15 14:58:35.023 28922-28922 ElegirUbic...TomaFisica com.example.diverscan.activeid       I  cargarEdificios compania=AC1C5EEC-52F1-481A-8947-A5B4E4950161 total=65
2026-05-15 14:58:35.023 28922-28922 ElegirUbic...TomaFisica com.example.diverscan.activeid       I  fillSpinnerRazon locked=AC1C5EEC-52F1-481A-8947-A5B4E4950161 matched=true total=4
2026-05-15 14:58:35.023 28922-28922 ElegirUbic...TomaFisica com.example.diverscan.activeid       I  cargarRazonesSociales total=4
2026-05-15 14:58:35.039 28922-28922 ElegirUbic...TomaFisica com.example.diverscan.activeid       W  cargarPisos fallback general total=77
2026-05-15 14:58:35.062 28922-28922 ElegirUbic...TomaFisica com.example.diverscan.activeid       W  cargarOficinas fallback general total=944
2026-05-15 14:58:35.066 28922-28922 ElegirUbic...TomaFisica com.example.diverscan.activeid       I  fillSpinnerOficina locked=2BDDBBF7-F844-49AB-A2CA-F03BEBF1040F matched=true total=944
2026-05-15 14:58:35.066 28922-28922 ElegirUbic...TomaFisica com.example.diverscan.activeid       I  cargarOficinas piso=57B469F8-0E8A-43E3-AEC0-5A81D7030B60 total=944
2026-05-15 14:58:35.066 28922-28922 ElegirUbic...TomaFisica com.example.diverscan.activeid       I  fillSpinnerPiso locked=57B469F8-0E8A-43E3-AEC0-5A81D7030B60 matched=true total=77
2026-05-15 14:58:35.066 28922-28922 ElegirUbic...TomaFisica com.example.diverscan.activeid       I  cargarPisos edificio=3FFA637C-7355-4106-9357-25D24E3EF368 total=77
2026-05-15 14:58:35.066 28922-28922 ElegirUbic...TomaFisica com.example.diverscan.activeid       I  fillSpinnerEdificio locked=3FFA637C-7355-4106-9357-25D24E3EF368 matched=true total=59
2026-05-15 14:58:35.066 28922-28922 ElegirUbic...TomaFisica com.example.diverscan.activeid       I  cargarEdificios compania=ac1c5eec-52f1-481a-8947-a5b4e4950161 total=59
2026-05-15 14:58:35.094 28922-28922 ElegirUbic...TomaFisica com.example.diverscan.activeid       W  cargarOficinas fallback general total=944
2026-05-15 14:58:35.097 28922-28922 ElegirUbic...TomaFisica com.example.diverscan.activeid       I  fillSpinnerOficina locked=2BDDBBF7-F844-49AB-A2CA-F03BEBF1040F matched=true total=944
2026-05-15 14:58:35.098 28922-28922 ElegirUbic...TomaFisica com.example.diverscan.activeid       I  cargarOficinas piso=57B469F8-0E8A-43E3-AEC0-5A81D7030B60 total=944
2026-05-15 14:58:35.098 28922-28922 ElegirUbic...TomaFisica com.example.diverscan.activeid       I  fillSpinnerPiso locked=57B469F8-0E8A-43E3-AEC0-5A81D7030B60 matched=true total=1
2026-05-15 14:58:35.098 28922-28922 ElegirUbic...TomaFisica com.example.diverscan.activeid       I  cargarPisos edificio=3ffa637c-7355-4106-9357-25d24e3ef368 total=1
2026-05-15 14:58:35.107 28922-28922 ElegirUbic...TomaFisica com.example.diverscan.activeid       I  fillSpinnerOficina locked=2BDDBBF7-F844-49AB-A2CA-F03BEBF1040F matched=true total=1
2026-05-15 14:58:35.107 28922-28922 ElegirUbic...TomaFisica com.example.diverscan.activeid       I  cargarOficinas piso=57b469f8-0e8a-43e3-aec0-5a81d7030b60 total=1
2026-05-15 14:58:35.107 28922-28922 RFID_SDK                com.example.diverscan.activeid       D  [LIFECYCLE] Reutilizando singleton RFID entre pantallas. initialized=true, readerConnected=true
2026-05-15 14:58:35.107 28922-28922 RFID_FLOW               com.example.diverscan.activeid       D  [ElegirUbicacion_TomaFisica] Sesion RFID enlazada a la pantalla. initialized=true, reconnect=false
2026-05-15 14:58:35.114 28922-28922 RFID_SDK                com.example.diverscan.activeid       D  [LIFECYCLE] Reutilizando singleton RFID entre pantallas. initialized=true, readerConnected=true
2026-05-15 14:58:35.114 28922-28922 RFID_FLOW               com.example.diverscan.activeid       D  [ElegirUbicacion_TomaFisica] Sesion RFID enlazada a la pantalla. initialized=true, reconnect=true
2026-05-15 14:58:35.115 28922-29177 RFID_FLOW               com.example.diverscan.activeid       D  [ElegirUbicacion_TomaFisica] Validando/reutilizando conexion RFID al volver a la pantalla.
2026-05-15 14:58:35.129  1523-2585  CoreBackPreview         system_server                        D  Window{148b46a u0 com.example.diverscan.activeid/com.example.diverscan.activeid.Inventory.ElegirUbicacion_TomaFisica}: Setting back callback OnBackInvokedCallbackInfo{mCallback=android.window.IOnBackInvokedCallback$Stub$Proxy@649d9f8, mPriority=0}
2026-05-15 14:58:35.266 28922-28965 OpenGLRenderer          com.example.diverscan.activeid       E  Unable to match the desired swap behavior.
2026-05-15 14:58:35.268 28922-29178 qdgralloc               com.example.diverscan.activeid       D  Imported handle: 0xb4000070626312a0 id: 1259
2026-05-15 14:58:35.268 28922-29178 qdgralloc               com.example.diverscan.activeid       D  GetTransportSize: num fds: 2 num ints: 23 err:0
2026-05-15 14:58:35.270 28922-29178 qdgralloc               com.example.diverscan.activeid       D  Imported handle: 0xb400007062631a80 id: 1260
2026-05-15 14:58:35.271 28922-29178 qdgralloc               com.example.diverscan.activeid       D  GetTransportSize: num fds: 2 num ints: 23 err:0
2026-05-15 14:58:35.272 28922-29178 qdgralloc               com.example.diverscan.activeid       D  Imported handle: 0xb4000070625e3ff0 id: 1261
2026-05-15 14:58:35.273 28922-29178 qdgralloc               com.example.diverscan.activeid       D  GetTransportSize: num fds: 2 num ints: 23 err:0
2026-05-15 14:58:35.373 28922-28965 Parcel                  com.example.diverscan.activeid       W  Expecting binder but got null!
2026-05-15 14:58:35.393  1523-1713  ActivityTaskManager     system_server                        I  Displayed com.example.diverscan.activeid/.Inventory.ElegirUbicacion_TomaFisica: +570ms
2026-05-15 14:58:35.541 17914-17914 GoogleInpu...hodService com...gle.android.inputmethod.latin  I  GoogleInputMethodService.onStartInput():1446 onStartInput(EditorInfo{EditorInfo{packageName=com.example.diverscan.activeid, inputType=0, inputTypeString=NULL, enableLearning=false, autoCorrection=false, autoComplete=false, imeOptions=0, privateImeOptions=null, actionName=UNSPECIFIED, actionLabel=null, initialSelStart=-1, initialSelEnd=-1, initialCapsMode=0, label=null, fieldId=-1, fieldName=null, extras=null, hintText=null, hintLocales=[]}}, false)
2026-05-15 14:58:37.742 28922-28922 ElegirUbic...TomaFisica com.example.diverscan.activeid       I  LeerInventarioManual context{TakeID=6fcbd4bf-be34-4711-9ff3-a1eb546ab99e, lockedRazon=AC1C5EEC-52F1-481A-8947-A5B4E4950161, lockedEdificio=3FFA637C-7355-4106-9357-25D24E3EF368, lockedPiso=57B469F8-0E8A-43E3-AEC0-5A81D7030B60, lockedOficina=2BDDBBF7-F844-49AB-A2CA-F03BEBF1040F, selRazon=ac1c5eec-52f1-481a-8947-a5b4e4950161, selEdificio=3ffa637c-7355-4106-9357-25d24e3ef368, selPiso=57b469f8-0e8a-43e3-aec0-5a81d7030b60, selOficina=2bddbbf7-f844-49ab-a2ca-f03bebf1040f}
2026-05-15 14:58:37.742 28922-28922 ElegirUbic...TomaFisica com.example.diverscan.activeid       I  LeerInventarioManual seleccionado oficina=2bddbbf7-f844-49ab-a2ca-f03bebf1040f tipoInventario=6fcbd4bf-be34-4711-9ff3-a1eb546ab99e
2026-05-15 14:58:37.789  1523-4064  ActivityTaskManager     system_server                        I  START u0 {cmp=com.example.diverscan.activeid/.Inventory.Lectura_Inventario (has extras)} from uid 10321
2026-05-15 14:58:37.804 28922-28922 RFID_FLOW               com.example.diverscan.activeid       D  [ElegirUbicacion_TomaFisica] onPause: se conserva la sesion RFID para la siguiente pantalla.
2026-05-15 14:58:37.805  1523-4064  ActivityTaskManager     system_server                        I  The Process com.example.diverscan.activeid Already Exists in BG. So sending its PID: 28922
2026-05-15 14:58:37.834 28922-28922 AudioTrack              com.example.diverscan.activeid       I  createTrack_l(50): AUDIO_OUTPUT_FLAG_FAST successful; frameCount 960 -> 960
2026-05-15 14:58:37.941 28922-28922 RFID_SDK                com.example.diverscan.activeid       D  [LIFECYCLE] Reutilizando singleton RFID entre pantallas. initialized=true, readerConnected=true
2026-05-15 14:58:37.941 28922-28922 RFID_FLOW               com.example.diverscan.activeid       D  [Lectura_Inventario] Sesion RFID enlazada a la pantalla. initialized=true, reconnect=false
2026-05-15 14:58:37.983 28922-28922 Lectura_Inventario      com.example.diverscan.activeid       I  Filtro por estado habilitado. Estados disponibles: 9
2026-05-15 14:58:37.987 28922-28922 RFID_SDK                com.example.diverscan.activeid       D  [LIFECYCLE] Reutilizando singleton RFID entre pantallas. initialized=true, readerConnected=true
2026-05-15 14:58:37.988 28922-28922 RFID_FLOW               com.example.diverscan.activeid       D  [Lectura_Inventario] Sesion RFID enlazada a la pantalla. initialized=true, reconnect=false
2026-05-15 14:58:37.988 28922-29185 RFID_FLOW               com.example.diverscan.activeid       D  [Lectura_Inventario] Validando/reutilizando conexion RFID al volver a la pantalla.
2026-05-15 14:58:37.988 28922-29185 RFID_FLOW               com.example.diverscan.activeid       D  [Lectura_Inventario] Resultado de validacion RFID: Conectado
2026-05-15 14:58:38.000  1523-4641  CoreBackPreview         system_server                        D  Window{781be04 u0 com.example.diverscan.activeid/com.example.diverscan.activeid.Inventory.Lectura_Inventario}: Setting back callback OnBackInvokedCallbackInfo{mCallback=android.window.IOnBackInvokedCallback$Stub$Proxy@ae96e22, mPriority=0}
2026-05-15 14:58:38.116 28922-28965 OpenGLRenderer          com.example.diverscan.activeid       E  Unable to match the desired swap behavior.
2026-05-15 14:58:38.117 28922-29186 qdgralloc               com.example.diverscan.activeid       D  Imported handle: 0xb4000070626321d0 id: 1266
2026-05-15 14:58:38.117 28922-29186 qdgralloc               com.example.diverscan.activeid       D  GetTransportSize: num fds: 2 num ints: 23 err:0
2026-05-15 14:58:38.119 28922-29186 qdgralloc               com.example.diverscan.activeid       D  Imported handle: 0xb40000706262b270 id: 1267
2026-05-15 14:58:38.119 28922-29186 qdgralloc               com.example.diverscan.activeid       D  GetTransportSize: num fds: 2 num ints: 23 err:0
2026-05-15 14:58:38.120 28922-29186 qdgralloc               com.example.diverscan.activeid       D  Imported handle: 0xb400007062633340 id: 1268
2026-05-15 14:58:38.121 28922-29186 qdgralloc               com.example.diverscan.activeid       D  GetTransportSize: num fds: 2 num ints: 23 err:0
2026-05-15 14:58:38.171 28922-28965 Parcel                  com.example.diverscan.activeid       W  Expecting binder but got null!
2026-05-15 14:58:38.191  1523-1713  ActivityTaskManager     system_server                        I  Displayed com.example.diverscan.activeid/.Inventory.Lectura_Inventario: +398ms
2026-05-15 14:58:38.280 28922-28922 Lectura_Inventario      com.example.diverscan.activeid       I  Filtro estado seleccionado: Todos (00000000-0000-0000-0000-000000000000), activos: 40
2026-05-15 14:58:38.337 17914-17914 GoogleInpu...hodService com...gle.android.inputmethod.latin  I  GoogleInputMethodService.onStartInput():1446 onStartInput(EditorInfo{EditorInfo{packageName=com.example.diverscan.activeid, inputType=0, inputTypeString=NULL, enableLearning=false, autoCorrection=false, autoComplete=false, imeOptions=0, privateImeOptions=null, actionName=UNSPECIFIED, actionLabel=null, initialSelStart=-1, initialSelEnd=-1, initialCapsMode=0, label=null, fieldId=-1, fieldName=null, extras=null, hintText=null, hintLocales=[]}}, false)
2026-05-15 14:58:42.312  1523-4064  NotificationService     system_server                        W  Toast already killed. pkg=com.example.diverscan.activeid token=android.os.BinderProxy@1462cd0
2026-05-15 14:58:53.873 28922-29088 RFID_SAMPLE             com.example.diverscan.activeid       D  Status Notification 1: HANDHELD_TRIGGER_EVENT
2026-05-15 14:58:53.985 28922-29088 RFID_SAMPLE             com.example.diverscan.activeid       D  Tag ID 800474453080000000017961
2026-05-15 14:58:54.100 28922-29088 RFID_SAMPLE             com.example.diverscan.activeid       D  Status Notification 1: HANDHELD_TRIGGER_EVENT
2026-05-15 14:58:54.198 28922-29184 AudioTrack              com.example.diverscan.activeid       D  stop(41): called with 1344 frames delivered
2026-05-15 14:59:15.981 28922-29088 RFID_SAMPLE             com.example.diverscan.activeid       D  Status Notification 1: HANDHELD_TRIGGER_EVENT
2026-05-15 14:59:16.167 28922-29088 RFID_SAMPLE             com.example.diverscan.activeid       D  Tag ID 800307520000004200049899
2026-05-15 14:59:16.178 28922-29088 RFID_SAMPLE             com.example.diverscan.activeid       D  Tag ID 800307520000004200049899
2026-05-15 14:59:16.178 28922-29088 RFID_SAMPLE             com.example.diverscan.activeid       D  eventReadNotify: batch anterior aún en proceso, descartando evento (1 tags)
2026-05-15 14:59:16.191 28922-29088 RFID_SAMPLE             com.example.diverscan.activeid       D  Tag ID 800307520000004200049899
2026-05-15 14:59:16.191 28922-29088 RFID_SAMPLE             com.example.diverscan.activeid       D  eventReadNotify: batch anterior aún en proceso, descartando evento (1 tags)
2026-05-15 14:59:16.209 28922-29088 RFID_SAMPLE             com.example.diverscan.activeid       D  Tag ID 800307520000004200049899
2026-05-15 14:59:16.209 28922-29088 RFID_SAMPLE             com.example.diverscan.activeid       D  eventReadNotify: batch anterior aún en proceso, descartando evento (1 tags)
2026-05-15 14:59:16.218 28922-29088 RFID_SAMPLE             com.example.diverscan.activeid       D  Tag ID 800307520000004200049899
2026-05-15 14:59:16.218 28922-29088 RFID_SAMPLE             com.example.diverscan.activeid       D  eventReadNotify: batch anterior aún en proceso, descartando evento (1 tags)
2026-05-15 14:59:16.233 28922-29088 RFID_SAMPLE             com.example.diverscan.activeid       D  Tag ID 800307520000004200049899
2026-05-15 14:59:16.243 28922-29088 RFID_SAMPLE             com.example.diverscan.activeid       D  Tag ID 800307520000004200049899
2026-05-15 14:59:16.254 28922-29088 RFID_SAMPLE             com.example.diverscan.activeid       D  Tag ID 800307520000004200049899
2026-05-15 14:59:16.264 28922-29088 RFID_SAMPLE             com.example.diverscan.activeid       D  Tag ID 800307520000004200049899
2026-05-15 14:59:16.275 28922-29088 RFID_SAMPLE             com.example.diverscan.activeid       D  Tag ID 800307520000004200049899
2026-05-15 14:59:16.286 28922-29088 RFID_SAMPLE             com.example.diverscan.activeid       D  Tag ID 800307520000004200049899
2026-05-15 14:59:16.299 28922-29088 RFID_SAMPLE             com.example.diverscan.activeid       D  Tag ID 800307520000004200049899
2026-05-15 14:59:16.317 28922-29184 AudioTrack              com.example.diverscan.activeid       D  stop(41): called with 1344 frames delivered
2026-05-15 14:59:16.324 28922-29088 RFID_SAMPLE             com.example.diverscan.activeid       D  Tag ID 800307520000004200049899
2026-05-15 14:59:16.326 28922-29088 RFID_SAMPLE             com.example.diverscan.activeid       D  Tag ID 800307520000004200049899
2026-05-15 14:59:16.331 28922-29088 RFID_SAMPLE             com.example.diverscan.activeid       D  Tag ID 800307520000004200049899
2026-05-15 14:59:16.336 28922-29088 RFID_SAMPLE             com.example.diverscan.activeid       D  Status Notification 1: HANDHELD_TRIGGER_EVENT
2026-05-15 14:59:16.356 28922-29088 RFID_SAMPLE             com.example.diverscan.activeid       D  Tag ID 800307520000004200049899
2026-05-15 14:59:18.293 28922-29088 RFID_SAMPLE             com.example.diverscan.activeid       D  Status Notification 1: HANDHELD_TRIGGER_EVENT
2026-05-15 14:59:18.386 28922-29088 RFID_SAMPLE             com.example.diverscan.activeid       D  Tag ID 800307520000004200049899
2026-05-15 14:59:18.402 28922-29088 RFID_SAMPLE             com.example.diverscan.activeid       D  Tag ID 800307520000004200049899
2026-05-15 14:59:18.414 28922-29088 RFID_SAMPLE             com.example.diverscan.activeid       D  Tag ID 800307520000004200049899
2026-05-15 14:59:18.425 28922-29088 RFID_SAMPLE             com.example.diverscan.activeid       D  Tag ID 800307520000004200049899
2026-05-15 14:59:18.435 28922-29088 RFID_SAMPLE             com.example.diverscan.activeid       D  Tag ID 800307520000004200049899
2026-05-15 14:59:18.448 28922-29088 RFID_SAMPLE             com.example.diverscan.activeid       D  Tag ID 800307520000004200049899
2026-05-15 14:59:18.458 28922-29088 RFID_SAMPLE             com.example.diverscan.activeid       D  Tag ID 800307520000004200049899
2026-05-15 14:59:18.469 28922-29088 RFID_SAMPLE             com.example.diverscan.activeid       D  Tag ID 800307520000004200049899
2026-05-15 14:59:18.481 28922-29088 RFID_SAMPLE             com.example.diverscan.activeid       D  Tag ID 800307520000004200049899
2026-05-15 14:59:18.493 28922-29088 RFID_SAMPLE             com.example.diverscan.activeid       D  Tag ID 800307520000004200049899
2026-05-15 14:59:18.501 28922-29088 RFID_SAMPLE             com.example.diverscan.activeid       D  Tag ID 800307520000004200049899
2026-05-15 14:59:18.515 28922-29088 RFID_SAMPLE             com.example.diverscan.activeid       D  Tag ID 800307520000004200049899
2026-05-15 14:59:18.527 28922-29088 RFID_SAMPLE             com.example.diverscan.activeid       D  Tag ID 800307520000004200049899
2026-05-15 14:59:18.528 28922-29088 RFID_SAMPLE             com.example.diverscan.activeid       D  Status Notification 1: HANDHELD_TRIGGER_EVENT
2026-05-15 14:59:18.535 28922-29088 RFID_SAMPLE             com.example.diverscan.activeid       D  Tag ID 800307520000004200049899
2026-05-15 14:59:18.553 28922-29088 RFID_SAMPLE             com.example.diverscan.activeid       D  Tag ID 800307520000004200049899
2026-05-15 14:59:18.553 28922-29088 RFID_SAMPLE             com.example.diverscan.activeid       D  eventReadNotify: batch anterior aún en proceso, descartando evento (1 tags)
2026-05-15 14:59:18.565 28922-29088 RFID_SAMPLE             com.example.diverscan.activeid       D  Tag ID 800307520000004200049899
2026-05-15 14:59:18.565 28922-29088 RFID_SAMPLE             com.example.diverscan.activeid       D  eventReadNotify: batch anterior aún en proceso, descartando evento (1 tags)
2026-05-15 14:59:20.512 28922-29088 RFID_SAMPLE             com.example.diverscan.activeid       D  Status Notification 1: HANDHELD_TRIGGER_EVENT
2026-05-15 14:59:20.642 28922-29088 RFID_SAMPLE             com.example.diverscan.activeid       D  Tag ID 800474453080000000017961
2026-05-15 14:59:20.675 28922-29088 RFID_SAMPLE             com.example.diverscan.activeid       D  Tag ID 800474453080000000017961
2026-05-15 14:59:20.675 28922-29088 RFID_SAMPLE             com.example.diverscan.activeid       D  Tag ID 800474453080000000017961
2026-05-15 14:59:20.686 28922-29088 RFID_SAMPLE             com.example.diverscan.activeid       D  Tag ID 800474453080000000017961
2026-05-15 14:59:20.696 28922-29088 RFID_SAMPLE             com.example.diverscan.activeid       D  Tag ID 800474453080000000017961
2026-05-15 14:59:20.708 28922-29088 RFID_SAMPLE             com.example.diverscan.activeid       D  Tag ID 800474453080000000017961
2026-05-15 14:59:20.762 28922-29088 RFID_SAMPLE             com.example.diverscan.activeid       D  Tag ID 800474453080000000017961
2026-05-15 14:59:20.763 28922-29088 RFID_SAMPLE             com.example.diverscan.activeid       D  Tag ID 800474453080000000017961
2026-05-15 14:59:20.763 28922-29088 RFID_SAMPLE             com.example.diverscan.activeid       D  Tag ID 800474453080000000017961
2026-05-15 14:59:20.764 28922-29088 RFID_SAMPLE             com.example.diverscan.activeid       D  Tag ID 800474453080000000017961
2026-05-15 14:59:20.764 28922-29088 RFID_SAMPLE             com.example.diverscan.activeid       D  eventReadNotify: batch anterior aún en proceso, descartando evento (1 tags)
2026-05-15 14:59:20.769 28922-29088 RFID_SAMPLE             com.example.diverscan.activeid       D  Tag ID 800474453080000000017961
2026-05-15 14:59:20.770 28922-29088 RFID_SAMPLE             com.example.diverscan.activeid       D  Status Notification 1: HANDHELD_TRIGGER_EVENT
2026-05-15 14:59:20.776 28922-29088 RFID_SAMPLE             com.example.diverscan.activeid       D  Tag ID 800474453080000000017961
2026-05-15 14:59:20.791 28922-29088 RFID_SAMPLE             com.example.diverscan.activeid       D  Tag ID 800474453080000000017961
2026-05-15 14:59:20.792 28922-29088 RFID_SAMPLE             com.example.diverscan.activeid       D  eventReadNotify: batch anterior aún en proceso, descartando evento (1 tags)
2026-05-15 14:59:37.824 28922-28922 Lectura_Inventario      com.example.diverscan.activeid       I  GuardarResultados idTake=6fcbd4bf-be34-4711-9ff3-a1eb546ab99e, tipoInventarioUI=6fcbd4bf-be34-4711-9ff3-a1eb546ab99e, idTipoInventarioSubtoma=6fcbd4bf-be34-4711-9ff3-a1eb546ab99e
2026-05-15 14:59:37.886  1523-2585  CoreBackPreview         system_server                        D  Window{b9aeb3e u0 com.example.diverscan.activeid/com.example.diverscan.activeid.Inventory.Lectura_Inventario}: Setting back callback OnBackInvokedCallbackInfo{mCallback=android.window.IOnBackInvokedCallback$Stub$Proxy@507fdd8, mPriority=0}
2026-05-15 14:59:37.909 28922-28965 OpenGLRenderer          com.example.diverscan.activeid       E  Unable to match the desired swap behavior.
2026-05-15 14:59:37.910 28922-29233 qdgralloc               com.example.diverscan.activeid       D  Imported handle: 0xb40000706263a690 id: 1276
2026-05-15 14:59:37.910 28922-29233 qdgralloc               com.example.diverscan.activeid       D  GetTransportSize: num fds: 2 num ints: 23 err:0
2026-05-15 14:59:37.910 28922-29233 qdgralloc               com.example.diverscan.activeid       D  Imported handle: 0xb40000706263ae70 id: 1277
2026-05-15 14:59:37.910 28922-29233 qdgralloc               com.example.diverscan.activeid       D  GetTransportSize: num fds: 2 num ints: 23 err:0
2026-05-15 14:59:37.910 28922-29233 qdgralloc               com.example.diverscan.activeid       D  Imported handle: 0xb400007062620d10 id: 1278
2026-05-15 14:59:37.911 28922-29233 qdgralloc               com.example.diverscan.activeid       D  GetTransportSize: num fds: 2 num ints: 23 err:0
2026-05-15 14:59:37.922 28922-28965 Parcel                  com.example.diverscan.activeid       W  Expecting binder but got null!
2026-05-15 14:59:37.964  1523-2585  CoreBackPreview         system_server                        D  Window{b9aeb3e u0 com.example.diverscan.activeid/com.example.diverscan.activeid.Inventory.Lectura_Inventario}: Setting back callback null
2026-05-15 14:59:37.969  1523-2585  InputManager-JNI        system_server                        W  Input channel object 'b9aeb3e com.example.diverscan.activeid/com.example.diverscan.activeid.Inventory.Lectura_Inventario (client)' was disposed without first being removed with the input manager!
2026-05-15 14:59:38.016 17914-17914 GoogleInpu...hodService com...gle.android.inputmethod.latin  I  GoogleInputMethodService.onStartInput():1446 onStartInput(EditorInfo{EditorInfo{packageName=com.example.diverscan.activeid, inputType=0, inputTypeString=NULL, enableLearning=false, autoCorrection=false, autoComplete=false, imeOptions=0, privateImeOptions=null, actionName=UNSPECIFIED, actionLabel=null, initialSelStart=-1, initialSelEnd=-1, initialCapsMode=0, label=null, fieldId=-1, fieldName=null, extras=null, hintText=null, hintLocales=[]}}, false)
2026-05-15 14:59:40.686 28922-29184 AudioTrack              com.example.diverscan.activeid       D  stop(41): called with 1344 frames delivered
2026-05-15 14:59:40.722  1523-2585  CoreBackPreview         system_server                        D  Window{13434c u0 com.example.diverscan.activeid/com.example.diverscan.activeid.Inventory.Lectura_Inventario}: Setting back callback OnBackInvokedCallbackInfo{mCallback=android.window.IOnBackInvokedCallback$Stub$Proxy@a0a6576, mPriority=0}
2026-05-15 14:59:40.742 28922-28965 OpenGLRenderer          com.example.diverscan.activeid       E  Unable to match the desired swap behavior.
2026-05-15 14:59:40.744 28922-29238 qdgralloc               com.example.diverscan.activeid       D  Imported handle: 0xb400007062620140 id: 1280
2026-05-15 14:59:40.744 28922-29238 qdgralloc               com.example.diverscan.activeid       D  GetTransportSize: num fds: 2 num ints: 23 err:0
2026-05-15 14:59:40.745 28922-29238 qdgralloc               com.example.diverscan.activeid       D  Imported handle: 0xb400007062621b20 id: 1281
2026-05-15 14:59:40.745 28922-29238 qdgralloc               com.example.diverscan.activeid       D  GetTransportSize: num fds: 2 num ints: 23 err:0
2026-05-15 14:59:40.746 28922-29238 qdgralloc               com.example.diverscan.activeid       D  Imported handle: 0xb40000706261ce10 id: 1282
2026-05-15 14:59:40.746 28922-29238 qdgralloc               com.example.diverscan.activeid       D  GetTransportSize: num fds: 2 num ints: 23 err:0
2026-05-15 14:59:40.755 28922-28965 Parcel                  com.example.diverscan.activeid       W  Expecting binder but got null!
2026-05-15 14:59:41.468 28922-28922 VRI[Lectura_Inventario] com.example.diverscan.activeid       D  updatePointerIcon called with position out of bounds
2026-05-15 14:59:41.472 28922-28922 VRI[Lectura_Inventario] com.example.diverscan.activeid       D  updatePointerIcon called with position out of bounds
2026-05-15 14:59:42.317  1523-2585  CoreBackPreview         system_server                        D  Window{13434c u0 com.example.diverscan.activeid/com.example.diverscan.activeid.Inventory.Lectura_Inventario}: Setting back callback null
2026-05-15 14:59:42.322 28922-28965 OpenGLRenderer          com.example.diverscan.activeid       D  endAllActiveAnimators on 0xb4000071027e4840 (RippleDrawable) with handle 0xb400007012659bf0
2026-05-15 14:59:42.327  1523-2585  InputManager-JNI        system_server                        W  Input channel object '13434c com.example.diverscan.activeid/com.example.diverscan.activeid.Inventory.Lectura_Inventario (client)' was disposed without first being removed with the input manager!
2026-05-15 14:59:42.350 28922-28922 RFID_FLOW               com.example.diverscan.activeid       D  [Lectura_Inventario] onPause: se conserva la sesion RFID para otras pantallas.
2026-05-15 14:59:42.372 28922-28922 RFID_SDK                com.example.diverscan.activeid       D  [LIFECYCLE] Reutilizando singleton RFID entre pantallas. initialized=true, readerConnected=true
2026-05-15 14:59:42.372 28922-28922 RFID_FLOW               com.example.diverscan.activeid       D  [ElegirUbicacion_TomaFisica] Sesion RFID enlazada a la pantalla. initialized=true, reconnect=true
2026-05-15 14:59:42.378 28922-29243 RFID_FLOW               com.example.diverscan.activeid       D  [ElegirUbicacion_TomaFisica] Validando/reutilizando conexion RFID al volver a la pantalla.
2026-05-15 14:59:42.400 28922-28965 OpenGLRenderer          com.example.diverscan.activeid       E  Unable to match the desired swap behavior.
2026-05-15 14:59:42.402 28922-29244 qdgralloc               com.example.diverscan.activeid       D  Imported handle: 0xb40000706263d030 id: 1284
2026-05-15 14:59:42.402 28922-29244 qdgralloc               com.example.diverscan.activeid       D  GetTransportSize: num fds: 2 num ints: 23 err:0
2026-05-15 14:59:42.402 28922-29244 qdgralloc               com.example.diverscan.activeid       D  Imported handle: 0xb400007062620770 id: 1285
2026-05-15 14:59:42.403 28922-29244 qdgralloc               com.example.diverscan.activeid       D  GetTransportSize: num fds: 2 num ints: 23 err:0
2026-05-15 14:59:42.405 28922-29244 qdgralloc               com.example.diverscan.activeid       D  Imported handle: 0xb40000706260c250 id: 1286
2026-05-15 14:59:42.405 28922-29244 qdgralloc               com.example.diverscan.activeid       D  GetTransportSize: num fds: 2 num ints: 23 err:0
2026-05-15 14:59:42.522 17914-17914 GoogleInpu...hodService com...gle.android.inputmethod.latin  I  GoogleInputMethodService.onStartInput():1446 onStartInput(EditorInfo{EditorInfo{packageName=com.example.diverscan.activeid, inputType=0, inputTypeString=NULL, enableLearning=false, autoCorrection=false, autoComplete=false, imeOptions=0, privateImeOptions=null, actionName=UNSPECIFIED, actionLabel=null, initialSelStart=-1, initialSelEnd=-1, initialCapsMode=0, label=null, fieldId=-1, fieldName=null, extras=null, hintText=null, hintLocales=[]}}, false)
2026-05-15 14:59:42.995  1523-4381  CoreBackPreview         system_server                        D  Window{781be04 u0 com.example.diverscan.activeid/com.example.diverscan.activeid.Inventory.Lectura_Inventario}: Setting back callback null
2026-05-15 14:59:43.002  1523-4381  InputManager-JNI        system_server                        W  Input channel object '781be04 com.example.diverscan.activeid/com.example.diverscan.activeid.Inventory.Lectura_Inventario (client)' was disposed without first being removed with the input manager!
2026-05-15 14:59:43.861  1523-4641  ActivityTaskManager     system_server                        I  START u0 {act=android.intent.action.MAIN cat=[android.intent.category.LAUNCHER] cmp=com.example.diverscan.activeid/.Main.MainActivity} from uid 10321
2026-05-15 14:59:43.875 28922-28922 RFID_FLOW               com.example.diverscan.activeid       D  [ElegirUbicacion_TomaFisica] onPause: se conserva la sesion RFID para la siguiente pantalla.
2026-05-15 14:59:43.878  1523-4641  ActivityTaskManager     system_server                        I  The Process com.example.diverscan.activeid Already Exists in BG. So sending its PID: 28922
2026-05-15 14:59:43.892  1523-4070  CoreBackPreview         system_server                        D  Window{c79513 u0 com.example.diverscan.activeid/com.example.diverscan.activeid.Inventory.Cargar_Toma_Fisica}: Setting back callback null
2026-05-15 14:59:43.899  1523-4070  InputManager-JNI        system_server                        W  Input channel object 'c79513 com.example.diverscan.activeid/com.example.diverscan.activeid.Inventory.Cargar_Toma_Fisica (client)' was disposed without first being removed with the input manager!
2026-05-15 14:59:43.908  1523-1728  UsageStatsService       system_server                        W  Unexpected activity event reported! (com.example.diverscan.activeid/com.example.diverscan.activeid.Inventory.Cargar_Toma_Fisica event : 23 instanceId : 181856375)
2026-05-15 14:59:43.913  1523-4641  CoreBackPreview         system_server                        D  Window{cb66ad8 u0 com.example.diverscan.activeid/com.example.diverscan.activeid.Main.MainActivity}: Setting back callback null
2026-05-15 14:59:43.914  1523-4641  InputManager-JNI        system_server                        W  Input channel object 'cb66ad8 com.example.diverscan.activeid/com.example.diverscan.activeid.Main.MainActivity (client)' was disposed without first being removed with the input manager!
2026-05-15 14:59:43.931  1523-1728  UsageStatsService       system_server                        W  Unexpected activity event reported! (com.example.diverscan.activeid/com.example.diverscan.activeid.Main.MainActivity event : 23 instanceId : 74965952)
2026-05-15 14:59:44.031  1523-4067  CoreBackPreview         system_server                        D  Window{ab0d337 u0 com.example.diverscan.activeid/com.example.diverscan.activeid.Main.MainActivity}: Setting back callback OnBackInvokedCallbackInfo{mCallback=android.window.IOnBackInvokedCallback$Stub$Proxy@c3fce0d, mPriority=0}
2026-05-15 14:59:44.080 28922-28965 OpenGLRenderer          com.example.diverscan.activeid       E  Unable to match the desired swap behavior.
2026-05-15 14:59:44.083 28922-29250 qdgralloc               com.example.diverscan.activeid       D  Imported handle: 0xb400007062630fd0 id: 1292
2026-05-15 14:59:44.083 28922-29250 qdgralloc               com.example.diverscan.activeid       D  GetTransportSize: num fds: 2 num ints: 23 err:0
2026-05-15 14:59:44.085 28922-29250 qdgralloc               com.example.diverscan.activeid       D  Imported handle: 0xb400007062633070 id: 1293
2026-05-15 14:59:44.086 28922-29250 qdgralloc               com.example.diverscan.activeid       D  GetTransportSize: num fds: 2 num ints: 23 err:0
2026-05-15 14:59:44.087 28922-29250 qdgralloc               com.example.diverscan.activeid       D  Imported handle: 0xb400007062633f10 id: 1294
2026-05-15 14:59:44.087 28922-29250 qdgralloc               com.example.diverscan.activeid       D  GetTransportSize: num fds: 2 num ints: 23 err:0
2026-05-15 14:59:44.166 28922-28965 Parcel                  com.example.diverscan.activeid       W  Expecting binder but got null!
2026-05-15 14:59:44.187  1523-1713  ActivityTaskManager     system_server                        I  Displayed com.example.diverscan.activeid/.Main.MainActivity: +321ms
2026-05-15 14:59:44.333 17914-17914 GoogleInpu...hodService com...gle.android.inputmethod.latin  I  GoogleInputMethodService.onStartInput():1446 onStartInput(EditorInfo{EditorInfo{packageName=com.example.diverscan.activeid, inputType=0, inputTypeString=NULL, enableLearning=false, autoCorrection=false, autoComplete=false, imeOptions=0, privateImeOptions=null, actionName=UNSPECIFIED, actionLabel=null, initialSelStart=-1, initialSelEnd=-1, initialCapsMode=0, label=null, fieldId=-1, fieldName=null, extras=null, hintText=null, hintLocales=[]}}, false)
2026-05-15 14:59:44.742  1523-2038  CoreBackPreview         system_server                        D  Window{148b46a u0 com.example.diverscan.activeid/com.example.diverscan.activeid.Inventory.ElegirUbicacion_TomaFisica}: Setting back callback null
2026-05-15 14:59:44.747  1523-2038  InputManager-JNI        system_server                        W  Input channel object '148b46a com.example.diverscan.activeid/com.example.diverscan.activeid.Inventory.ElegirUbicacion_TomaFisica (client)' was disposed without first being removed with the input manager!
2026-05-15 14:59:47.450  1523-4067  ActivityTaskManager     system_server                        I  START u0 {cmp=com.example.diverscan.activeid/.GeneralTag.ConfiguracionAntena} from uid 10321
2026-05-15 14:59:47.500  1523-1990  InputDispatcher         system_server                        I  Not sending touch event to ab0d337 com.example.diverscan.activeid/com.example.diverscan.activeid.Main.MainActivity because it is paused
2026-05-15 14:59:47.516  1523-1990  InputDispatcher         system_server                        I  Not sending touch event to ab0d337 com.example.diverscan.activeid/com.example.diverscan.activeid.Main.MainActivity because it is paused
2026-05-15 14:59:47.531  1523-4067  ActivityTaskManager     system_server                        I  The Process com.example.diverscan.activeid Already Exists in BG. So sending its PID: 28922
2026-05-15 14:59:47.557  1523-1990  InputDispatcher         system_server                        I  Not sending touch event to ab0d337 com.example.diverscan.activeid/com.example.diverscan.activeid.Main.MainActivity because it is paused
2026-05-15 14:59:47.562  1523-1990  InputDispatcher         system_server                        I  Not sending touch event to ab0d337 com.example.diverscan.activeid/com.example.diverscan.activeid.Main.MainActivity because it is paused
2026-05-15 14:59:47.627 28922-28922 RFID_UI                 com.example.diverscan.activeid       I  [APERTURA] ConfiguracionAntena abierta desde onCreate | fechaHora=2026-05-15 14:59:47.626 | epochMs=1778878787627
2026-05-15 14:59:47.627 28922-28922 RFID_UI                 com.example.diverscan.activeid       D  [VIEW] Abriendo ConfiguracionAntena para validacion de SDK RFID y lectura RFID.
2026-05-15 14:59:47.628 28922-28922 RFID_UI                 com.example.diverscan.activeid       D  [VIEW] Instancia TagWriter obtenida. Iniciando flujo de validacion RFID.
2026-05-15 14:59:47.628 28922-28922 RFID_SDK                com.example.diverscan.activeid       D  [LIFECYCLE] Reutilizando singleton RFID entre pantallas. initialized=true, readerConnected=true
2026-05-15 14:59:47.628 28922-28922 RFID_UI                 com.example.diverscan.activeid       D  [VIEW] Potencia RFID inicial leida desde preferencias: 80
2026-05-15 14:59:47.631 28922-29208 RFID_UI                 com.example.diverscan.activeid       D  [VIEW] Solicitando al SDK la lista de lectores RFID disponibles. intento=1
2026-05-15 14:59:47.636 28922-28922 RFID_UI                 com.example.diverscan.activeid       I  [APERTURA] ConfiguracionAntena abierta desde onPostResume | fechaHora=2026-05-15 14:59:47.634 | epochMs=1778878787636
2026-05-15 14:59:47.636 28922-29256 RFID_UI                 com.example.diverscan.activeid       D  [VIEW] onPostResume: validando reconexion del lector RFID.
2026-05-15 14:59:47.637 28922-29256 RFID_UI                 com.example.diverscan.activeid       D  [VIEW] onPostResume: resultado de reconexion RFID = Conectado
2026-05-15 14:59:47.645 28922-29208 protocol val is         com.example.diverscan.activeid       E  ASCII
2026-05-15 14:59:47.646  1523-2038  CoreBackPreview         system_server                        D  Window{33bf56e u0 com.example.diverscan.activeid/com.example.diverscan.activeid.GeneralTag.ConfiguracionAntena}: Setting back callback OnBackInvokedCallbackInfo{mCallback=android.window.IOnBackInvokedCallback$Stub$Proxy@4b3ec9c, mPriority=0}
2026-05-15 14:59:47.659 28922-29208 RFID_SDK                com.example.diverscan.activeid       D  [VALIDACION] Lector RFID detectado por el SDK: RFD850020307520101078
2026-05-15 14:59:47.659 28922-29208 RFID_SDK                com.example.diverscan.activeid       D  [VALIDACION] getAvailableReaderNames: 1 lectores RFID encontrados usando transporte BLUETOOTH.
2026-05-15 14:59:47.680 28922-28965 OpenGLRenderer          com.example.diverscan.activeid       E  Unable to match the desired swap behavior.
2026-05-15 14:59:47.684 28922-29257 qdgralloc               com.example.diverscan.activeid       D  Imported handle: 0xb4000070626471a0 id: 1299
2026-05-15 14:59:47.684 28922-29257 qdgralloc               com.example.diverscan.activeid       D  GetTransportSize: num fds: 2 num ints: 23 err:0
2026-05-15 14:59:47.686 28922-29257 qdgralloc               com.example.diverscan.activeid       D  Imported handle: 0xb4000070626473e0 id: 1300
2026-05-15 14:59:47.687 28922-29257 qdgralloc               com.example.diverscan.activeid       D  GetTransportSize: num fds: 2 num ints: 23 err:0
2026-05-15 14:59:47.691 28922-29257 qdgralloc               com.example.diverscan.activeid       D  Imported handle: 0xb4000070626480d0 id: 1301
2026-05-15 14:59:47.691 28922-29257 qdgralloc               com.example.diverscan.activeid       D  GetTransportSize: num fds: 2 num ints: 23 err:0
2026-05-15 14:59:47.710 28922-28965 Parcel                  com.example.diverscan.activeid       W  Expecting binder but got null!
2026-05-15 14:59:47.720  1523-1713  ActivityTaskManager     system_server                        I  Displayed com.example.diverscan.activeid/.GeneralTag.ConfiguracionAntena: +267ms
2026-05-15 14:59:47.742 28922-28922 RFID_UI                 com.example.diverscan.activeid       D  [VIEW] Lectores RFID encontrados para la vista: 1 -> [RFD850020307520101078]
2026-05-15 14:59:47.765 28922-28922 RFID_UI                 com.example.diverscan.activeid       D  [VIEW] Lector RFID seleccionado en vista: RFD850020307520101078
2026-05-15 14:59:47.765 28922-28922 RFID_SDK                com.example.diverscan.activeid       D  Cambiando readerName a: RFD850020307520101078
2026-05-15 14:59:47.766 28922-29208 RFID_UI                 com.example.diverscan.activeid       D  [VIEW] Iniciando intento de conexion RFID desde la vista.
2026-05-15 14:59:47.778 28922-28922 RFID_UI                 com.example.diverscan.activeid       D  [VIEW] Resultado de conexion RFID: Conectado
2026-05-15 14:59:47.871 17914-17914 GoogleInpu...hodService com...gle.android.inputmethod.latin  I  GoogleInputMethodService.onStartInput():1446 onStartInput(EditorInfo{EditorInfo{packageName=com.example.diverscan.activeid, inputType=0, inputTypeString=NULL, enableLearning=false, autoCorrection=false, autoComplete=false, imeOptions=0, privateImeOptions=null, actionName=UNSPECIFIED, actionLabel=null, initialSelStart=-1, initialSelEnd=-1, initialCapsMode=0, label=null, fieldId=-1, fieldName=null, extras=null, hintText=null, hintLocales=[]}}, false)
2026-05-15 14:59:49.260 28922-28922 RFID_UI                 com.example.diverscan.activeid       D  [VIEW] Aplicando potencia RFID seleccionada. indice=235
2026-05-15 14:59:49.262 28922-29261 RFID_SAMPLE             com.example.diverscan.activeid       D  setAntennaPower 235
2026-05-15 14:59:50.380 28922-28922 RFID_UI                 com.example.diverscan.activeid       D  [VIEW] Aplicando potencia RFID seleccionada. indice=300
2026-05-15 14:59:50.381 28922-29262 RFID_SAMPLE             com.example.diverscan.activeid       D  setAntennaPower 300
2026-05-15 14:59:51.858  1523-4640  NotificationService     system_server                        W  Toast already killed. pkg=com.example.diverscan.activeid token=android.os.BinderProxy@dda98e8
2026-05-15 14:59:54.414  1523-4641  NotificationService     system_server                        W  Toast already killed. pkg=com.example.diverscan.activeid token=android.os.BinderProxy@80828df
2026-05-15 14:59:54.718 28922-28922 RFID_UI                 com.example.diverscan.activeid       D  [VIEW] Reiniciando resultados de lectura RFID en pantalla.
2026-05-15 14:59:54.724 28922-28922 RFID_UI                 com.example.diverscan.activeid       D  [VIEW] Iniciando prueba de lectura RFID continua.
2026-05-15 14:59:54.872 28922-29088 RFID_SAMPLE             com.example.diverscan.activeid       D  Tag ID 000000000000000000020844
2026-05-15 14:59:54.875 28922-29208 RFID_UI                 com.example.diverscan.activeid       D  [VIEW] Batch de lectura RFID recibido. Cantidad de tags: 1
2026-05-15 14:59:54.875 28922-29208 RFID_SDK                com.example.diverscan.activeid       D  [TAG] EPC: 000000000000000000020844
2026-05-15 14:59:54.904 28922-29088 RFID_SAMPLE             com.example.diverscan.activeid       D  Tag ID E28011700000021762C1A3B9
2026-05-15 14:59:54.904 28922-29088 RFID_SAMPLE             com.example.diverscan.activeid       D  Tag ID 34164471C4000000000032FC
2026-05-15 14:59:54.904 28922-29088 RFID_SAMPLE             com.example.diverscan.activeid       D  Tag ID 34164471C400000000002878
2026-05-15 14:59:54.905 28922-29208 RFID_UI                 com.example.diverscan.activeid       D  [VIEW] Batch de lectura RFID recibido. Cantidad de tags: 3
2026-05-15 14:59:54.905 28922-29208 RFID_SDK                com.example.diverscan.activeid       D  [TAG] EPC: E28011700000021762C1A3B9
2026-05-15 14:59:54.905 28922-29208 RFID_SDK                com.example.diverscan.activeid       D  [TAG] EPC: 34164471C4000000000032FC
2026-05-15 14:59:54.905 28922-29208 RFID_SDK                com.example.diverscan.activeid       D  [TAG] EPC: 34164471C400000000002878
2026-05-15 14:59:54.940 28922-29088 RFID_SAMPLE             com.example.diverscan.activeid       D  Tag ID E28011700000021762C1A3C9
2026-05-15 14:59:54.941 28922-29208 RFID_UI                 com.example.diverscan.activeid       D  [VIEW] Batch de lectura RFID recibido. Cantidad de tags: 1
2026-05-15 14:59:54.941 28922-29208 RFID_SDK                com.example.diverscan.activeid       D  [TAG] EPC: E28011700000021762C1A3C9
2026-05-15 14:59:54.946 28922-29088 RFID_SAMPLE             com.example.diverscan.activeid       D  Tag ID 800474453080000000017961
2026-05-15 14:59:54.946 28922-29088 RFID_SAMPLE             com.example.diverscan.activeid       D  Tag ID 34164471C400000000002A4D
2026-05-15 14:59:54.947 28922-29208 RFID_UI                 com.example.diverscan.activeid       D  [VIEW] Batch de lectura RFID recibido. Cantidad de tags: 2
2026-05-15 14:59:54.947 28922-29208 RFID_SDK                com.example.diverscan.activeid       D  [TAG] EPC: 800474453080000000017961
2026-05-15 14:59:54.947 28922-29208 RFID_SDK                com.example.diverscan.activeid       D  [TAG] EPC: 34164471C400000000002A4D
2026-05-15 14:59:54.953 28922-29088 RFID_SAMPLE             com.example.diverscan.activeid       D  Tag ID 34164471C400000000002864
2026-05-15 14:59:54.953 28922-29088 RFID_SAMPLE             com.example.diverscan.activeid       D  Tag ID 00000000000000000000098600000000
2026-05-15 14:59:54.953 28922-29088 RFID_SAMPLE             com.example.diverscan.activeid       D  Tag ID 34164471C4000000000027F7
2026-05-15 14:59:54.953 28922-29088 RFID_SAMPLE             com.example.diverscan.activeid       D  Tag ID 34164471C40000000000289B
2026-05-15 14:59:54.953 28922-29088 RFID_SAMPLE             com.example.diverscan.activeid       D  Tag ID E28011700000021762C1A399
2026-05-15 14:59:54.953 28922-29208 RFID_UI                 com.example.diverscan.activeid       D  [VIEW] Batch de lectura RFID recibido. Cantidad de tags: 5
2026-05-15 14:59:54.953 28922-29208 RFID_SDK                com.example.diverscan.activeid       D  [TAG] EPC: 34164471C400000000002864
2026-05-15 14:59:54.953 28922-29088 RFID_SAMPLE             com.example.diverscan.activeid       D  Tag ID 34164471C400000000002BD4
2026-05-15 14:59:54.953 28922-29208 RFID_SDK                com.example.diverscan.activeid       D  [TAG] EPC: 00000000000000000000098600000000
2026-05-15 14:59:54.953 28922-29208 RFID_SDK                com.example.diverscan.activeid       D  [TAG] EPC: 34164471C4000000000027F7
2026-05-15 14:59:54.953 28922-29088 RFID_SAMPLE             com.example.diverscan.activeid       D  eventReadNotify: batch anterior aún en proceso, descartando evento (1 tags)
2026-05-15 14:59:54.953 28922-29208 RFID_SDK                com.example.diverscan.activeid       D  [TAG] EPC: 34164471C40000000000289B
2026-05-15 14:59:54.953 28922-29208 RFID_SDK                com.example.diverscan.activeid       D  [TAG] EPC: E28011700000021762C1A399
2026-05-15 14:59:54.971 28922-29088 RFID_SAMPLE             com.example.diverscan.activeid       D  Tag ID 34164471C40000000000284F
2026-05-15 14:59:54.971 28922-29088 RFID_SAMPLE             com.example.diverscan.activeid       D  Tag ID B736A2A42C59A2A42C59100D00000000
2026-05-15 14:59:54.971 28922-29088 RFID_SAMPLE             com.example.diverscan.activeid       D  Tag ID 34164471C400000000002AB7
2026-05-15 14:59:54.972 28922-29208 RFID_UI                 com.example.diverscan.activeid       D  [VIEW] Batch de lectura RFID recibido. Cantidad de tags: 3
2026-05-15 14:59:54.972 28922-29208 RFID_SDK                com.example.diverscan.activeid       D  [TAG] EPC: 34164471C40000000000284F
2026-05-15 14:59:54.972 28922-29208 RFID_SDK                com.example.diverscan.activeid       D  [TAG] EPC: B736A2A42C59A2A42C59100D00000000
2026-05-15 14:59:54.973 28922-29208 RFID_SDK                com.example.diverscan.activeid       D  [TAG] EPC: 34164471C400000000002AB7
2026-05-15 14:59:54.973 28922-29088 RFID_SAMPLE             com.example.diverscan.activeid       D  Tag ID 34164471C400000000002848
2026-05-15 14:59:54.973 28922-29088 RFID_SAMPLE             com.example.diverscan.activeid       D  Tag ID 34164471C400000000002AB6
2026-05-15 14:59:54.973 28922-29088 RFID_SAMPLE             com.example.diverscan.activeid       D  Tag ID 34164471C400000000002808
2026-05-15 14:59:54.974 28922-29088 RFID_SAMPLE             com.example.diverscan.activeid       D  Tag ID E2801191A5030069D2BDE788
