2026-05-15 12:54:33.813  1523-7313  InputManager-JNI        system_server                        W  Input channel object '3d1e29b PopupWindow:5872cf7 (client)' was disposed without first being removed with the input manager!
2026-05-15 12:54:33.832  1190-2165  qdgralloc               media.codec                          D  Imported handle: 0xf3b83790 id: 440
2026-05-15 12:54:33.833  1190-2165  qdgralloc               media.codec                          D  GetTransportSize: num fds: 2 num ints: 23 err:0
2026-05-15 12:54:33.840  2530-5920  DWHelperService         com.zebra.zvahelper                  D  #ZVAH# doBindToDataWedge()
2026-05-15 12:54:33.840  2530-5920  DWHelperService         com.zebra.zvahelper                  D  Using app context
2026-05-15 12:54:33.846  2530-5920  DWHelperService         com.zebra.zvahelper                  D  #ZVAH# binding to DW
2026-05-15 12:54:33.847  1523-2704  ActivityManager         system_server                        W  Unable to start service Intent { cmp=com.symbol.datawedge/.ScanningService } U=0: not found
2026-05-15 12:54:33.936  1190-20462 qdgralloc               media.codec                          D  Imported handle: 0xf3b81c90 id: 440
2026-05-15 12:54:33.937  1190-20462 qdgralloc               media.codec                          D  GetTransportSize: num fds: 2 num ints: 23 err:0
2026-05-15 12:54:34.038  1190-20462 qdgralloc               media.codec                          D  Imported handle: 0xf3b81d10 id: 440
2026-05-15 12:54:34.038  1190-20462 qdgralloc               media.codec                          D  GetTransportSize: num fds: 2 num ints: 23 err:0
2026-05-15 12:54:34.142  1190-20462 qdgralloc               media.codec                          D  Imported handle: 0xf3b84190 id: 440
2026-05-15 12:54:34.142  1190-20462 qdgralloc               media.codec                          D  GetTransportSize: num fds: 2 num ints: 23 err:0
2026-05-15 12:54:34.242  1190-20462 qdgralloc               media.codec                          D  Imported handle: 0xf3b83290 id: 440
2026-05-15 12:54:34.243  1190-20462 qdgralloc               media.codec                          D  GetTransportSize: num fds: 2 num ints: 23 err:0
2026-05-15 12:54:34.343  1190-20462 qdgralloc               media.codec                          D  Imported handle: 0xf3b80b10 id: 440
2026-05-15 12:54:34.343  1190-20462 qdgralloc               media.codec                          D  GetTransportSize: num fds: 2 num ints: 23 err:0
2026-05-15 12:54:34.444  1190-20462 qdgralloc               media.codec                          D  Imported handle: 0xf3b81d90 id: 440
2026-05-15 12:54:34.444  1190-20462 qdgralloc               media.codec                          D  GetTransportSize: num fds: 2 num ints: 23 err:0
2026-05-15 12:54:34.545  1190-20462 qdgralloc               media.codec                          D  Imported handle: 0xf3b83090 id: 440
2026-05-15 12:54:34.545  1190-20462 qdgralloc               media.codec                          D  GetTransportSize: num fds: 2 num ints: 23 err:0
2026-05-15 12:54:34.646  1190-20462 qdgralloc               media.codec                          D  Imported handle: 0xf3b82a90 id: 440
2026-05-15 12:54:34.646  1190-20462 qdgralloc               media.codec                          D  GetTransportSize: num fds: 2 num ints: 23 err:0
2026-05-15 12:54:34.747  1190-20462 qdgralloc               media.codec                          D  Imported handle: 0xf3b81f90 id: 440
2026-05-15 12:54:34.747  1190-20462 qdgralloc               media.codec                          D  GetTransportSize: num fds: 2 num ints: 23 err:0
2026-05-15 12:54:34.847  1190-20462 qdgralloc               media.codec                          D  Imported handle: 0xf3b82210 id: 440
2026-05-15 12:54:34.848  1190-20462 qdgralloc               media.codec                          D  GetTransportSize: num fds: 2 num ints: 23 err:0
2026-05-15 12:54:34.848   690-690   /system/ve.../bin/ipacm ipacm                                W  type=1400 audit(0.0:26571): avc: denied { write } for comm=6E65746C696E6B20736F636B6574 name="ipacm_log_file" dev="tmpfs" ino=31181 scontext=u:r:ipacm:s0 tcontext=u:object_r:ipacm_socket:s0 tclass=sock_file permissive=0
2026-05-15 12:54:34.848   690-690   /system/ve.../bin/ipacm ipacm                                W  type=1400 audit(0.0:26572): avc: denied { write } for comm=6E65746C696E6B20736F636B6574 name="ipacm_log_file" dev="tmpfs" ino=31181 scontext=u:r:ipacm:s0 tcontext=u:object_r:ipacm_socket:s0 tclass=sock_file permissive=0
2026-05-15 12:54:34.848   690-690   /system/ve.../bin/ipacm ipacm                                W  type=1400 audit(0.0:26573): avc: denied { write } for comm=6E65746C696E6B20736F636B6574 name="ipacm_log_file" dev="tmpfs" ino=31181 scontext=u:r:ipacm:s0 tcontext=u:object_r:ipacm_socket:s0 tclass=sock_file permissive=0
2026-05-15 12:54:34.848   690-690   ipacm                   ipacm                                W  type=1400 audit(0.0:26574): avc: denied { write } for name="ipacm_log_file" dev="tmpfs" ino=31181 scontext=u:r:ipacm:s0 tcontext=u:object_r:ipacm_socket:s0 tclass=sock_file permissive=0
2026-05-15 12:54:34.848   690-690   ipacm                   ipacm                                W  type=1400 audit(0.0:26575): avc: denied { write } for name="ipacm_log_file" dev="tmpfs" ino=31181 scontext=u:r:ipacm:s0 tcontext=u:object_r:ipacm_socket:s0 tclass=sock_file permissive=0
2026-05-15 12:54:34.886  2214-2676  IpClient/wlan0          com.android.networkstack.process     D  interfaceLinkStateChanged: ifindex 27 up
2026-05-15 12:54:35.998  1523-1523  WindowManager           system_server                        W  removeWindowToken: Attempted to remove non-existing token: android.os.Binder@babb8cb
2026-05-15 12:54:36.471  1523-2704  ActivityManager         system_server                        E  Sending non-protected broadcast com.symbol.datawedge.api.ACTION from system 2577:com.android.phone/1001 pkg com.android.phone
                                                                                                    java.lang.Throwable
                                                                                                    	at com.android.server.am.ActivityManagerService.checkBroadcastFromSystem(ActivityManagerService.java:13712)
                                                                                                    	at com.android.server.am.ActivityManagerService.broadcastIntentLocked(ActivityManagerService.java:14434)
                                                                                                    	at com.android.server.am.ActivityManagerService.broadcastIntentLocked(ActivityManagerService.java:13730)
                                                                                                    	at com.android.server.am.ActivityManagerService.broadcastIntentWithFeature(ActivityManagerService.java:14608)
                                                                                                    	at android.app.IActivityManager$Stub.onTransact(IActivityManager.java:2296)
                                                                                                    	at com.android.server.am.ActivityManagerService.onTransact(ActivityManagerService.java:2655)
                                                                                                    	at android.os.Binder.execTransactInternal(Binder.java:1280)
                                                                                                    	at android.os.Binder.execTransact(Binder.java:1244)
2026-05-15 12:54:36.532  1523-2017  WifiClientModeImpl      system_server                        I  updateLinkLayerStatsRssiSpeedFrequencyCapabilities rssi=-75 TxLinkspeed=39 freq=2412 RxLinkSpeed=39
2026-05-15 12:54:36.598  1190-2165  qdgralloc               media.codec                          D  Imported handle: 0xf3b81e90 id: 441
2026-05-15 12:54:36.598  1190-2165  qdgralloc               media.codec                          D  GetTransportSize: num fds: 2 num ints: 23 err:0
2026-05-15 12:54:36.699  1190-20462 qdgralloc               media.codec                          D  Imported handle: 0xf3b83510 id: 441
2026-05-15 12:54:36.699  1190-20462 qdgralloc               media.codec                          D  GetTransportSize: num fds: 2 num ints: 23 err:0
2026-05-15 12:54:36.801  1190-20462 qdgralloc               media.codec                          D  Imported handle: 0xf3b83790 id: 441
2026-05-15 12:54:36.801  1190-20462 qdgralloc               media.codec                          D  GetTransportSize: num fds: 2 num ints: 23 err:0
2026-05-15 12:54:36.903  1190-20462 qdgralloc               media.codec                          D  Imported handle: 0xf3b81c90 id: 441
2026-05-15 12:54:36.903  1190-20462 qdgralloc               media.codec                          D  GetTransportSize: num fds: 2 num ints: 23 err:0
2026-05-15 12:54:37.004  1190-20462 qdgralloc               media.codec                          D  Imported handle: 0xf3b81d10 id: 441
2026-05-15 12:54:37.004  1190-20462 qdgralloc               media.codec                          D  GetTransportSize: num fds: 2 num ints: 23 err:0
2026-05-15 12:54:37.105  1190-20462 qdgralloc               media.codec                          D  Imported handle: 0xf3b84190 id: 441
2026-05-15 12:54:37.105  1190-20462 qdgralloc               media.codec                          D  GetTransportSize: num fds: 2 num ints: 23 err:0
2026-05-15 12:54:37.206  1190-20462 qdgralloc               media.codec                          D  Imported handle: 0xf3b83290 id: 441
2026-05-15 12:54:37.206  1190-20462 qdgralloc               media.codec                          D  GetTransportSize: num fds: 2 num ints: 23 err:0
2026-05-15 12:54:37.308  1190-20462 qdgralloc               media.codec                          D  Imported handle: 0xf3b80b10 id: 441
2026-05-15 12:54:37.308  1190-20462 qdgralloc               media.codec                          D  GetTransportSize: num fds: 2 num ints: 23 err:0
2026-05-15 12:54:37.388 20475-20475 qcom-system-dae         pid-20475                            W  type=1400 audit(0.0:26635): avc: denied { search } for name="/" dev="mmcblk0p37" ino=2 scontext=u:r:vendor_qcomsysd:s0 tcontext=u:object_r:factory_file:s0 tclass=dir permissive=0
2026-05-15 12:54:37.388 20475-20475 qcom-system-dae         pid-20475                            W  type=1400 audit(0.0:26636): avc: denied { search } for name="/" dev="mmcblk0p37" ino=2 scontext=u:r:vendor_qcomsysd:s0 tcontext=u:object_r:factory_file:s0 tclass=dir permissive=0
2026-05-15 12:54:37.388 20475-20475 qcom-system-dae         pid-20475                            W  type=1400 audit(0.0:26637): avc: denied { search } for name="/" dev="mmcblk0p37" ino=2 scontext=u:r:vendor_qcomsysd:s0 tcontext=u:object_r:factory_file:s0 tclass=dir permissive=0
2026-05-15 12:54:37.388 20475-20475 qcom-system-dae         pid-20475                            W  type=1400 audit(0.0:26638): avc: denied { search } for name="/" dev="mmcblk0p37" ino=2 scontext=u:r:vendor_qcomsysd:s0 tcontext=u:object_r:factory_file:s0 tclass=dir permissive=0
2026-05-15 12:54:37.388 20475-20475 qcom-system-dae         pid-20475                            W  type=1400 audit(0.0:26639): avc: denied { search } for name="/" dev="mmcblk0p37" ino=2 scontext=u:r:vendor_qcomsysd:s0 tcontext=u:object_r:factory_file:s0 tclass=dir permissive=0
2026-05-15 12:54:37.409  1190-20462 qdgralloc               media.codec                          D  Imported handle: 0xf3b81d90 id: 441
2026-05-15 12:54:37.409  1190-20462 qdgralloc               media.codec                          D  GetTransportSize: num fds: 2 num ints: 23 err:0
2026-05-15 12:54:37.415 20475-20475 qcom-system-daemon      pid-20475                            W  libminijail[20475]: failed to get path of fd 3: No such file or directory
2026-05-15 12:54:37.415 20475-20475 qcom-system-daemon      pid-20475                            W  libminijail[20475]: allowing syscall: connect
2026-05-15 12:54:37.415 20475-20475 qcom-system-daemon      pid-20475                            W  libminijail[20475]: allowing syscall: fcntl
2026-05-15 12:54:37.416 20475-20475 qcom-system-daemon      pid-20475                            W  libminijail[20475]: allowing syscall: sendto
2026-05-15 12:54:37.416 20475-20475 qcom-system-daemon      pid-20475                            W  libminijail[20475]: allowing syscall: socket
2026-05-15 12:54:37.416 20475-20475 qcom-system-daemon      pid-20475                            W  libminijail[20475]: allowing syscall: writev
2026-05-15 12:54:37.416 20475-20475 qcom-system-daemon      pid-20475                            W  libminijail[20475]: compile_file: <fd>(53): syscall sigaltstack redefined here
2026-05-15 12:54:37.416 20475-20475 qcom-system-daemon      pid-20475                            W  libminijail[20475]: compile_file: <fd>(46): previous definition here
2026-05-15 12:54:37.416 20475-20475 qcom-system-daemon      pid-20475                            W  libminijail[20475]: compile_file: <fd>(72): syscall exit redefined here
2026-05-15 12:54:37.416 20475-20475 qcom-system-daemon      pid-20475                            W  libminijail[20475]: compile_file: <fd>(60): previous definition here
2026-05-15 12:54:37.416 20475-20475 qcom-system-daemon      pid-20475                            W  libminijail[20475]: compile_file: <fd>(73): syscall restart_syscall redefined here
2026-05-15 12:54:37.416 20475-20475 qcom-system-daemon      pid-20475                            W  libminijail[20475]: compile_file: <fd>(59): previous definition here
2026-05-15 12:54:37.416 20475-20475 qcom-system-daemon      pid-20475                            W  libminijail[20475]: logging seccomp filter failures
2026-05-15 12:54:37.417 20475-20475 QCOMSysDaemon           pid-20475                            E  Can't find/open bootselect node: (No such file or directory)
2026-05-15 12:54:37.417 20475-20475 QCOMSysDaemon           pid-20475                            I  Starting qcom system daemon
2026-05-15 12:54:37.417 20475-20475 Diag_Lib                pid-20475                            E   Diag_LSM_Init: Failed to open handle to diag driver, error = 13
2026-05-15 12:54:37.417 20475-20475 QCOMSysDaemon           pid-20475                            E   Diag_LSM_Init failed : 0
2026-05-15 12:54:37.511  1190-20462 qdgralloc               media.codec                          D  Imported handle: 0xf3b83090 id: 441
2026-05-15 12:54:37.511  1190-20462 qdgralloc               media.codec                          D  GetTransportSize: num fds: 2 num ints: 23 err:0
2026-05-15 12:54:37.612  1190-20462 qdgralloc               media.codec                          D  Imported handle: 0xf3b82a90 id: 441
2026-05-15 12:54:37.613  1190-20462 qdgralloc               media.codec                          D  GetTransportSize: num fds: 2 num ints: 23 err:0
2026-05-15 12:54:38.848  2530-5920  DWHelperService         com.zebra.zvahelper                  D  #ZVAH# doBindToDataWedge()
2026-05-15 12:54:38.848  2530-5920  DWHelperService         com.zebra.zvahelper                  D  Using app context
2026-05-15 12:54:38.854  2530-5920  DWHelperService         com.zebra.zvahelper                  D  #ZVAH# binding to DW
2026-05-15 12:54:38.855  1523-2704  ActivityManager         system_server                        W  Unable to start service Intent { cmp=com.symbol.datawedge/.ScanningService } U=0: not found
2026-05-15 12:54:39.549  1523-2017  WifiClientModeImpl      system_server                        I  updateLinkLayerStatsRssiSpeedFrequencyCapabilities rssi=-75 TxLinkspeed=39 freq=2412 RxLinkSpeed=39
2026-05-15 12:54:39.581  1190-2165  qdgralloc               media.codec                          D  Imported handle: 0xf3b81f90 id: 440
2026-05-15 12:54:39.581  1190-2165  qdgralloc               media.codec                          D  GetTransportSize: num fds: 2 num ints: 23 err:0
2026-05-15 12:54:39.682  1190-20462 qdgralloc               media.codec                          D  Imported handle: 0xf3b82210 id: 440
2026-05-15 12:54:39.682  1190-20462 qdgralloc               media.codec                          D  GetTransportSize: num fds: 2 num ints: 23 err:0
2026-05-15 12:54:39.783  1190-20462 qdgralloc               media.codec                          D  Imported handle: 0xf3b81e90 id: 440
2026-05-15 12:54:39.783  1190-20462 qdgralloc               media.codec                          D  GetTransportSize: num fds: 2 num ints: 23 err:0
2026-05-15 12:54:39.884  1190-20462 qdgralloc               media.codec                          D  Imported handle: 0xf3b83510 id: 440
2026-05-15 12:54:39.884  1190-20462 qdgralloc               media.codec                          D  GetTransportSize: num fds: 2 num ints: 23 err:0
2026-05-15 12:54:39.985  1190-20462 qdgralloc               media.codec                          D  Imported handle: 0xf3b83790 id: 440
2026-05-15 12:54:39.985  1190-20462 qdgralloc               media.codec                          D  GetTransportSize: num fds: 2 num ints: 23 err:0
2026-05-15 12:54:40.086  1190-20462 qdgralloc               media.codec                          D  Imported handle: 0xf3b81c90 id: 440
2026-05-15 12:54:40.086  1190-20462 qdgralloc               media.codec                          D  GetTransportSize: num fds: 2 num ints: 23 err:0
2026-05-15 12:54:40.092  1523-1523  WindowManager           system_server                        W  removeWindowToken: Attempted to remove non-existing token: android.os.Binder@eaffc1
2026-05-15 12:54:40.188  1190-20462 qdgralloc               media.codec                          D  Imported handle: 0xf3b81d10 id: 440
2026-05-15 12:54:40.188  1190-20462 qdgralloc               media.codec                          D  GetTransportSize: num fds: 2 num ints: 23 err:0
2026-05-15 12:54:40.289  1190-20462 qdgralloc               media.codec                          D  Imported handle: 0xf3b84190 id: 440
2026-05-15 12:54:40.290  1190-20462 qdgralloc               media.codec                          D  GetTransportSize: num fds: 2 num ints: 23 err:0
2026-05-15 12:54:40.391  1190-20462 qdgralloc               media.codec                          D  Imported handle: 0xf3b83290 id: 440
2026-05-15 12:54:40.391  1190-20462 qdgralloc               media.codec                          D  GetTransportSize: num fds: 2 num ints: 23 err:0
2026-05-15 12:54:40.475  1523-2704  ActivityManager         system_server                        E  Sending non-protected broadcast com.symbol.datawedge.api.ACTION from system 2577:com.android.phone/1001 pkg com.android.phone
                                                                                                    java.lang.Throwable
                                                                                                    	at com.android.server.am.ActivityManagerService.checkBroadcastFromSystem(ActivityManagerService.java:13712)
                                                                                                    	at com.android.server.am.ActivityManagerService.broadcastIntentLocked(ActivityManagerService.java:14434)
                                                                                                    	at com.android.server.am.ActivityManagerService.broadcastIntentLocked(ActivityManagerService.java:13730)
                                                                                                    	at com.android.server.am.ActivityManagerService.broadcastIntentWithFeature(ActivityManagerService.java:14608)
                                                                                                    	at android.app.IActivityManager$Stub.onTransact(IActivityManager.java:2296)
                                                                                                    	at com.android.server.am.ActivityManagerService.onTransact(ActivityManagerService.java:2655)
                                                                                                    	at android.os.Binder.execTransactInternal(Binder.java:1280)
                                                                                                    	at android.os.Binder.execTransact(Binder.java:1244)
2026-05-15 12:54:40.492  1190-20462 qdgralloc               media.codec                          D  Imported handle: 0xf3b80b10 id: 440
2026-05-15 12:54:40.493  1190-20462 qdgralloc               media.codec                          D  GetTransportSize: num fds: 2 num ints: 23 err:0
2026-05-15 12:54:40.593  1190-20462 qdgralloc               media.codec                          D  Imported handle: 0xf3b81d90 id: 440
2026-05-15 12:54:40.594  1190-20462 qdgralloc               media.codec                          D  GetTransportSize: num fds: 2 num ints: 23 err:0
2026-05-15 12:54:41.578  3745-3745  ThreadPoolForeg         com.google.android.gms               W  type=1400 audit(0.0:26643): avc: denied { write } for name="traced_producer" dev="tmpfs" ino=30869 scontext=u:r:gmscore_app:s0:c512,c768 tcontext=u:object_r:traced_producer_socket:s0 tclass=sock_file permissive=0 app=com.google.android.gms
2026-05-15 12:54:42.398 20478-20478 qcom-system-dae         pid-20478                            W  type=1400 audit(0.0:26644): avc: denied { search } for name="/" dev="mmcblk0p37" ino=2 scontext=u:r:vendor_qcomsysd:s0 tcontext=u:object_r:factory_file:s0 tclass=dir permissive=0
2026-05-15 12:54:42.398 20478-20478 qcom-system-dae         pid-20478                            W  type=1400 audit(0.0:26645): avc: denied { search } for name="/" dev="mmcblk0p37" ino=2 scontext=u:r:vendor_qcomsysd:s0 tcontext=u:object_r:factory_file:s0 tclass=dir permissive=0
2026-05-15 12:54:42.398 20478-20478 qcom-system-dae         pid-20478                            W  type=1400 audit(0.0:26646): avc: denied { search } for name="/" dev="mmcblk0p37" ino=2 scontext=u:r:vendor_qcomsysd:s0 tcontext=u:object_r:factory_file:s0 tclass=dir permissive=0
2026-05-15 12:54:42.398 20478-20478 qcom-system-dae         pid-20478                            W  type=1400 audit(0.0:26647): avc: denied { search } for name="/" dev="mmcblk0p37" ino=2 scontext=u:r:vendor_qcomsysd:s0 tcontext=u:object_r:factory_file:s0 tclass=dir permissive=0
2026-05-15 12:54:42.428 20478-20478 qcom-system-daemon      pid-20478                            W  libminijail[20478]: failed to get path of fd 3: No such file or directory
2026-05-15 12:54:42.428 20478-20478 qcom-system-daemon      pid-20478                            W  libminijail[20478]: allowing syscall: connect
2026-05-15 12:54:42.428 20478-20478 qcom-system-daemon      pid-20478                            W  libminijail[20478]: allowing syscall: fcntl
2026-05-15 12:54:42.428 20478-20478 qcom-system-daemon      pid-20478                            W  libminijail[20478]: allowing syscall: sendto
2026-05-15 12:54:42.428 20478-20478 qcom-system-daemon      pid-20478                            W  libminijail[20478]: allowing syscall: socket
2026-05-15 12:54:42.428 20478-20478 qcom-system-daemon      pid-20478                            W  libminijail[20478]: allowing syscall: writev
2026-05-15 12:54:42.428 20478-20478 qcom-system-daemon      pid-20478                            W  libminijail[20478]: compile_file: <fd>(53): syscall sigaltstack redefined here
2026-05-15 12:54:42.428 20478-20478 qcom-system-daemon      pid-20478                            W  libminijail[20478]: compile_file: <fd>(46): previous definition here
2026-05-15 12:54:42.428 20478-20478 qcom-system-daemon      pid-20478                            W  libminijail[20478]: compile_file: <fd>(72): syscall exit redefined here
2026-05-15 12:54:42.429 20478-20478 qcom-system-daemon      pid-20478                            W  libminijail[20478]: compile_file: <fd>(60): previous definition here
2026-05-15 12:54:42.429 20478-20478 qcom-system-daemon      pid-20478                            W  libminijail[20478]: compile_file: <fd>(73): syscall restart_syscall redefined here
2026-05-15 12:54:42.429 20478-20478 qcom-system-daemon      pid-20478                            W  libminijail[20478]: compile_file: <fd>(59): previous definition here
2026-05-15 12:54:42.429 20478-20478 qcom-system-daemon      pid-20478                            W  libminijail[20478]: logging seccomp filter failures
2026-05-15 12:54:42.430 20478-20478 QCOMSysDaemon           pid-20478                            E  Can't find/open bootselect node: (No such file or directory)
2026-05-15 12:54:42.430 20478-20478 QCOMSysDaemon           pid-20478                            I  Starting qcom system daemon
2026-05-15 12:54:42.430 20478-20478 Diag_Lib                pid-20478                            E   Diag_LSM_Init: Failed to open handle to diag driver, error = 13
2026-05-15 12:54:42.430 20478-20478 QCOMSysDaemon           pid-20478                            E   Diag_LSM_Init failed : 0
2026-05-15 12:54:42.576  1523-2017  WifiClientModeImpl      system_server                        I  updateLinkLayerStatsRssiSpeedFrequencyCapabilities rssi=-75 TxLinkspeed=39 freq=2412 RxLinkSpeed=39
2026-05-15 12:54:43.857  2530-5920  DWHelperService         com.zebra.zvahelper                  D  #ZVAH# doBindToDataWedge()
2026-05-15 12:54:43.857  2530-5920  DWHelperService         com.zebra.zvahelper                  D  Using app context
2026-05-15 12:54:43.862  2530-5920  DWHelperService         com.zebra.zvahelper                  D  #ZVAH# binding to DW
2026-05-15 12:54:43.864  1523-2704  ActivityManager         system_server                        W  Unable to start service Intent { cmp=com.symbol.datawedge/.ScanningService } U=0: not found
2026-05-15 12:54:44.479  1523-2704  ActivityManager         system_server                        E  Sending non-protected broadcast com.symbol.datawedge.api.ACTION from system 2577:com.android.phone/1001 pkg com.android.phone
                                                                                                    java.lang.Throwable
                                                                                                    	at com.android.server.am.ActivityManagerService.checkBroadcastFromSystem(ActivityManagerService.java:13712)
                                                                                                    	at com.android.server.am.ActivityManagerService.broadcastIntentLocked(ActivityManagerService.java:14434)
                                                                                                    	at com.android.server.am.ActivityManagerService.broadcastIntentLocked(ActivityManagerService.java:13730)
                                                                                                    	at com.android.server.am.ActivityManagerService.broadcastIntentWithFeature(ActivityManagerService.java:14608)
                                                                                                    	at android.app.IActivityManager$Stub.onTransact(IActivityManager.java:2296)
                                                                                                    	at com.android.server.am.ActivityManagerService.onTransact(ActivityManagerService.java:2655)
                                                                                                    	at android.os.Binder.execTransactInternal(Binder.java:1280)
                                                                                                    	at android.os.Binder.execTransact(Binder.java:1244)
2026-05-15 12:54:45.032  1523-3266  BatteryService          system_server                        D  level : 80 / status : 2/Health : 2/Decommission : 0
2026-05-15 12:54:45.040  2506-2506  QtiCarrierConfigHelper  org.codeaurora.ims                   D  WARNING, no carrier configs on phone Id: 0
2026-05-15 12:54:45.042  9709-9709  HighTemperatureReceiver com...lcomm.qti.notificationservice  D  Receive action: android.intent.action.BATTERY_CHANGED
2026-05-15 12:54:45.042  9709-9709  HighTemperatureReceiver com...lcomm.qti.notificationservice  D  level          80 --> 80
2026-05-15 12:54:45.042  9709-9709  HighTemperatureReceiver com...lcomm.qti.notificationservice  D  status         2 --> 2
2026-05-15 12:54:45.042  9709-9709  HighTemperatureReceiver com...lcomm.qti.notificationservice  D  plugType       2 --> 2
2026-05-15 12:54:45.042  9709-9709  HighTemperatureReceiver com...lcomm.qti.notificationservice  D  invalidCharger 0 --> 0
2026-05-15 12:54:45.042  9709-9709  HighTemperatureReceiver com...lcomm.qti.notificationservice  D  plugged        true --> true
2026-05-15 12:54:45.042  9709-9709  HighTemperatureReceiver com...lcomm.qti.notificationservice  D  temperature    370 --> 370
2026-05-15 12:54:45.042  9709-9709  HighTemperatureReceiver com...lcomm.qti.notificationservice  D  health         2 --> 2
2026-05-15 12:54:45.045  3426-3426  OSUService              com.zebra.server                     I  handle_ab_resume -1 3
2026-05-15 12:54:45.046  3426-3426  OSUService              com.zebra.server                     E  Can't resume - there are no update in suspended state
2026-05-15 12:54:45.080  1190-2165  qdgralloc               media.codec                          D  Imported handle: 0xf3b83090 id: 441
2026-05-15 12:54:45.080  1190-2165  qdgralloc               media.codec                          D  GetTransportSize: num fds: 2 num ints: 23 err:0
2026-05-15 12:54:45.181  1190-20462 qdgralloc               media.codec                          D  Imported handle: 0xf3b82a90 id: 441
2026-05-15 12:54:45.181  1190-20462 qdgralloc               media.codec                          D  GetTransportSize: num fds: 2 num ints: 23 err:0
2026-05-15 12:54:45.283  1190-20462 qdgralloc               media.codec                          D  Imported handle: 0xf3b81f90 id: 441
2026-05-15 12:54:45.283  1190-20462 qdgralloc               media.codec                          D  GetTransportSize: num fds: 2 num ints: 23 err:0
2026-05-15 12:54:45.384  1190-20462 qdgralloc               media.codec                          D  Imported handle: 0xf3b82210 id: 441
2026-05-15 12:54:45.384  1190-20462 qdgralloc               media.codec                          D  GetTransportSize: num fds: 2 num ints: 23 err:0
2026-05-15 12:54:45.485  1190-20462 qdgralloc               media.codec                          D  Imported handle: 0xf3b81e90 id: 441
2026-05-15 12:54:45.485  1190-20462 qdgralloc               media.codec                          D  GetTransportSize: num fds: 2 num ints: 23 err:0
2026-05-15 12:54:45.586  1190-20462 qdgralloc               media.codec                          D  Imported handle: 0xf3b83510 id: 441
2026-05-15 12:54:45.586  1190-20462 qdgralloc               media.codec                          D  GetTransportSize: num fds: 2 num ints: 23 err:0
2026-05-15 12:54:45.603  1523-2017  WifiClientModeImpl      system_server                        I  updateLinkLayerStatsRssiSpeedFrequencyCapabilities rssi=-73 TxLinkspeed=39 freq=2412 RxLinkSpeed=39
2026-05-15 12:54:45.688  1190-20462 qdgralloc               media.codec                          D  Imported handle: 0xf3b83790 id: 441
2026-05-15 12:54:45.688  1190-20462 qdgralloc               media.codec                          D  GetTransportSize: num fds: 2 num ints: 23 err:0
2026-05-15 12:54:45.790  1190-20462 qdgralloc               media.codec                          D  Imported handle: 0xf3b81c90 id: 441
2026-05-15 12:54:45.790  1190-20462 qdgralloc               media.codec                          D  GetTransportSize: num fds: 2 num ints: 23 err:0
2026-05-15 12:54:45.891  1190-20462 qdgralloc               media.codec                          D  Imported handle: 0xf3b81d10 id: 441
2026-05-15 12:54:45.891  1190-20462 qdgralloc               media.codec                          D  GetTransportSize: num fds: 2 num ints: 23 err:0
2026-05-15 12:54:45.993  1190-20462 qdgralloc               media.codec                          D  Imported handle: 0xf3b84190 id: 441
2026-05-15 12:54:45.993  1190-20462 qdgralloc               media.codec                          D  GetTransportSize: num fds: 2 num ints: 23 err:0
2026-05-15 12:54:46.094  1190-20462 qdgralloc               media.codec                          D  Imported handle: 0xf3b83290 id: 441
2026-05-15 12:54:46.094  1190-20462 qdgralloc               media.codec                          D  GetTransportSize: num fds: 2 num ints: 23 err:0
2026-05-15 12:54:47.408 20479-20479 qcom-system-dae         pid-20479                            W  type=1400 audit(0.0:26652): avc: denied { search } for name="/" dev="mmcblk0p37" ino=2 scontext=u:r:vendor_qcomsysd:s0 tcontext=u:object_r:factory_file:s0 tclass=dir permissive=0
2026-05-15 12:54:47.408 20479-20479 qcom-system-dae         pid-20479                            W  type=1400 audit(0.0:26653): avc: denied { search } for name="/" dev="mmcblk0p37" ino=2 scontext=u:r:vendor_qcomsysd:s0 tcontext=u:object_r:factory_file:s0 tclass=dir permissive=0
2026-05-15 12:54:47.408 20479-20479 qcom-system-dae         pid-20479                            W  type=1400 audit(0.0:26654): avc: denied { search } for name="/" dev="mmcblk0p37" ino=2 scontext=u:r:vendor_qcomsysd:s0 tcontext=u:object_r:factory_file:s0 tclass=dir permissive=0
2026-05-15 12:54:47.408 20479-20479 qcom-system-dae         pid-20479                            W  type=1400 audit(0.0:26655): avc: denied { search } for name="/" dev="mmcblk0p37" ino=2 scontext=u:r:vendor_qcomsysd:s0 tcontext=u:object_r:factory_file:s0 tclass=dir permissive=0
2026-05-15 12:54:47.408 20479-20479 qcom-system-dae         pid-20479                            W  type=1400 audit(0.0:26656): avc: denied { search } for name="/" dev="mmcblk0p37" ino=2 scontext=u:r:vendor_qcomsysd:s0 tcontext=u:object_r:factory_file:s0 tclass=dir permissive=0
2026-05-15 12:54:47.435 20479-20479 qcom-system-daemon      pid-20479                            W  libminijail[20479]: failed to get path of fd 3: No such file or directory
2026-05-15 12:54:47.435 20479-20479 qcom-system-daemon      pid-20479                            W  libminijail[20479]: allowing syscall: connect
2026-05-15 12:54:47.435 20479-20479 qcom-system-daemon      pid-20479                            W  libminijail[20479]: allowing syscall: fcntl
2026-05-15 12:54:47.435 20479-20479 qcom-system-daemon      pid-20479                            W  libminijail[20479]: allowing syscall: sendto
2026-05-15 12:54:47.435 20479-20479 qcom-system-daemon      pid-20479                            W  libminijail[20479]: allowing syscall: socket
2026-05-15 12:54:47.435 20479-20479 qcom-system-daemon      pid-20479                            W  libminijail[20479]: allowing syscall: writev
2026-05-15 12:54:47.436 20479-20479 qcom-system-daemon      pid-20479                            W  libminijail[20479]: compile_file: <fd>(53): syscall sigaltstack redefined here
2026-05-15 12:54:47.436 20479-20479 qcom-system-daemon      pid-20479                            W  libminijail[20479]: compile_file: <fd>(46): previous definition here
2026-05-15 12:54:47.436 20479-20479 qcom-system-daemon      pid-20479                            W  libminijail[20479]: compile_file: <fd>(72): syscall exit redefined here
2026-05-15 12:54:47.436 20479-20479 qcom-system-daemon      pid-20479                            W  libminijail[20479]: compile_file: <fd>(60): previous definition here
2026-05-15 12:54:47.436 20479-20479 qcom-system-daemon      pid-20479                            W  libminijail[20479]: compile_file: <fd>(73): syscall restart_syscall redefined here
2026-05-15 12:54:47.436 20479-20479 qcom-system-daemon      pid-20479                            W  libminijail[20479]: compile_file: <fd>(59): previous definition here
2026-05-15 12:54:47.436 20479-20479 qcom-system-daemon      pid-20479                            W  libminijail[20479]: logging seccomp filter failures
2026-05-15 12:54:47.437 20479-20479 QCOMSysDaemon           pid-20479                            E  Can't find/open bootselect node: (No such file or directory)
2026-05-15 12:54:47.437 20479-20479 QCOMSysDaemon           pid-20479                            I  Starting qcom system daemon
2026-05-15 12:54:47.437 20479-20479 Diag_Lib                pid-20479                            E   Diag_LSM_Init: Failed to open handle to diag driver, error = 13
2026-05-15 12:54:47.437 20479-20479 QCOMSysDaemon           pid-20479                            E   Diag_LSM_Init failed : 0
2026-05-15 12:54:48.483  1523-2095  ActivityManager         system_server                        E  Sending non-protected broadcast com.symbol.datawedge.api.ACTION from system 2577:com.android.phone/1001 pkg com.android.phone
                                                                                                    java.lang.Throwable
                                                                                                    	at com.android.server.am.ActivityManagerService.checkBroadcastFromSystem(ActivityManagerService.java:13712)
                                                                                                    	at com.android.server.am.ActivityManagerService.broadcastIntentLocked(ActivityManagerService.java:14434)
                                                                                                    	at com.android.server.am.ActivityManagerService.broadcastIntentLocked(ActivityManagerService.java:13730)
                                                                                                    	at com.android.server.am.ActivityManagerService.broadcastIntentWithFeature(ActivityManagerService.java:14608)
                                                                                                    	at android.app.IActivityManager$Stub.onTransact(IActivityManager.java:2296)
                                                                                                    	at com.android.server.am.ActivityManagerService.onTransact(ActivityManagerService.java:2655)
                                                                                                    	at android.os.Binder.execTransactInternal(Binder.java:1280)
                                                                                                    	at android.os.Binder.execTransact(Binder.java:1244)
2026-05-15 12:54:48.588  2947-2947  ThreadPoolForeg         com.google.android.gms.persistent    W  type=1400 audit(0.0:26692): avc: denied { write } for name="traced_producer" dev="tmpfs" ino=30869 scontext=u:r:gmscore_app:s0:c512,c768 tcontext=u:object_r:traced_producer_socket:s0 tclass=sock_file permissive=0 app=com.google.android.gms
2026-05-15 12:54:48.622  1523-2017  WifiClientModeImpl      system_server                        I  updateLinkLayerStatsRssiSpeedFrequencyCapabilities rssi=-75 TxLinkspeed=39 freq=2412 RxLinkSpeed=39
2026-05-15 12:54:48.865  2530-5920  DWHelperService         com.zebra.zvahelper                  D  #ZVAH# doBindToDataWedge()
2026-05-15 12:54:48.865  2530-5920  DWHelperService         com.zebra.zvahelper                  D  Using app context
2026-05-15 12:54:48.870  2530-5920  DWHelperService         com.zebra.zvahelper                  D  #ZVAH# binding to DW
2026-05-15 12:54:48.871  1523-2095  ActivityManager         system_server                        W  Unable to start service Intent { cmp=com.symbol.datawedge/.ScanningService } U=0: not found
2026-05-15 12:54:49.149   705-736   doh::connection         netd                                 W  Connection driver returns some Err: Closed
