2026-05-15 12:29:57.992 18150-18189 PlayCommon              com.android.vending                  I  [57] Connecting to server for timestamp: https://play.googleapis.com/play/log/timestamp
2026-05-15 12:29:58.048  1190-18985 qdgralloc               media.codec                          D  Imported handle: 0xf3b83790 id: 307
2026-05-15 12:29:58.048  1190-18985 qdgralloc               media.codec                          D  GetTransportSize: num fds: 2 num ints: 23 err:0
2026-05-15 12:29:58.149  1190-18985 qdgralloc               media.codec                          D  Imported handle: 0xf3b83590 id: 307
2026-05-15 12:29:58.149  1190-18985 qdgralloc               media.codec                          D  GetTransportSize: num fds: 2 num ints: 23 err:0
2026-05-15 12:29:58.208 18150-18189 TrafficStats            com.android.vending                  D  tagSocket(94) with statsTag=0xffffffff, statsUid=-1
2026-05-15 12:29:58.250  1190-18985 qdgralloc               media.codec                          D  Imported handle: 0xf3b82190 id: 307
2026-05-15 12:29:58.250  1190-18985 qdgralloc               media.codec                          D  GetTransportSize: num fds: 2 num ints: 23 err:0
2026-05-15 12:29:58.261  1523-2017  WifiClientModeImpl      system_server                        I  updateLinkLayerStatsRssiSpeedFrequencyCapabilities rssi=-76 TxLinkspeed=39 freq=2412 RxLinkSpeed=39
2026-05-15 12:29:58.313  1190-2206  qdgralloc               media.codec                          D  Imported handle: 0xf3b83a90 id: 308
2026-05-15 12:29:58.314  1190-2206  qdgralloc               media.codec                          D  GetTransportSize: num fds: 2 num ints: 23 err:0
2026-05-15 12:29:58.364  1190-2206  qdgralloc               media.codec                          D  Imported handle: 0xf3b82c90 id: 307
2026-05-15 12:29:58.364  1190-2206  qdgralloc               media.codec                          D  GetTransportSize: num fds: 2 num ints: 23 err:0
2026-05-15 12:29:58.380  1190-2206  qdgralloc               media.codec                          D  Imported handle: 0xf3b84710 id: 308
2026-05-15 12:29:58.380  1190-2206  qdgralloc               media.codec                          D  GetTransportSize: num fds: 2 num ints: 23 err:0
2026-05-15 12:29:58.397  1190-2206  qdgralloc               media.codec                          D  Imported handle: 0xf3b81c90 id: 307
2026-05-15 12:29:58.397  1190-2206  qdgralloc               media.codec                          D  GetTransportSize: num fds: 2 num ints: 23 err:0
2026-05-15 12:29:58.412  1190-2206  qdgralloc               media.codec                          D  Imported handle: 0xf3b82590 id: 308
2026-05-15 12:29:58.412  1190-2206  qdgralloc               media.codec                          D  GetTransportSize: num fds: 2 num ints: 23 err:0
2026-05-15 12:29:58.427  1190-2206  qdgralloc               media.codec                          D  Imported handle: 0xf3b83290 id: 307
2026-05-15 12:29:58.427  1190-2206  qdgralloc               media.codec                          D  GetTransportSize: num fds: 2 num ints: 23 err:0
2026-05-15 12:29:58.443  1190-2206  qdgralloc               media.codec                          D  Imported handle: 0xf3b82f90 id: 308
2026-05-15 12:29:58.444  1190-2206  qdgralloc               media.codec                          D  GetTransportSize: num fds: 2 num ints: 23 err:0
2026-05-15 12:29:58.460  1190-2206  qdgralloc               media.codec                          D  Imported handle: 0xf3b82d10 id: 307
2026-05-15 12:29:58.460  1190-2206  qdgralloc               media.codec                          D  GetTransportSize: num fds: 2 num ints: 23 err:0
2026-05-15 12:29:58.550  1190-2206  qdgralloc               media.codec                          D  Imported handle: 0xf3b82290 id: 308
2026-05-15 12:29:58.550  1190-2206  qdgralloc               media.codec                          D  GetTransportSize: num fds: 2 num ints: 23 err:0
2026-05-15 12:29:58.563  1190-2206  qdgralloc               media.codec                          D  Imported handle: 0xf3b81610 id: 307
2026-05-15 12:29:58.564  1190-2206  qdgralloc               media.codec                          D  GetTransportSize: num fds: 2 num ints: 23 err:0
2026-05-15 12:29:58.580  1190-2206  qdgralloc               media.codec                          D  Imported handle: 0xf3b83790 id: 308
2026-05-15 12:29:58.580  1190-2206  qdgralloc               media.codec                          D  GetTransportSize: num fds: 2 num ints: 23 err:0
2026-05-15 12:29:58.595  1190-2206  qdgralloc               media.codec                          D  Imported handle: 0xf3b83590 id: 307
2026-05-15 12:29:58.595  1190-2206  qdgralloc               media.codec                          D  GetTransportSize: num fds: 2 num ints: 23 err:0
2026-05-15 12:29:58.611  1190-2206  qdgralloc               media.codec                          D  Imported handle: 0xf3b82190 id: 308
2026-05-15 12:29:58.611  1190-2206  qdgralloc               media.codec                          D  GetTransportSize: num fds: 2 num ints: 23 err:0
2026-05-15 12:29:58.628  1190-2206  qdgralloc               media.codec                          D  Imported handle: 0xf3b83a90 id: 307
2026-05-15 12:29:58.628  1190-2206  qdgralloc               media.codec                          D  GetTransportSize: num fds: 2 num ints: 23 err:0
2026-05-15 12:29:58.645  1190-2206  qdgralloc               media.codec                          D  Imported handle: 0xf3b82c90 id: 308
2026-05-15 12:29:58.646  1190-2206  qdgralloc               media.codec                          D  GetTransportSize: num fds: 2 num ints: 23 err:0
2026-05-15 12:29:58.661  1190-2206  qdgralloc               media.codec                          D  Imported handle: 0xf3b84710 id: 307
2026-05-15 12:29:58.661  1190-2206  qdgralloc               media.codec                          D  GetTransportSize: num fds: 2 num ints: 23 err:0
2026-05-15 12:29:58.677  1190-2206  qdgralloc               media.codec                          D  Imported handle: 0xf3b81c90 id: 308
2026-05-15 12:29:58.677  1190-2206  qdgralloc               media.codec                          D  GetTransportSize: num fds: 2 num ints: 23 err:0
2026-05-15 12:29:58.681 18150-18189 PlayCommon              com.android.vending                  W  [57] No account for auth token provided
2026-05-15 12:29:58.682 18150-18189 PlayCommon              com.android.vending                  I  [57] Connecting to server: https://play.googleapis.com/play/log?format=raw&proto_v2=true
2026-05-15 12:29:58.694  1190-2206  qdgralloc               media.codec                          D  Imported handle: 0xf3b82590 id: 307
2026-05-15 12:29:58.694  1190-2206  qdgralloc               media.codec                          D  GetTransportSize: num fds: 2 num ints: 23 err:0
2026-05-15 12:29:58.711  1190-2206  qdgralloc               media.codec                          D  Imported handle: 0xf3b83290 id: 308
2026-05-15 12:29:58.711  1190-2206  qdgralloc               media.codec                          D  GetTransportSize: num fds: 2 num ints: 23 err:0
2026-05-15 12:29:58.727  1190-2206  qdgralloc               media.codec                          D  Imported handle: 0xf3b82f90 id: 307
2026-05-15 12:29:58.727  1190-2206  qdgralloc               media.codec                          D  GetTransportSize: num fds: 2 num ints: 23 err:0
2026-05-15 12:29:58.744  1190-2206  qdgralloc               media.codec                          D  Imported handle: 0xf3b82d10 id: 308
2026-05-15 12:29:58.745  1190-2206  qdgralloc               media.codec                          D  GetTransportSize: num fds: 2 num ints: 23 err:0
2026-05-15 12:29:58.761  1190-2206  qdgralloc               media.codec                          D  Imported handle: 0xf3b82290 id: 307
2026-05-15 12:29:58.762  1190-2206  qdgralloc               media.codec                          D  GetTransportSize: num fds: 2 num ints: 23 err:0
2026-05-15 12:29:58.779  1190-2206  qdgralloc               media.codec                          D  Imported handle: 0xf3b81610 id: 308
2026-05-15 12:29:58.779  1190-2206  qdgralloc               media.codec                          D  GetTransportSize: num fds: 2 num ints: 23 err:0
2026-05-15 12:29:58.794  1190-2206  qdgralloc               media.codec                          D  Imported handle: 0xf3b83790 id: 307
2026-05-15 12:29:58.795  1190-2206  qdgralloc               media.codec                          D  GetTransportSize: num fds: 2 num ints: 23 err:0
2026-05-15 12:29:58.812  1190-2206  qdgralloc               media.codec                          D  Imported handle: 0xf3b83590 id: 308
2026-05-15 12:29:58.812  1190-2206  qdgralloc               media.codec                          D  GetTransportSize: num fds: 2 num ints: 23 err:0
2026-05-15 12:29:58.827 18150-18189 PlayCommon              com.android.vending                  I  [57] Successfully uploaded logs.
2026-05-15 12:29:58.828  1190-2206  qdgralloc               media.codec                          D  Imported handle: 0xf3b82190 id: 307
2026-05-15 12:29:58.828  1190-2206  qdgralloc               media.codec                          D  GetTransportSize: num fds: 2 num ints: 23 err:0
2026-05-15 12:29:58.844  1190-2206  qdgralloc               media.codec                          D  Imported handle: 0xf3b83a90 id: 308
2026-05-15 12:29:58.844  1190-2206  qdgralloc               media.codec                          D  GetTransportSize: num fds: 2 num ints: 23 err:0
2026-05-15 12:29:58.860  1190-2206  qdgralloc               media.codec                          D  Imported handle: 0xf3b82c90 id: 307
2026-05-15 12:29:58.860  1190-2206  qdgralloc               media.codec                          D  GetTransportSize: num fds: 2 num ints: 23 err:0
2026-05-15 12:29:58.871  1523-7313  ActivityManager         system_server                        E  Sending non-protected broadcast com.symbol.datawedge.api.ACTION from system 2577:com.android.phone/1001 pkg com.android.phone
                                                                                                    java.lang.Throwable
                                                                                                    	at com.android.server.am.ActivityManagerService.checkBroadcastFromSystem(ActivityManagerService.java:13712)
                                                                                                    	at com.android.server.am.ActivityManagerService.broadcastIntentLocked(ActivityManagerService.java:14434)
                                                                                                    	at com.android.server.am.ActivityManagerService.broadcastIntentLocked(ActivityManagerService.java:13730)
                                                                                                    	at com.android.server.am.ActivityManagerService.broadcastIntentWithFeature(ActivityManagerService.java:14608)
                                                                                                    	at android.app.IActivityManager$Stub.onTransact(IActivityManager.java:2296)
                                                                                                    	at com.android.server.am.ActivityManagerService.onTransact(ActivityManagerService.java:2655)
                                                                                                    	at android.os.Binder.execTransactInternal(Binder.java:1280)
                                                                                                    	at android.os.Binder.execTransact(Binder.java:1244)
2026-05-15 12:29:58.878  1190-2206  qdgralloc               media.codec                          D  Imported handle: 0xf3b84710 id: 308
2026-05-15 12:29:58.878  1190-2206  qdgralloc               media.codec                          D  GetTransportSize: num fds: 2 num ints: 23 err:0
2026-05-15 12:29:58.895  1190-2206  qdgralloc               media.codec                          D  Imported handle: 0xf3b81c90 id: 307
2026-05-15 12:29:58.895  1190-2206  qdgralloc               media.codec                          D  GetTransportSize: num fds: 2 num ints: 23 err:0
2026-05-15 12:29:58.911  1190-2206  qdgralloc               media.codec                          D  Imported handle: 0xf3b82590 id: 308
2026-05-15 12:29:58.911  1190-2206  qdgralloc               media.codec                          D  GetTransportSize: num fds: 2 num ints: 23 err:0
2026-05-15 12:29:58.927  1190-2206  qdgralloc               media.codec                          D  Imported handle: 0xf3b83290 id: 307
2026-05-15 12:29:58.927  1190-2206  qdgralloc               media.codec                          D  GetTransportSize: num fds: 2 num ints: 23 err:0
2026-05-15 12:29:58.944  1190-2206  qdgralloc               media.codec                          D  Imported handle: 0xf3b82f90 id: 308
2026-05-15 12:29:58.944  1190-2206  qdgralloc               media.codec                          D  GetTransportSize: num fds: 2 num ints: 23 err:0
2026-05-15 12:29:58.962  1190-2206  qdgralloc               media.codec                          D  Imported handle: 0xf3b82d10 id: 307
2026-05-15 12:29:58.962  1190-2206  qdgralloc               media.codec                          D  GetTransportSize: num fds: 2 num ints: 23 err:0
2026-05-15 12:29:58.980  1190-2206  qdgralloc               media.codec                          D  Imported handle: 0xf3b82290 id: 308
2026-05-15 12:29:58.980  1190-2206  qdgralloc               media.codec                          D  GetTransportSize: num fds: 2 num ints: 23 err:0
2026-05-15 12:29:58.996  1190-2206  qdgralloc               media.codec                          D  Imported handle: 0xf3b81610 id: 307
2026-05-15 12:29:58.996  1190-2206  qdgralloc               media.codec                          D  GetTransportSize: num fds: 2 num ints: 23 err:0
2026-05-15 12:29:59.095  1190-2206  qdgralloc               media.codec                          D  Imported handle: 0xf3b83790 id: 308
2026-05-15 12:29:59.096  1190-2206  qdgralloc               media.codec                          D  GetTransportSize: num fds: 2 num ints: 23 err:0
2026-05-15 12:29:59.110  1190-2206  qdgralloc               media.codec                          D  Imported handle: 0xf3b83590 id: 307
2026-05-15 12:29:59.111  1190-2206  qdgralloc               media.codec                          D  GetTransportSize: num fds: 2 num ints: 23 err:0
2026-05-15 12:29:59.127  1190-2206  qdgralloc               media.codec                          D  Imported handle: 0xf3b82190 id: 308
2026-05-15 12:29:59.127  1190-2206  qdgralloc               media.codec                          D  GetTransportSize: num fds: 2 num ints: 23 err:0
2026-05-15 12:29:59.143  1190-2206  qdgralloc               media.codec                          D  Imported handle: 0xf3b83a90 id: 307
2026-05-15 12:29:59.144  1190-2206  qdgralloc               media.codec                          D  GetTransportSize: num fds: 2 num ints: 23 err:0
2026-05-15 12:29:59.161  1190-2206  qdgralloc               media.codec                          D  Imported handle: 0xf3b82c90 id: 308
2026-05-15 12:29:59.161  1190-2206  qdgralloc               media.codec                          D  GetTransportSize: num fds: 2 num ints: 23 err:0
2026-05-15 12:29:59.178  1190-2206  qdgralloc               media.codec                          D  Imported handle: 0xf3b84710 id: 307
2026-05-15 12:29:59.178  1190-2206  qdgralloc               media.codec                          D  GetTransportSize: num fds: 2 num ints: 23 err:0
2026-05-15 12:29:59.194  1190-2206  qdgralloc               media.codec                          D  Imported handle: 0xf3b81c90 id: 308
2026-05-15 12:29:59.194  1190-2206  qdgralloc               media.codec                          D  GetTransportSize: num fds: 2 num ints: 23 err:0
2026-05-15 12:29:59.211  1190-2206  qdgralloc               media.codec                          D  Imported handle: 0xf3b82590 id: 307
2026-05-15 12:29:59.211  1190-2206  qdgralloc               media.codec                          D  GetTransportSize: num fds: 2 num ints: 23 err:0
2026-05-15 12:29:59.228  1190-2206  qdgralloc               media.codec                          D  Imported handle: 0xf3b83290 id: 308
2026-05-15 12:29:59.228  1190-2206  qdgralloc               media.codec                          D  GetTransportSize: num fds: 2 num ints: 23 err:0
2026-05-15 12:29:59.243  1190-2206  qdgralloc               media.codec                          D  Imported handle: 0xf3b82f90 id: 307
2026-05-15 12:29:59.243  1190-2206  qdgralloc               media.codec                          D  GetTransportSize: num fds: 2 num ints: 23 err:0
2026-05-15 12:29:59.260  1190-2206  qdgralloc               media.codec                          D  Imported handle: 0xf3b82d10 id: 308
2026-05-15 12:29:59.260  1190-2206  qdgralloc               media.codec                          D  GetTransportSize: num fds: 2 num ints: 23 err:0
2026-05-15 12:29:59.278  1190-2206  qdgralloc               media.codec                          D  Imported handle: 0xf3b82290 id: 307
2026-05-15 12:29:59.278  1190-2206  qdgralloc               media.codec                          D  GetTransportSize: num fds: 2 num ints: 23 err:0
2026-05-15 12:29:59.294  1190-2206  qdgralloc               media.codec                          D  Imported handle: 0xf3b81610 id: 308
2026-05-15 12:29:59.295  1190-2206  qdgralloc               media.codec                          D  GetTransportSize: num fds: 2 num ints: 23 err:0
2026-05-15 12:29:59.310  1190-2206  qdgralloc               media.codec                          D  Imported handle: 0xf3b83790 id: 307
2026-05-15 12:29:59.310  1190-2206  qdgralloc               media.codec                          D  GetTransportSize: num fds: 2 num ints: 23 err:0
2026-05-15 12:29:59.327  1190-2206  qdgralloc               media.codec                          D  Imported handle: 0xf3b83590 id: 308
2026-05-15 12:29:59.327  1190-2206  qdgralloc               media.codec                          D  GetTransportSize: num fds: 2 num ints: 23 err:0
2026-05-15 12:29:59.343  1190-2206  qdgralloc               media.codec                          D  Imported handle: 0xf3b82190 id: 307
2026-05-15 12:29:59.343  1190-2206  qdgralloc               media.codec                          D  GetTransportSize: num fds: 2 num ints: 23 err:0
2026-05-15 12:29:59.360  1190-2206  qdgralloc               media.codec                          D  Imported handle: 0xf3b83a90 id: 308
2026-05-15 12:29:59.360  1190-2206  qdgralloc               media.codec                          D  GetTransportSize: num fds: 2 num ints: 23 err:0
2026-05-15 12:29:59.377  1190-2206  qdgralloc               media.codec                          D  Imported handle: 0xf3b82c90 id: 307
2026-05-15 12:29:59.378  1190-2206  qdgralloc               media.codec                          D  GetTransportSize: num fds: 2 num ints: 23 err:0
2026-05-15 12:29:59.394  1190-3902  qdgralloc               media.codec                          D  Imported handle: 0xf3b83510 id: 308
2026-05-15 12:29:59.394  1190-3902  qdgralloc               media.codec                          D  GetTransportSize: num fds: 2 num ints: 23 err:0
2026-05-15 12:29:59.398 19188-19188 qcom-system-dae         pid-19188                            W  type=1400 audit(0.0:19615): avc: denied { search } for name="/" dev="mmcblk0p37" ino=2 scontext=u:r:vendor_qcomsysd:s0 tcontext=u:object_r:factory_file:s0 tclass=dir permissive=0
2026-05-15 12:29:59.410  1190-3902  qdgralloc               media.codec                          D  Imported handle: 0xf3b81f10 id: 307
2026-05-15 12:29:59.411  1190-3902  qdgralloc               media.codec                          D  GetTransportSize: num fds: 2 num ints: 23 err:0
2026-05-15 12:29:59.398 19188-19188 qcom-system-dae         pid-19188                            W  type=1400 audit(0.0:19616): avc: denied { search } for name="/" dev="mmcblk0p37" ino=2 scontext=u:r:vendor_qcomsysd:s0 tcontext=u:object_r:factory_file:s0 tclass=dir permissive=0
2026-05-15 12:29:59.398 19188-19188 qcom-system-dae         pid-19188                            W  type=1400 audit(0.0:19617): avc: denied { search } for name="/" dev="mmcblk0p37" ino=2 scontext=u:r:vendor_qcomsysd:s0 tcontext=u:object_r:factory_file:s0 tclass=dir permissive=0
2026-05-15 12:29:59.398 19188-19188 qcom-system-dae         pid-19188                            W  type=1400 audit(0.0:19618): avc: denied { search } for name="/" dev="mmcblk0p37" ino=2 scontext=u:r:vendor_qcomsysd:s0 tcontext=u:object_r:factory_file:s0 tclass=dir permissive=0
2026-05-15 12:29:59.398 19188-19188 qcom-system-dae         pid-19188                            W  type=1400 audit(0.0:19619): avc: denied { search } for name="/" dev="mmcblk0p37" ino=2 scontext=u:r:vendor_qcomsysd:s0 tcontext=u:object_r:factory_file:s0 tclass=dir permissive=0
2026-05-15 12:29:59.426  1190-3902  qdgralloc               media.codec                          D  Imported handle: 0xf3b84e90 id: 308
2026-05-15 12:29:59.426  1190-3902  qdgralloc               media.codec                          D  GetTransportSize: num fds: 2 num ints: 23 err:0
2026-05-15 12:29:59.431 19188-19188 qcom-system-daemon      pid-19188                            W  libminijail[19188]: failed to get path of fd 3: No such file or directory
2026-05-15 12:29:59.432 19188-19188 qcom-system-daemon      pid-19188                            W  libminijail[19188]: allowing syscall: connect
2026-05-15 12:29:59.432 19188-19188 qcom-system-daemon      pid-19188                            W  libminijail[19188]: allowing syscall: fcntl
2026-05-15 12:29:59.432 19188-19188 qcom-system-daemon      pid-19188                            W  libminijail[19188]: allowing syscall: sendto
2026-05-15 12:29:59.432 19188-19188 qcom-system-daemon      pid-19188                            W  libminijail[19188]: allowing syscall: socket
2026-05-15 12:29:59.432 19188-19188 qcom-system-daemon      pid-19188                            W  libminijail[19188]: allowing syscall: writev
2026-05-15 12:29:59.432 19188-19188 qcom-system-daemon      pid-19188                            W  libminijail[19188]: compile_file: <fd>(53): syscall sigaltstack redefined here
2026-05-15 12:29:59.432 19188-19188 qcom-system-daemon      pid-19188                            W  libminijail[19188]: compile_file: <fd>(46): previous definition here
2026-05-15 12:29:59.432 19188-19188 qcom-system-daemon      pid-19188                            W  libminijail[19188]: compile_file: <fd>(72): syscall exit redefined here
2026-05-15 12:29:59.432 19188-19188 qcom-system-daemon      pid-19188                            W  libminijail[19188]: compile_file: <fd>(60): previous definition here
2026-05-15 12:29:59.432 19188-19188 qcom-system-daemon      pid-19188                            W  libminijail[19188]: compile_file: <fd>(73): syscall restart_syscall redefined here
2026-05-15 12:29:59.432 19188-19188 qcom-system-daemon      pid-19188                            W  libminijail[19188]: compile_file: <fd>(59): previous definition here
2026-05-15 12:29:59.432 19188-19188 qcom-system-daemon      pid-19188                            W  libminijail[19188]: logging seccomp filter failures
2026-05-15 12:29:59.433 19188-19188 QCOMSysDaemon           pid-19188                            E  Can't find/open bootselect node: (No such file or directory)
2026-05-15 12:29:59.433 19188-19188 QCOMSysDaemon           pid-19188                            I  Starting qcom system daemon
2026-05-15 12:29:59.433 19188-19188 Diag_Lib                pid-19188                            E   Diag_LSM_Init: Failed to open handle to diag driver, error = 13
2026-05-15 12:29:59.433 19188-19188 QCOMSysDaemon           pid-19188                            E   Diag_LSM_Init failed : 0
2026-05-15 12:29:59.443  1190-3902  qdgralloc               media.codec                          D  Imported handle: 0xf3b82d90 id: 307
2026-05-15 12:29:59.443  1190-3902  qdgralloc               media.codec                          D  GetTransportSize: num fds: 2 num ints: 23 err:0
2026-05-15 12:29:59.460  1190-3902  qdgralloc               media.codec                          D  Imported handle: 0xf3b82f90 id: 308
2026-05-15 12:29:59.460  1190-3902  qdgralloc               media.codec                          D  GetTransportSize: num fds: 2 num ints: 23 err:0
2026-05-15 12:29:59.477  1190-3902  qdgralloc               media.codec                          D  Imported handle: 0xf3b82d10 id: 307
2026-05-15 12:29:59.477  1190-3902  qdgralloc               media.codec                          D  GetTransportSize: num fds: 2 num ints: 23 err:0
2026-05-15 12:29:59.495  1190-3902  qdgralloc               media.codec                          D  Imported handle: 0xf3b82290 id: 308
2026-05-15 12:29:59.495  1190-3902  qdgralloc               media.codec                          D  GetTransportSize: num fds: 2 num ints: 23 err:0
2026-05-15 12:29:59.511  1190-3902  qdgralloc               media.codec                          D  Imported handle: 0xf3b81610 id: 307
2026-05-15 12:29:59.512  1190-3902  qdgralloc               media.codec                          D  GetTransportSize: num fds: 2 num ints: 23 err:0
2026-05-15 12:29:59.527  1190-3902  qdgralloc               media.codec                          D  Imported handle: 0xf3b83790 id: 308
2026-05-15 12:29:59.527  1190-3902  qdgralloc               media.codec                          D  GetTransportSize: num fds: 2 num ints: 23 err:0
2026-05-15 12:29:59.543  1190-3902  qdgralloc               media.codec                          D  Imported handle: 0xf3b83590 id: 307
2026-05-15 12:29:59.544  1190-3902  qdgralloc               media.codec                          D  GetTransportSize: num fds: 2 num ints: 23 err:0
2026-05-15 12:29:59.560  1190-3902  qdgralloc               media.codec                          D  Imported handle: 0xf3b82190 id: 308
2026-05-15 12:29:59.561  1190-3902  qdgralloc               media.codec                          D  GetTransportSize: num fds: 2 num ints: 23 err:0
2026-05-15 12:29:59.577  1190-3902  qdgralloc               media.codec                          D  Imported handle: 0xf3b83a90 id: 307
2026-05-15 12:29:59.577  1190-3902  qdgralloc               media.codec                          D  GetTransportSize: num fds: 2 num ints: 23 err:0
2026-05-15 12:29:59.595  1190-3902  qdgralloc               media.codec                          D  Imported handle: 0xf3b82c90 id: 308
2026-05-15 12:29:59.595  1190-3902  qdgralloc               media.codec                          D  GetTransportSize: num fds: 2 num ints: 23 err:0
2026-05-15 12:29:59.611  1190-3902  qdgralloc               media.codec                          D  Imported handle: 0xf3b83510 id: 307
2026-05-15 12:29:59.611  1190-3902  qdgralloc               media.codec                          D  GetTransportSize: num fds: 2 num ints: 23 err:0
2026-05-15 12:29:59.626  1190-3902  qdgralloc               media.codec                          D  Imported handle: 0xf3b81f10 id: 308
2026-05-15 12:29:59.626  1190-3902  qdgralloc               media.codec                          D  GetTransportSize: num fds: 2 num ints: 23 err:0
2026-05-15 12:29:59.644  1190-3902  qdgralloc               media.codec                          D  Imported handle: 0xf3b84e90 id: 307
2026-05-15 12:29:59.644  1190-3902  qdgralloc               media.codec                          D  GetTransportSize: num fds: 2 num ints: 23 err:0
2026-05-15 12:29:59.661  1190-3902  qdgralloc               media.codec                          D  Imported handle: 0xf3b82d90 id: 308
2026-05-15 12:29:59.661  1190-3902  qdgralloc               media.codec                          D  GetTransportSize: num fds: 2 num ints: 23 err:0
2026-05-15 12:29:59.678  1190-3902  qdgralloc               media.codec                          D  Imported handle: 0xf3b82f90 id: 307
2026-05-15 12:29:59.678  1190-3902  qdgralloc               media.codec                          D  GetTransportSize: num fds: 2 num ints: 23 err:0
2026-05-15 12:29:59.695  1190-3902  qdgralloc               media.codec                          D  Imported handle: 0xf3b82d10 id: 308
2026-05-15 12:29:59.695  1190-3902  qdgralloc               media.codec                          D  GetTransportSize: num fds: 2 num ints: 23 err:0
2026-05-15 12:29:59.711  1190-3902  qdgralloc               media.codec                          D  Imported handle: 0xf3b82290 id: 307
2026-05-15 12:29:59.711  1190-3902  qdgralloc               media.codec                          D  GetTransportSize: num fds: 2 num ints: 23 err:0
2026-05-15 12:29:59.728  1190-3902  qdgralloc               media.codec                          D  Imported handle: 0xf3b81610 id: 308
2026-05-15 12:29:59.728  1190-3902  qdgralloc               media.codec                          D  GetTransportSize: num fds: 2 num ints: 23 err:0
2026-05-15 12:29:59.745  1190-3902  qdgralloc               media.codec                          D  Imported handle: 0xf3b83790 id: 307
2026-05-15 12:29:59.745  1190-3902  qdgralloc               media.codec                          D  GetTransportSize: num fds: 2 num ints: 23 err:0
2026-05-15 12:29:59.762  1190-3902  qdgralloc               media.codec                          D  Imported handle: 0xf3b83590 id: 308
2026-05-15 12:29:59.762  1190-3902  qdgralloc               media.codec                          D  GetTransportSize: num fds: 2 num ints: 23 err:0
2026-05-15 12:29:59.778  1190-3902  qdgralloc               media.codec                          D  Imported handle: 0xf3b82190 id: 307
2026-05-15 12:29:59.778  1190-3902  qdgralloc               media.codec                          D  GetTransportSize: num fds: 2 num ints: 23 err:0
2026-05-15 12:29:59.794  1190-3902  qdgralloc               media.codec                          D  Imported handle: 0xf3b83a90 id: 308
2026-05-15 12:29:59.794  1190-3902  qdgralloc               media.codec                          D  GetTransportSize: num fds: 2 num ints: 23 err:0
2026-05-15 12:29:59.810  1190-3902  qdgralloc               media.codec                          D  Imported handle: 0xf3b82c90 id: 307
2026-05-15 12:29:59.810  1190-3902  qdgralloc               media.codec                          D  GetTransportSize: num fds: 2 num ints: 23 err:0
2026-05-15 12:29:59.828  1190-3902  qdgralloc               media.codec                          D  Imported handle: 0xf3b83510 id: 308
2026-05-15 12:29:59.828  1190-3902  qdgralloc               media.codec                          D  GetTransportSize: num fds: 2 num ints: 23 err:0
2026-05-15 12:29:59.843  1190-3902  qdgralloc               media.codec                          D  Imported handle: 0xf3b81f10 id: 307
2026-05-15 12:29:59.843  1190-3902  qdgralloc               media.codec                          D  GetTransportSize: num fds: 2 num ints: 23 err:0
2026-05-15 12:29:59.859  1190-3902  qdgralloc               media.codec                          D  Imported handle: 0xf3b84e90 id: 308
2026-05-15 12:29:59.860  1190-3902  qdgralloc               media.codec                          D  GetTransportSize: num fds: 2 num ints: 23 err:0
2026-05-15 12:29:59.876  1190-3902  qdgralloc               media.codec                          D  Imported handle: 0xf3b82d90 id: 307
2026-05-15 12:29:59.876  1190-3902  qdgralloc               media.codec                          D  GetTransportSize: num fds: 2 num ints: 23 err:0
2026-05-15 12:29:59.892  1190-3902  qdgralloc               media.codec                          D  Imported handle: 0xf3b82f90 id: 308
2026-05-15 12:29:59.893  1190-3902  qdgralloc               media.codec                          D  GetTransportSize: num fds: 2 num ints: 23 err:0
2026-05-15 12:29:59.909  1190-3902  qdgralloc               media.codec                          D  Imported handle: 0xf3b82d10 id: 307
2026-05-15 12:29:59.909  1190-3902  qdgralloc               media.codec                          D  GetTransportSize: num fds: 2 num ints: 23 err:0
2026-05-15 12:29:59.926  1190-3902  qdgralloc               media.codec                          D  Imported handle: 0xf3b82290 id: 308
2026-05-15 12:29:59.926  1190-3902  qdgralloc               media.codec                          D  GetTransportSize: num fds: 2 num ints: 23 err:0
2026-05-15 12:29:59.943  1190-3902  qdgralloc               media.codec                          D  Imported handle: 0xf3b81610 id: 307
2026-05-15 12:29:59.943  1190-3902  qdgralloc               media.codec                          D  GetTransportSize: num fds: 2 num ints: 23 err:0
2026-05-15 12:29:59.961  1190-3902  qdgralloc               media.codec                          D  Imported handle: 0xf3b83790 id: 308
2026-05-15 12:29:59.961  1190-3902  qdgralloc               media.codec                          D  GetTransportSize: num fds: 2 num ints: 23 err:0
2026-05-15 12:29:59.978  1190-3902  qdgralloc               media.codec                          D  Imported handle: 0xf3b83590 id: 307
2026-05-15 12:29:59.978  1190-3902  qdgralloc               media.codec                          D  GetTransportSize: num fds: 2 num ints: 23 err:0
2026-05-15 12:29:59.995  1190-3902  qdgralloc               media.codec                          D  Imported handle: 0xf3b82190 id: 308
2026-05-15 12:29:59.995  1190-3902  qdgralloc               media.codec                          D  GetTransportSize: num fds: 2 num ints: 23 err:0
2026-05-15 12:30:00.012  1190-3902  qdgralloc               media.codec                          D  Imported handle: 0xf3b83a90 id: 307
2026-05-15 12:30:00.012  1190-3902  qdgralloc               media.codec                          D  GetTransportSize: num fds: 2 num ints: 23 err:0
2026-05-15 12:30:00.028  1190-3902  qdgralloc               media.codec                          D  Imported handle: 0xf3b82c90 id: 308
2026-05-15 12:30:00.028  1190-3902  qdgralloc               media.codec                          D  GetTransportSize: num fds: 2 num ints: 23 err:0
2026-05-15 12:30:00.043  1190-3902  qdgralloc               media.codec                          D  Imported handle: 0xf3b83510 id: 307
2026-05-15 12:30:00.044  1190-3902  qdgralloc               media.codec                          D  GetTransportSize: num fds: 2 num ints: 23 err:0
2026-05-15 12:30:00.061  1190-3902  qdgralloc               media.codec                          D  Imported handle: 0xf3b81f10 id: 308
2026-05-15 12:30:00.061  1190-3902  qdgralloc               media.codec                          D  GetTransportSize: num fds: 2 num ints: 23 err:0
2026-05-15 12:30:00.162  1190-18985 qdgralloc               media.codec                          D  Imported handle: 0xf3b84e90 id: 308
2026-05-15 12:30:00.162  1190-18985 qdgralloc               media.codec                          D  GetTransportSize: num fds: 2 num ints: 23 err:0
2026-05-15 12:30:00.263  1190-18985 qdgralloc               media.codec                          D  Imported handle: 0xf3b82d90 id: 308
2026-05-15 12:30:00.263  1190-18985 qdgralloc               media.codec                          D  GetTransportSize: num fds: 2 num ints: 23 err:0
2026-05-15 12:30:00.304   765-1897  audio_hw_primary        android.hardware.audio.service       D  out_standby: enter: stream (0xecb00010) usecase(1: low-latency-playback)
2026-05-15 12:30:00.322  1523-7313  ActivityTaskManager     system_server                        I  START u0 {cmp=com.example.diverscan.activeid/.GeneralTag.ConfiguracionAntena} from uid 10321
2026-05-15 12:30:00.329  1190-3902  qdgralloc               media.codec                          D  Imported handle: 0xf3b82f90 id: 307
2026-05-15 12:30:00.330  1190-3902  qdgralloc               media.codec                          D  GetTransportSize: num fds: 2 num ints: 23 err:0
2026-05-15 12:30:00.333  1523-7313  ActivityTrigger         system_server                        D  ActivityTrigger activityPauseTrigger 
2026-05-15 12:30:00.343  1523-7313  ActivityTaskManager     system_server                        I  The Process com.example.diverscan.activeid Already Exists in BG. So sending its PID: 18678
2026-05-15 12:30:00.344  1523-7313  ActivityTaskManager     system_server                        W  Tried to set launchTime (0) < mLastActivityLaunchTime (3516181)
2026-05-15 12:30:00.346  1190-3902  qdgralloc               media.codec                          D  Imported handle: 0xf3b82d10 id: 308
2026-05-15 12:30:00.346  1190-3902  qdgralloc               media.codec                          D  GetTransportSize: num fds: 2 num ints: 23 err:0
2026-05-15 12:30:00.347  1523-6946  AutofillMa...erviceImpl system_server                        W  getFillEventHistory() called by UID 10149, but service UID is 10146
2026-05-15 12:30:00.348  1523-7313  CompatibilityInfo       system_server                        D  mCompatibilityFlags - 0
2026-05-15 12:30:00.348  1523-7313  CompatibilityInfo       system_server                        D  applicationDensity - 320
2026-05-15 12:30:00.348  1523-7313  CompatibilityInfo       system_server                        D  applicationScale - 1.0
2026-05-15 12:30:00.363  1190-3902  qdgralloc               media.codec                          D  Imported handle: 0xf3b82290 id: 307
2026-05-15 12:30:00.363  1190-3902  qdgralloc               media.codec                          D  GetTransportSize: num fds: 2 num ints: 23 err:0
2026-05-15 12:30:00.379  1190-3902  qdgralloc               media.codec                          D  Imported handle: 0xf3b81610 id: 308
2026-05-15 12:30:00.379  1190-3902  qdgralloc               media.codec                          D  GetTransportSize: num fds: 2 num ints: 23 err:0
2026-05-15 12:30:00.394   765-1897  audio_hw_primary        android.hardware.audio.service       D  disable_audio_route: reset and update mixer path: low-latency-playback
2026-05-15 12:30:00.395  1190-3902  qdgralloc               media.codec                          D  Imported handle: 0xf3b83790 id: 307
2026-05-15 12:30:00.395  1190-3902  qdgralloc               media.codec                          D  GetTransportSize: num fds: 2 num ints: 23 err:0
2026-05-15 12:30:00.395   765-1897  soundtrigger            android.hardware.audio.service       D  audio_extn_sound_trigger_update_stream_status: uc_info->id 1 of type 0 for Event 2, with Raise=0
2026-05-15 12:30:00.395   765-1897  hardware_info           android.hardware.audio.service       D  hw_info_append_hw_type : device_name = speaker
2026-05-15 12:30:00.395   765-1897  audio_hw_primary        android.hardware.audio.service       D  disable_snd_device: snd_device(2: speaker)
2026-05-15 12:30:00.396   765-1897  soundtrigger            android.hardware.audio.service       I  audio_extn_sound_trigger_update_device_status: device 0x2 of type 0 for Event 0, with Raise=0
2026-05-15 12:30:00.398   704-716   statsd                  statsd                               D  StateTracker did not find state value for query key (27)0x10000->1041[I] 
2026-05-15 12:30:00.398   704-716   statsd                  statsd                               W  StateTracker not found for state atom 27
2026-05-15 12:30:00.402   765-3333  audio_hw_primary        android.hardware.audio.service       D  start_output_stream: enter: stream(0xecb00010)usecase(1: low-latency-playback) devices(0x2) is_haptic_usecase(0)
2026-05-15 12:30:00.402   765-3333  audio_hw_primary        android.hardware.audio.service       D  select_devices for use case (low-latency-playback)
2026-05-15 12:30:00.402   765-3333  msm8974_platform        android.hardware.audio.service       I  platform_check_and_set_codec_backend_cfg:becf: afe: bitwidth 16, samplerate 48000 channels 2, backend_idx 0 usecase = 1 device (speaker)
2026-05-15 12:30:00.402   765-3333  msm8974_platform        android.hardware.audio.service       I  platform_check_and_set_codec_backend_cfg: new_snd_devices[0] is 2
2026-05-15 12:30:00.402   765-3333  msm8974_platform        android.hardware.audio.service       I  platform_check_codec_backend_cfg:becf: afe: bitwidth 16, samplerate 48000 channels 2, backend_idx 0 usecase = 1 device (speaker)
2026-05-15 12:30:00.402   704-716   statsd                  statsd                               D  StateTracker did not find state value for query key (27)0x10000->1041[I] 
2026-05-15 12:30:00.402   704-716   statsd                  statsd                               W  StateTracker not found for state atom 27
2026-05-15 12:30:00.403   704-716   statsd                  statsd                               D  StateTracker did not find state value for query key (27)0x10000->1041[I] 
2026-05-15 12:30:00.403   704-716   statsd                  statsd                               W  StateTracker not found for state atom 27
2026-05-15 12:30:00.405   765-3333  msm8974_platform        android.hardware.audio.service       D  platform_check_codec_backend_cfg:becf: updated afe: bitwidth 16, samplerate 48000 channels 2,backend_idx 0 usecase = 1 device (speaker)
2026-05-15 12:30:00.405   765-3333  msm8974_platform        android.hardware.audio.service       I  platform_check_codec_backend_cfg:becf: afe: Codec selected backend: 0 updated bit width: 16 and sample rate: 48000
2026-05-15 12:30:00.405   765-3333  audio_hw_primary        android.hardware.audio.service       D  check_usecases_codec_backend:becf: force routing 0
2026-05-15 12:30:00.405   765-3333  audio_hw_primary        android.hardware.audio.service       D  check_usecases_codec_backend:becf: (85) check_usecases curr device: speaker, usecase device: backends match 0
2026-05-15 12:30:00.405   765-3333  audio_hw_primary        android.hardware.audio.service       D  check_usecases_codec_backend:becf: check_usecases num.of Usecases to switch 0
2026-05-15 12:30:00.405   765-3333  hardware_info           android.hardware.audio.service       D  hw_info_append_hw_type : device_name = speaker
2026-05-15 12:30:00.405   765-3333  audio_hw_primary        android.hardware.audio.service       D  enable_snd_device: snd_device(2: speaker)
2026-05-15 12:30:00.405   765-3333  msm8974_platform        android.hardware.audio.service       D  platform_get_island_cfg_on_device:island cfg status on snd_device = (speaker 0)
2026-05-15 12:30:00.405   765-3333  soundtrigger            android.hardware.audio.service       I  audio_extn_sound_trigger_update_device_status: device 0x2 of type 0 for Event 1, with Raise=0
2026-05-15 12:30:00.405   765-3333  audio_route             android.hardware.audio.service       D  Apply path: speaker
2026-05-15 12:30:00.406   765-3333  audio_hw_primary        android.hardware.audio.service       D  audio_is_true_native_stream_active:napb: (0) (low-latency-playback)id (1) sr 48000 bw (16) device speaker
2026-05-15 12:30:00.406   765-3333  soundtrigger            android.hardware.audio.service       D  audio_extn_sound_trigger_update_stream_status: uc_info->id 1 of type 0 for Event 3, with Raise=0
2026-05-15 12:30:00.406   765-3333  audio_hw_utils          android.hardware.audio.service       D  audio_extn_utils_send_app_type_cfg: usecase->out_snd_device speaker
2026-05-15 12:30:00.406   765-3333  audio_hw_utils          android.hardware.audio.service       I  send_app_type_cfg_for_device PLAYBACK app_type 69937, acdb_dev_id 14, sample_rate 48000, snd_device_be_idx 162
2026-05-15 12:30:00.408   765-3333  ACDB-LOADER             android.hardware.audio.service       D  ACDB -> send_audio_cal, acdb_id = 14, path = 0, app id = 0x11131, sample rate = 48000, use_case = 0,buffer_idx_w_path =0, afe_sample_rate = 48000, cal_mode = 1, offset_index = 0
2026-05-15 12:30:00.408   765-3333  ACDB-LOADER             android.hardware.audio.service       D  ACDB -> send_asm_topology
2026-05-15 12:30:00.408   765-3333  ACDB-LOADER             android.hardware.audio.service       D  ACDB -> ACDB_CMD_GET_AUDPROC_STREAM_TOPOLOGY_ID
2026-05-15 12:30:00.408   765-3333  ACDB-LOADER             android.hardware.audio.service       D  ACDB -> send_adm_topology
2026-05-15 12:30:00.408   765-3333  ACDB-LOADER             android.hardware.audio.service       D  ACDB -> ACDB_CMD_GET_AUDPROC_COMMON_TOPOLOGY_ID
2026-05-15 12:30:00.408   765-3333  ACDB-LOADER             android.hardware.audio.service       D  ACDB -> send_audtable
2026-05-15 12:30:00.408   765-3333  ACDB-LOADER             android.hardware.audio.service       D  ACDB -> ACDB_CMD_GET_AUDPROC_COMMON_TABLE_SIZE
2026-05-15 12:30:00.408   765-3333  ACDB-LOADER             android.hardware.audio.service       D  ACDB -> ACDB_CMD_GET_AUDPROC_COMMON_TABLE
2026-05-15 12:30:00.408   765-3333  ACDB-LOADER             android.hardware.audio.service       D  ACDB -> AUDIO_SET_AUDPROC_CAL cal_type[11] acdb_id[14] app_type[69937]
2026-05-15 12:30:00.408   765-3333  ACDB-LOADER             android.hardware.audio.service       D  ACDB -> send_audvoltable
2026-05-15 12:30:00.408   765-3333  ACDB-LOADER             android.hardware.audio.service       D  ACDB -> ACDB_CMD_GET_AUDPROC_GAIN_DEP_STEP_TABLE_SIZE
2026-05-15 12:30:00.408   765-3333  ACDB-LOADER             android.hardware.audio.service       D  ACDB -> ACDB_CMD_GET_AUDPROC_GAIN_DEP_STEP_TABLE, vol index 0
2026-05-15 12:30:00.408   765-3333  ACDB-LOADER             android.hardware.audio.service       D  ACDB -> AUDIO_SET_VOL_CAL cal type = 12
2026-05-15 12:30:00.408   765-3333  ACDB-LOADER             android.hardware.audio.service       D  ACDB -> ACDB_CMD_GET_AUDPROC_STREAM_TABLE_SIZE
2026-05-15 12:30:00.408   765-3333  ACDB-LOADER             android.hardware.audio.service       D  ACDB -> send_audstrmtable
2026-05-15 12:30:00.408   765-3333  ACDB-LOADER             android.hardware.audio.service       D  ACDB -> ACDB_CMD_GET_AUDPROC_STREAM_TABLE_V2
2026-05-15 12:30:00.408   765-3333  ACDB-LOADER             android.hardware.audio.service       D  ACDB -> audstrm_cal->cal_type.cal_data.cal_size = 16
2026-05-15 12:30:00.408   765-3333  ACDB-LOADER             android.hardware.audio.service       D  ACDB -> send_afe_topology
2026-05-15 12:30:00.408   765-3333  ACDB-LOADER             android.hardware.audio.service       D  ACDB -> ACDB_CMD_GET_AFE_TOPOLOGY_ID
2026-05-15 12:30:00.408   765-3333  ACDB-LOADER             android.hardware.audio.service       D  ACDB -> GET_AFE_TOPOLOGY_ID for adcd_id 14, Topology Id 1025e
2026-05-15 12:30:00.408   765-3333  ACDB-LOADER             android.hardware.audio.service       D  ACDB -> send_afe_cal
2026-05-15 12:30:00.408   765-3333  ACDB-LOADER             android.hardware.audio.service       D  ACDB -> ACDB_CMD_GET_AFE_COMMON_TABLE_SIZE
2026-05-15 12:30:00.408   765-3333  ACDB-LOADER             android.hardware.audio.service       D  ACDB -> ACDB_CMD_GET_AFE_COMMON_TABLE
2026-05-15 12:30:00.408   765-3333  ACDB-LOADER             android.hardware.audio.service       D  ACDB -> AUDIO_SET_AFE_CAL cal_type[16] acdb_id[14]
2026-05-15 12:30:00.408   765-3333  ACDB-LOADER             android.hardware.audio.service       D  ACDB -> send_hw_delay : acdb_id = 14 path = 0
2026-05-15 12:30:00.408   765-3333  ACDB-LOADER             android.hardware.audio.service       D  ACDB -> ACDB_AVSYNC_INFO: ACDB_CMD_GET_DEVICE_PROPERTY
2026-05-15 12:30:00.408   765-3333  audio_hw_primary        android.hardware.audio.service       D  enable_audio_route: apply mixer and update path: low-latency-playback
2026-05-15 12:30:00.408   765-3333  audio_route             android.hardware.audio.service       D  Apply path: low-latency-playback
2026-05-15 12:30:00.409   765-3333  audio_hw_primary        android.hardware.audio.service       D  select_devices: done
2026-05-15 12:30:00.409   765-3333  msm8974_platform        android.hardware.audio.service       D  platform_set_channel_map mixer_ctl_name:Playback Channel Map13
2026-05-15 12:30:00.410   765-3333  msm8974_platform        android.hardware.audio.service       D  platform_set_channel_map: set mapping(1 2 0 0 0 0 0 0) for channel:2
2026-05-15 12:30:00.410  1190-3902  qdgralloc               media.codec                          D  Imported handle: 0xf3b83590 id: 308
2026-05-15 12:30:00.410  1190-3902  qdgralloc               media.codec                          D  GetTransportSize: num fds: 2 num ints: 23 err:0
2026-05-15 12:30:00.412   765-3333  msm8974_platform        android.hardware.audio.service       E  platform_set_channel_map: Could not set ctl, error:-1 ch_count:2
2026-05-15 12:30:00.425  1190-2206  qdgralloc               media.codec                          D  Imported handle: 0xf3b84710 id: 307
2026-05-15 12:30:00.426  1190-2206  qdgralloc               media.codec                          D  GetTransportSize: num fds: 2 num ints: 23 err:0
2026-05-15 12:30:00.457   765-3333  audio_hw_primary        android.hardware.audio.service       D  start_output_stream: stream_handle(0xecb00010) usecase(1: low-latency-playback) out_snd_device(2: speaker)             acdb_id(14) sample_rate(48000) channel_mask(0x3) app_type(69937)             audio_mode(0 : MODE_NORMAL) out_flags(0x6 : OUTPUT_FLAG_PRIMARY|OUTPUT_FLAG_FAST) out_devices(0x2 : OUT_SPEAKER) 
2026-05-15 12:30:00.457   765-3333  audio_hw_primary        android.hardware.audio.service       D  start_output_stream: exit
2026-05-15 12:30:00.474 18678-19028 RFID_SAMPLE             com.example.diverscan.activeid       D  ConnectionTask
2026-05-15 12:30:00.474 18678-19028 RFID_SAMPLE             com.example.diverscan.activeid       D  GetAvailableReader
2026-05-15 12:30:00.485 18678-19192 RFID_SDK                com.example.diverscan.activeid       D  Listando lectores disponibles...
2026-05-15 12:30:00.489 18678-19192 RFID_SDK                com.example.diverscan.activeid       D  getAvailableReaderNames: 0 dispositivos encontrados.
