2026-05-15 15:00:09.332 17914-17914 GoogleInpu...hodService com...gle.android.inputmethod.latin  I  GoogleInputMethodService.onStartInput():1446 onStartInput(EditorInfo{EditorInfo{packageName=com.example.diverscan.activeid, inputType=0, inputTypeString=NULL, enableLearning=false, autoCorrection=false, autoComplete=false, imeOptions=0, privateImeOptions=null, actionName=UNSPECIFIED, actionLabel=null, initialSelStart=-1, initialSelEnd=-1, initialCapsMode=0, label=null, fieldId=-1, fieldName=null, extras=null, hintText=null, hintLocales=[]}}, false)
2026-05-15 15:00:09.802 28922-28922 RFID_UI                 com.example.diverscan.activeid       D  [VIEW] onDestroy en ConfiguracionAntena.
2026-05-15 15:00:09.803  1523-4640  CoreBackPreview         system_server                        D  Window{33bf56e u0 com.example.diverscan.activeid/com.example.diverscan.activeid.GeneralTag.ConfiguracionAntena}: Setting back callback null
2026-05-15 15:00:09.808  1523-4640  InputManager-JNI        system_server                        W  Input channel object '33bf56e com.example.diverscan.activeid/com.example.diverscan.activeid.GeneralTag.ConfiguracionAntena (client)' was disposed without first being removed with the input manager!
2026-05-15 15:00:16.172  1523-2038  ActivityTaskManager     system_server                        I  START u0 {cmp=com.example.diverscan.activeid/.Inventory.Cargar_Toma_Fisica} from uid 10321
2026-05-15 15:00:16.253  1523-2038  ActivityTaskManager     system_server                        I  The Process com.example.diverscan.activeid Already Exists in BG. So sending its PID: 28922
2026-05-15 15:00:16.320 28922-28922 Cargar_Toma_Fisica      com.example.diverscan.activeid       I  Entrando vista Cargar_Toma_Fisica
2026-05-15 15:00:16.327 28922-28922 Cargar_Toma_Fisica      com.example.diverscan.activeid       I  SubtomaLocal{ID=234C7255-8AC7-42F4-B2ED-8EB6C0281268, TomasDelInventario=0, Inventario=0, DetalleInventario=0}
2026-05-15 15:00:16.342  1523-4640  CoreBackPreview         system_server                        D  Window{b1ef1bc u0 com.example.diverscan.activeid/com.example.diverscan.activeid.Inventory.Cargar_Toma_Fisica}: Setting back callback OnBackInvokedCallbackInfo{mCallback=android.window.IOnBackInvokedCallback$Stub$Proxy@1f0549a, mPriority=0}
2026-05-15 15:00:16.369 28922-28965 OpenGLRenderer          com.example.diverscan.activeid       E  Unable to match the desired swap behavior.
2026-05-15 15:00:16.371 28922-29313 qdgralloc               com.example.diverscan.activeid       D  Imported handle: 0xb400007062798be0 id: 1326
2026-05-15 15:00:16.371 28922-29313 qdgralloc               com.example.diverscan.activeid       D  GetTransportSize: num fds: 2 num ints: 23 err:0
2026-05-15 15:00:16.374 28922-29313 qdgralloc               com.example.diverscan.activeid       D  Imported handle: 0xb400007062798520 id: 1327
2026-05-15 15:00:16.374 28922-29313 qdgralloc               com.example.diverscan.activeid       D  GetTransportSize: num fds: 2 num ints: 23 err:0
2026-05-15 15:00:16.376 28922-29313 qdgralloc               com.example.diverscan.activeid       D  Imported handle: 0xb400007062798490 id: 1328
2026-05-15 15:00:16.377 28922-29313 qdgralloc               com.example.diverscan.activeid       D  GetTransportSize: num fds: 2 num ints: 23 err:0
2026-05-15 15:00:16.389 28922-28965 Parcel                  com.example.diverscan.activeid       W  Expecting binder but got null!
2026-05-15 15:00:16.407  1523-1713  ActivityTaskManager     system_server                        I  Displayed com.example.diverscan.activeid/.Inventory.Cargar_Toma_Fisica: +233ms
2026-05-15 15:00:16.553 17914-17914 GoogleInpu...hodService com...gle.android.inputmethod.latin  I  GoogleInputMethodService.onStartInput():1446 onStartInput(EditorInfo{EditorInfo{packageName=com.example.diverscan.activeid, inputType=0, inputTypeString=NULL, enableLearning=false, autoCorrection=false, autoComplete=false, imeOptions=0, privateImeOptions=null, actionName=UNSPECIFIED, actionLabel=null, initialSelStart=-1, initialSelEnd=-1, initialCapsMode=0, label=null, fieldId=-1, fieldName=null, extras=null, hintText=null, hintLocales=[]}}, false)
2026-05-15 15:00:20.028 28922-28922 Cargar_Toma_Fisica      com.example.diverscan.activeid       I  VerTomasFisicas total=4 columnas=[_id, Nombre, Descripcion, fechaInicio, estado, fechaFinal, idRazonSocial, idEdificio, idPiso, idOficina]
2026-05-15 15:00:20.029 28922-28922 Cargar_Toma_Fisica      com.example.diverscan.activeid       I  TomaLocal{ID=6fcbd4bf-be34-4711-9ff3-a1eb546ab99e, Nombre=11 de mayo Prueba 2, Estado=Pendiente, FechaInicio=01-05-2026, FechaFinal=30-05-2026}
2026-05-15 15:00:20.029 28922-28922 Cargar_Toma_Fisica      com.example.diverscan.activeid       I  TomaLocal{ID=faf6b1d1-9a7f-46da-803c-b8591fa5c8b0, Nombre=11 de mayo, Estado=Pendiente, FechaInicio=01-05-2026, FechaFinal=30-05-2026}
2026-05-15 15:00:20.029 28922-28922 Cargar_Toma_Fisica      com.example.diverscan.activeid       I  TomaLocal{ID=1e9a412c-6b6c-43b2-83ac-bb2f05c9344b, Nombre=11 de mayo Prueba 3, Estado=Pendiente, FechaInicio=01-05-2026, FechaFinal=31-05-2026}
2026-05-15 15:00:20.029 28922-28922 Cargar_Toma_Fisica      com.example.diverscan.activeid       I  TomaLocal{ID=f3d2f3ad-c22f-4ec1-99ee-fd0dc0240c96, Nombre=11 de mayo Prueba 3, Estado=Pendiente, FechaInicio=01-05-2026, FechaFinal=31-05-2026}
2026-05-15 15:00:20.029 28922-28922 Cargar_Toma_Fisica      com.example.diverscan.activeid       I  ExisteToma_PRUEBA_19_3=false
2026-05-15 15:00:21.772 28922-28922 Cargar_Toma_Fisica      com.example.diverscan.activeid       I  SeleccionToma{ID=6fcbd4bf-be34-4711-9ff3-a1eb546ab99e, Nombre=11 de mayo Prueba 2, Descripcion=11 de mayo Prueba 2, FechaInicio=01-05-2026, FechaFinal=30-05-2026, Estado=Pendiente}
2026-05-15 15:00:21.778  1523-2038  ActivityTaskManager     system_server                        I  START u0 {cmp=com.example.diverscan.activeid/.Inventory.ElegirUbicacion_TomaFisica (has extras)} from uid 10321
2026-05-15 15:00:21.807  1523-4070  ActivityTaskManager     system_server                        I  The Process com.example.diverscan.activeid Already Exists in BG. So sending its PID: 28922
2026-05-15 15:00:21.926 28922-28922 ElegirUbic...TomaFisica com.example.diverscan.activeid       I  RecibirToma{ID=6fcbd4bf-be34-4711-9ff3-a1eb546ab99e, Nombre=11 de mayo Prueba 2, Filtros={Razon=AC1C5EEC-52F1-481A-8947-A5B4E4950161, Edif=3FFA637C-7355-4106-9357-25D24E3EF368, Piso=57B469F8-0E8A-43E3-AEC0-5A81D7030B60, Ofi=2BDDBBF7-F844-49AB-A2CA-F03BEBF1040F}}
2026-05-15 15:00:21.937 28922-28922 ElegirUbic...TomaFisica com.example.diverscan.activeid       I  cargarTiposInventarios total=4
2026-05-15 15:00:21.955 28922-28922 ElegirUbic...TomaFisica com.example.diverscan.activeid       W  cargarEdificios fallback general total=65
2026-05-15 15:00:21.965 28922-28922 ElegirUbic...TomaFisica com.example.diverscan.activeid       W  cargarPisos fallback general total=77
2026-05-15 15:00:21.989 28922-28922 ElegirUbic...TomaFisica com.example.diverscan.activeid       W  cargarOficinas fallback general total=944
2026-05-15 15:00:21.993 28922-28922 ElegirUbic...TomaFisica com.example.diverscan.activeid       I  fillSpinnerOficina locked=2BDDBBF7-F844-49AB-A2CA-F03BEBF1040F matched=true total=944
2026-05-15 15:00:21.993 28922-28922 ElegirUbic...TomaFisica com.example.diverscan.activeid       I  cargarOficinas piso=57B469F8-0E8A-43E3-AEC0-5A81D7030B60 total=944
2026-05-15 15:00:21.993 28922-28922 ElegirUbic...TomaFisica com.example.diverscan.activeid       I  fillSpinnerPiso locked=57B469F8-0E8A-43E3-AEC0-5A81D7030B60 matched=true total=77
2026-05-15 15:00:21.993 28922-28922 ElegirUbic...TomaFisica com.example.diverscan.activeid       I  cargarPisos edificio=3FFA637C-7355-4106-9357-25D24E3EF368 total=77
2026-05-15 15:00:21.993 28922-28922 ElegirUbic...TomaFisica com.example.diverscan.activeid       I  fillSpinnerEdificio locked=3FFA637C-7355-4106-9357-25D24E3EF368 matched=true total=65
2026-05-15 15:00:21.993 28922-28922 ElegirUbic...TomaFisica com.example.diverscan.activeid       I  cargarEdificios compania=AC1C5EEC-52F1-481A-8947-A5B4E4950161 total=65
2026-05-15 15:00:21.993 28922-28922 ElegirUbic...TomaFisica com.example.diverscan.activeid       I  fillSpinnerRazon locked=AC1C5EEC-52F1-481A-8947-A5B4E4950161 matched=true total=4
2026-05-15 15:00:21.993 28922-28922 ElegirUbic...TomaFisica com.example.diverscan.activeid       I  cargarRazonesSociales total=4
2026-05-15 15:00:22.011 28922-28922 ElegirUbic...TomaFisica com.example.diverscan.activeid       W  cargarPisos fallback general total=77
2026-05-15 15:00:22.034 28922-28922 ElegirUbic...TomaFisica com.example.diverscan.activeid       W  cargarOficinas fallback general total=944
2026-05-15 15:00:22.037 28922-28922 ElegirUbic...TomaFisica com.example.diverscan.activeid       I  fillSpinnerOficina locked=2BDDBBF7-F844-49AB-A2CA-F03BEBF1040F matched=true total=944
2026-05-15 15:00:22.038 28922-28922 ElegirUbic...TomaFisica com.example.diverscan.activeid       I  cargarOficinas piso=57B469F8-0E8A-43E3-AEC0-5A81D7030B60 total=944
2026-05-15 15:00:22.038 28922-28922 ElegirUbic...TomaFisica com.example.diverscan.activeid       I  fillSpinnerPiso locked=57B469F8-0E8A-43E3-AEC0-5A81D7030B60 matched=true total=77
2026-05-15 15:00:22.038 28922-28922 ElegirUbic...TomaFisica com.example.diverscan.activeid       I  cargarPisos edificio=3FFA637C-7355-4106-9357-25D24E3EF368 total=77
2026-05-15 15:00:22.038 28922-28922 ElegirUbic...TomaFisica com.example.diverscan.activeid       I  fillSpinnerEdificio locked=3FFA637C-7355-4106-9357-25D24E3EF368 matched=true total=59
2026-05-15 15:00:22.038 28922-28922 ElegirUbic...TomaFisica com.example.diverscan.activeid       I  cargarEdificios compania=ac1c5eec-52f1-481a-8947-a5b4e4950161 total=59
2026-05-15 15:00:22.068 28922-28922 ElegirUbic...TomaFisica com.example.diverscan.activeid       W  cargarOficinas fallback general total=944
2026-05-15 15:00:22.070 28922-28922 ElegirUbic...TomaFisica com.example.diverscan.activeid       I  fillSpinnerOficina locked=2BDDBBF7-F844-49AB-A2CA-F03BEBF1040F matched=true total=944
2026-05-15 15:00:22.070 28922-28922 ElegirUbic...TomaFisica com.example.diverscan.activeid       I  cargarOficinas piso=57B469F8-0E8A-43E3-AEC0-5A81D7030B60 total=944
2026-05-15 15:00:22.070 28922-28922 ElegirUbic...TomaFisica com.example.diverscan.activeid       I  fillSpinnerPiso locked=57B469F8-0E8A-43E3-AEC0-5A81D7030B60 matched=true total=1
2026-05-15 15:00:22.070 28922-28922 ElegirUbic...TomaFisica com.example.diverscan.activeid       I  cargarPisos edificio=3ffa637c-7355-4106-9357-25d24e3ef368 total=1
2026-05-15 15:00:22.078 28922-28922 ElegirUbic...TomaFisica com.example.diverscan.activeid       I  fillSpinnerOficina locked=2BDDBBF7-F844-49AB-A2CA-F03BEBF1040F matched=true total=1
2026-05-15 15:00:22.079 28922-28922 ElegirUbic...TomaFisica com.example.diverscan.activeid       I  cargarOficinas piso=57b469f8-0e8a-43e3-aec0-5a81d7030b60 total=1
2026-05-15 15:00:22.079 28922-28922 RFID_SDK                com.example.diverscan.activeid       D  [LIFECYCLE] Reutilizando singleton RFID entre pantallas. initialized=true, readerConnected=true
2026-05-15 15:00:22.079 28922-28922 RFID_FLOW               com.example.diverscan.activeid       D  [ElegirUbicacion_TomaFisica] Sesion RFID enlazada a la pantalla. initialized=true, reconnect=false
2026-05-15 15:00:22.085 28922-28922 RFID_SDK                com.example.diverscan.activeid       D  [LIFECYCLE] Reutilizando singleton RFID entre pantallas. initialized=true, readerConnected=true
2026-05-15 15:00:22.086 28922-28922 RFID_FLOW               com.example.diverscan.activeid       D  [ElegirUbicacion_TomaFisica] Sesion RFID enlazada a la pantalla. initialized=true, reconnect=true
2026-05-15 15:00:22.086 28922-29322 RFID_FLOW               com.example.diverscan.activeid       D  [ElegirUbicacion_TomaFisica] Validando/reutilizando conexion RFID al volver a la pantalla.
2026-05-15 15:00:22.106  1523-4070  CoreBackPreview         system_server                        D  Window{86ae008 u0 com.example.diverscan.activeid/com.example.diverscan.activeid.Inventory.ElegirUbicacion_TomaFisica}: Setting back callback OnBackInvokedCallbackInfo{mCallback=android.window.IOnBackInvokedCallback$Stub$Proxy@786c9c6, mPriority=0}
2026-05-15 15:00:22.228 28922-28965 OpenGLRenderer          com.example.diverscan.activeid       E  Unable to match the desired swap behavior.
2026-05-15 15:00:22.231 28922-29324 qdgralloc               com.example.diverscan.activeid       D  Imported handle: 0xb400007062794080 id: 1333
2026-05-15 15:00:22.231 28922-29324 qdgralloc               com.example.diverscan.activeid       D  GetTransportSize: num fds: 2 num ints: 23 err:0
2026-05-15 15:00:22.235 28922-29324 qdgralloc               com.example.diverscan.activeid       D  Imported handle: 0xb400007062794aa0 id: 1334
2026-05-15 15:00:22.235 28922-29324 qdgralloc               com.example.diverscan.activeid       D  GetTransportSize: num fds: 2 num ints: 23 err:0
2026-05-15 15:00:22.237 28922-29324 qdgralloc               com.example.diverscan.activeid       D  Imported handle: 0xb400007062793c00 id: 1335
2026-05-15 15:00:22.237 28922-29324 qdgralloc               com.example.diverscan.activeid       D  GetTransportSize: num fds: 2 num ints: 23 err:0
2026-05-15 15:00:22.333 28922-28965 Parcel                  com.example.diverscan.activeid       W  Expecting binder but got null!
2026-05-15 15:00:22.357  1523-1713  ActivityTaskManager     system_server                        I  Displayed com.example.diverscan.activeid/.Inventory.ElegirUbicacion_TomaFisica: +575ms
2026-05-15 15:00:22.488 17914-17914 GoogleInpu...hodService com...gle.android.inputmethod.latin  I  GoogleInputMethodService.onStartInput():1446 onStartInput(EditorInfo{EditorInfo{packageName=com.example.diverscan.activeid, inputType=0, inputTypeString=NULL, enableLearning=false, autoCorrection=false, autoComplete=false, imeOptions=0, privateImeOptions=null, actionName=UNSPECIFIED, actionLabel=null, initialSelStart=-1, initialSelEnd=-1, initialCapsMode=0, label=null, fieldId=-1, fieldName=null, extras=null, hintText=null, hintLocales=[]}}, false)
2026-05-15 15:00:24.891 28922-28922 ElegirUbic...TomaFisica com.example.diverscan.activeid       I  LeerInventarioManual context{TakeID=6fcbd4bf-be34-4711-9ff3-a1eb546ab99e, lockedRazon=AC1C5EEC-52F1-481A-8947-A5B4E4950161, lockedEdificio=3FFA637C-7355-4106-9357-25D24E3EF368, lockedPiso=57B469F8-0E8A-43E3-AEC0-5A81D7030B60, lockedOficina=2BDDBBF7-F844-49AB-A2CA-F03BEBF1040F, selRazon=ac1c5eec-52f1-481a-8947-a5b4e4950161, selEdificio=3ffa637c-7355-4106-9357-25d24e3ef368, selPiso=57b469f8-0e8a-43e3-aec0-5a81d7030b60, selOficina=2bddbbf7-f844-49ab-a2ca-f03bebf1040f}
2026-05-15 15:00:24.891 28922-28922 ElegirUbic...TomaFisica com.example.diverscan.activeid       I  LeerInventarioManual seleccionado oficina=2bddbbf7-f844-49ab-a2ca-f03bebf1040f tipoInventario=6fcbd4bf-be34-4711-9ff3-a1eb546ab99e
2026-05-15 15:00:24.941  1523-4070  ActivityTaskManager     system_server                        I  START u0 {cmp=com.example.diverscan.activeid/.Inventory.Lectura_Inventario (has extras)} from uid 10321
2026-05-15 15:00:24.957 28922-28922 RFID_FLOW               com.example.diverscan.activeid       D  [ElegirUbicacion_TomaFisica] onPause: se conserva la sesion RFID para la siguiente pantalla.
2026-05-15 15:00:24.959  1523-2038  ActivityTaskManager     system_server                        I  The Process com.example.diverscan.activeid Already Exists in BG. So sending its PID: 28922
2026-05-15 15:00:24.989 28922-28922 AudioTrack              com.example.diverscan.activeid       I  createTrack_l(896): AUDIO_OUTPUT_FLAG_FAST successful; frameCount 960 -> 960
2026-05-15 15:00:25.098 28922-28922 RFID_SDK                com.example.diverscan.activeid       D  [LIFECYCLE] Reutilizando singleton RFID entre pantallas. initialized=true, readerConnected=true
2026-05-15 15:00:25.098 28922-28922 RFID_FLOW               com.example.diverscan.activeid       D  [Lectura_Inventario] Sesion RFID enlazada a la pantalla. initialized=true, reconnect=false
2026-05-15 15:00:25.142 28922-28922 Lectura_Inventario      com.example.diverscan.activeid       I  Filtro por estado habilitado. Estados disponibles: 9
2026-05-15 15:00:25.146 28922-28922 RFID_SDK                com.example.diverscan.activeid       D  [LIFECYCLE] Reutilizando singleton RFID entre pantallas. initialized=true, readerConnected=true
2026-05-15 15:00:25.146 28922-28922 RFID_FLOW               com.example.diverscan.activeid       D  [Lectura_Inventario] Sesion RFID enlazada a la pantalla. initialized=true, reconnect=false
2026-05-15 15:00:25.147 28922-29331 RFID_FLOW               com.example.diverscan.activeid       D  [Lectura_Inventario] Validando/reutilizando conexion RFID al volver a la pantalla.
2026-05-15 15:00:25.147 28922-29331 RFID_FLOW               com.example.diverscan.activeid       D  [Lectura_Inventario] Resultado de validacion RFID: Conectado
2026-05-15 15:00:25.157  1523-4070  CoreBackPreview         system_server                        D  Window{457e681 u0 com.example.diverscan.activeid/com.example.diverscan.activeid.Inventory.Lectura_Inventario}: Setting back callback OnBackInvokedCallbackInfo{mCallback=android.window.IOnBackInvokedCallback$Stub$Proxy@c353b67, mPriority=0}
2026-05-15 15:00:25.262 28922-28965 OpenGLRenderer          com.example.diverscan.activeid       E  Unable to match the desired swap behavior.
2026-05-15 15:00:25.264 28922-29332 qdgralloc               com.example.diverscan.activeid       D  Imported handle: 0xb40000706277fda0 id: 1340
2026-05-15 15:00:25.264 28922-29332 qdgralloc               com.example.diverscan.activeid       D  GetTransportSize: num fds: 2 num ints: 23 err:0
2026-05-15 15:00:25.272 28922-29332 qdgralloc               com.example.diverscan.activeid       D  Imported handle: 0xb40000706277e690 id: 1341
2026-05-15 15:00:25.272 28922-29332 qdgralloc               com.example.diverscan.activeid       D  GetTransportSize: num fds: 2 num ints: 23 err:0
2026-05-15 15:00:25.274 28922-29332 qdgralloc               com.example.diverscan.activeid       D  Imported handle: 0xb4000070627845a0 id: 1342
2026-05-15 15:00:25.275 28922-29332 qdgralloc               com.example.diverscan.activeid       D  GetTransportSize: num fds: 2 num ints: 23 err:0
2026-05-15 15:00:25.312 28922-28965 Parcel                  com.example.diverscan.activeid       W  Expecting binder but got null!
2026-05-15 15:00:25.320 28922-28935 System                  com.example.diverscan.activeid       W  A resource failed to call CursorWindow.close. 
2026-05-15 15:00:25.320 28922-28935 System                  com.example.diverscan.activeid       W  A resource failed to call AbstractCursor.close. 
2026-05-15 15:00:25.322 28922-28935 System                  com.example.diverscan.activeid       W  A resource failed to call CursorWindow.close. 
2026-05-15 15:00:25.322 28922-28935 System                  com.example.diverscan.activeid       W  A resource failed to call AbstractCursor.close. 
2026-05-15 15:00:25.322 28922-28935 System                  com.example.diverscan.activeid       W  A resource failed to call CursorWindow.close. 
2026-05-15 15:00:25.322 28922-28935 System                  com.example.diverscan.activeid       W  A resource failed to call AbstractCursor.close. 
2026-05-15 15:00:25.322 28922-28935 System                  com.example.diverscan.activeid       W  A resource failed to call close. 
2026-05-15 15:00:25.322 28922-28935 System                  com.example.diverscan.activeid       W  A resource failed to call CursorWindow.close. 
2026-05-15 15:00:25.323 28922-28935 System                  com.example.diverscan.activeid       W  A resource failed to call AbstractCursor.close. 
2026-05-15 15:00:25.323 28922-28935 System                  com.example.diverscan.activeid       W  A resource failed to call CursorWindow.close. 
2026-05-15 15:00:25.323 28922-28935 System                  com.example.diverscan.activeid       W  A resource failed to call AbstractCursor.close. 
2026-05-15 15:00:25.323 28922-28935 System                  com.example.diverscan.activeid       W  A resource failed to call close. 
2026-05-15 15:00:25.323 28922-28935 System                  com.example.diverscan.activeid       W  A resource failed to call CursorWindow.close. 
2026-05-15 15:00:25.323 28922-28935 System                  com.example.diverscan.activeid       W  A resource failed to call AbstractCursor.close. 
2026-05-15 15:00:25.323 28922-28935 System                  com.example.diverscan.activeid       W  A resource failed to call close. 
2026-05-15 15:00:25.323 28922-28935 System                  com.example.diverscan.activeid       W  A resource failed to call CursorWindow.close. 
2026-05-15 15:00:25.323 28922-28935 System                  com.example.diverscan.activeid       W  A resource failed to call AbstractCursor.close. 
2026-05-15 15:00:25.323 28922-28935 System                  com.example.diverscan.activeid       W  A resource failed to call CursorWindow.close. 
2026-05-15 15:00:25.323 28922-28935 System                  com.example.diverscan.activeid       W  A resource failed to call AbstractCursor.close. 
2026-05-15 15:00:25.323 28922-28935 System                  com.example.diverscan.activeid       W  A resource failed to call close. 
2026-05-15 15:00:25.323 28922-28935 System                  com.example.diverscan.activeid       W  A resource failed to call CursorWindow.close. 
2026-05-15 15:00:25.323 28922-28935 System                  com.example.diverscan.activeid       W  A resource failed to call AbstractCursor.close. 
2026-05-15 15:00:25.323 28922-28935 System                  com.example.diverscan.activeid       W  A resource failed to call CursorWindow.close. 
2026-05-15 15:00:25.323 28922-28935 System                  com.example.diverscan.activeid       W  A resource failed to call AbstractCursor.close. 
2026-05-15 15:00:25.324 28922-28935 System                  com.example.diverscan.activeid       W  A resource failed to call close. 
2026-05-15 15:00:25.324 28922-28935 System                  com.example.diverscan.activeid       W  A resource failed to call CursorWindow.close. 
2026-05-15 15:00:25.324 28922-28935 System                  com.example.diverscan.activeid       W  A resource failed to call AbstractCursor.close. 
2026-05-15 15:00:25.324 28922-28935 System                  com.example.diverscan.activeid       W  A resource failed to call close. 
2026-05-15 15:00:25.324 28922-28935 System                  com.example.diverscan.activeid       W  A resource failed to call CursorWindow.close. 
2026-05-15 15:00:25.324 28922-28935 System                  com.example.diverscan.activeid       W  A resource failed to call AbstractCursor.close. 
2026-05-15 15:00:25.324 28922-28935 System                  com.example.diverscan.activeid       W  A resource failed to call CursorWindow.close. 
2026-05-15 15:00:25.324 28922-28935 System                  com.example.diverscan.activeid       W  A resource failed to call AbstractCursor.close. 
2026-05-15 15:00:25.324 28922-28935 System                  com.example.diverscan.activeid       W  A resource failed to call close. 
2026-05-15 15:00:25.324 28922-28935 System                  com.example.diverscan.activeid       W  A resource failed to call CursorWindow.close. 
2026-05-15 15:00:25.324 28922-28935 System                  com.example.diverscan.activeid       W  A resource failed to call AbstractCursor.close. 
2026-05-15 15:00:25.325 28922-28935 System                  com.example.diverscan.activeid       W  A resource failed to call CursorWindow.close. 
2026-05-15 15:00:25.325 28922-28935 System                  com.example.diverscan.activeid       W  A resource failed to call AbstractCursor.close. 
2026-05-15 15:00:25.325 28922-28935 System                  com.example.diverscan.activeid       W  A resource failed to call close. 
2026-05-15 15:00:25.325 28922-28935 System                  com.example.diverscan.activeid       W  A resource failed to call CursorWindow.close. 
2026-05-15 15:00:25.325 28922-28935 System                  com.example.diverscan.activeid       W  A resource failed to call AbstractCursor.close. 
2026-05-15 15:00:25.325 28922-28935 System                  com.example.diverscan.activeid       W  A resource failed to call CursorWindow.close. 
2026-05-15 15:00:25.325 28922-28935 System                  com.example.diverscan.activeid       W  A resource failed to call AbstractCursor.close. 
2026-05-15 15:00:25.325 28922-28935 System                  com.example.diverscan.activeid       W  A resource failed to call close. 
2026-05-15 15:00:25.325 28922-28935 System                  com.example.diverscan.activeid       W  A resource failed to call CursorWindow.close. 
2026-05-15 15:00:25.325 28922-28935 System                  com.example.diverscan.activeid       W  A resource failed to call AbstractCursor.close. 
2026-05-15 15:00:25.325 28922-28935 System                  com.example.diverscan.activeid       W  A resource failed to call close. 
2026-05-15 15:00:25.325 28922-28935 System                  com.example.diverscan.activeid       W  A resource failed to call close. 
2026-05-15 15:00:25.326  1523-1713  ActivityTaskManager     system_server                        I  Displayed com.example.diverscan.activeid/.Inventory.Lectura_Inventario: +382ms
2026-05-15 15:00:25.540 28922-28922 Lectura_Inventario      com.example.diverscan.activeid       I  Filtro estado seleccionado: Todos (00000000-0000-0000-0000-000000000000), activos: 40
2026-05-15 15:00:25.603 17914-17914 GoogleInpu...hodService com...gle.android.inputmethod.latin  I  GoogleInputMethodService.onStartInput():1446 onStartInput(EditorInfo{EditorInfo{packageName=com.example.diverscan.activeid, inputType=0, inputTypeString=NULL, enableLearning=false, autoCorrection=false, autoComplete=false, imeOptions=0, privateImeOptions=null, actionName=UNSPECIFIED, actionLabel=null, initialSelStart=-1, initialSelEnd=-1, initialCapsMode=0, label=null, fieldId=-1, fieldName=null, extras=null, hintText=null, hintLocales=[]}}, false)
2026-05-15 15:00:29.458  1523-2038  NotificationService     system_server                        W  Toast already killed. pkg=com.example.diverscan.activeid token=android.os.BinderProxy@dd43399
2026-05-15 15:00:33.305   908-908   TimeStats               surfaceflinger                       E  [2390]-[com.example.diverscan.activeid/com.example.diverscan.activeid.Inventory.Lectura_Inventario#2390]-timeRecords is at its maximum size[64]. Ignore this when unittesting.
2026-05-15 15:01:13.398 28922-29088 RFID_SAMPLE             com.example.diverscan.activeid       D  Status Notification 1: HANDHELD_TRIGGER_EVENT
2026-05-15 15:01:13.463 28922-29088 RFID_SAMPLE             com.example.diverscan.activeid       D  Tag ID 800474453080000000017961
2026-05-15 15:01:13.486 28922-29088 RFID_SAMPLE             com.example.diverscan.activeid       D  Tag ID 34164471C4000000000032F6
2026-05-15 15:01:13.486 28922-29088 RFID_SAMPLE             com.example.diverscan.activeid       D  Tag ID E2801191A5030069D2BA2AA9
2026-05-15 15:01:13.486 28922-29088 RFID_SAMPLE             com.example.diverscan.activeid       D  eventReadNotify: batch anterior aún en proceso, descartando evento (2 tags)
2026-05-15 15:01:13.488 28922-29088 RFID_SAMPLE             com.example.diverscan.activeid       D  Tag ID 0CC41E386CA51E386CA5FB0E
2026-05-15 15:01:13.489 28922-29088 RFID_SAMPLE             com.example.diverscan.activeid       D  Tag ID 34164471C400000000002A4D
2026-05-15 15:01:13.489 28922-29088 RFID_SAMPLE             com.example.diverscan.activeid       D  eventReadNotify: batch anterior aún en proceso, descartando evento (2 tags)
2026-05-15 15:01:13.497 28922-29088 RFID_SAMPLE             com.example.diverscan.activeid       D  Tag ID 34164471C400000000002878
2026-05-15 15:01:13.497 28922-29088 RFID_SAMPLE             com.example.diverscan.activeid       D  eventReadNotify: batch anterior aún en proceso, descartando evento (1 tags)
2026-05-15 15:01:13.515 28922-29088 RFID_SAMPLE             com.example.diverscan.activeid       D  Tag ID 34164471C40000000000282C
2026-05-15 15:01:13.515 28922-29088 RFID_SAMPLE             com.example.diverscan.activeid       D  Tag ID 34164471C400000000002863
2026-05-15 15:01:13.515 28922-29088 RFID_SAMPLE             com.example.diverscan.activeid       D  Tag ID E2801191A5030069D2BA8F09
2026-05-15 15:01:13.515 28922-29088 RFID_SAMPLE             com.example.diverscan.activeid       D  eventReadNotify: batch anterior aún en proceso, descartando evento (3 tags)
2026-05-15 15:01:13.520 28922-29088 RFID_SAMPLE             com.example.diverscan.activeid       D  Tag ID 34164471C4000000000027ED
2026-05-15 15:01:13.520 28922-29088 RFID_SAMPLE             com.example.diverscan.activeid       D  eventReadNotify: batch anterior aún en proceso, descartando evento (1 tags)
2026-05-15 15:01:13.528 28922-29088 RFID_SAMPLE             com.example.diverscan.activeid       D  Tag ID 000000000000000000020000
2026-05-15 15:01:13.528 28922-29088 RFID_SAMPLE             com.example.diverscan.activeid       D  eventReadNotify: batch anterior aún en proceso, descartando evento (1 tags)
2026-05-15 15:01:13.536 28922-29088 RFID_SAMPLE             com.example.diverscan.activeid       D  Tag ID 34164471C400000000002890
2026-05-15 15:01:13.536 28922-29088 RFID_SAMPLE             com.example.diverscan.activeid       D  eventReadNotify: batch anterior aún en proceso, descartando evento (1 tags)
2026-05-15 15:01:13.543 28922-29088 RFID_SAMPLE             com.example.diverscan.activeid       D  Tag ID 34164471C40000000000284C
2026-05-15 15:01:13.543 28922-29088 RFID_SAMPLE             com.example.diverscan.activeid       D  Tag ID 000000000000000000012585
2026-05-15 15:01:13.543 28922-29088 RFID_SAMPLE             com.example.diverscan.activeid       D  Tag ID 34164471C4000000000032F7
2026-05-15 15:01:13.543 28922-29088 RFID_SAMPLE             com.example.diverscan.activeid       D  eventReadNotify: batch anterior aún en proceso, descartando evento (3 tags)
2026-05-15 15:01:13.598 28922-29088 RFID_SAMPLE             com.example.diverscan.activeid       D  Tag ID 34164471C4000000000032FC
2026-05-15 15:01:13.599 28922-29088 RFID_SAMPLE             com.example.diverscan.activeid       D  Tag ID 00000000000000000000049200000000
2026-05-15 15:01:13.599 28922-29088 RFID_SAMPLE             com.example.diverscan.activeid       D  Tag ID 34164471C400000000002856
2026-05-15 15:01:13.600 28922-29088 RFID_SAMPLE             com.example.diverscan.activeid       D  Tag ID E2801191A5030069D2B8EA8C
2026-05-15 15:01:13.600 28922-29088 RFID_SAMPLE             com.example.diverscan.activeid       D  Tag ID 34164471C400000000002832
2026-05-15 15:01:13.600 28922-29088 RFID_SAMPLE             com.example.diverscan.activeid       D  eventReadNotify: batch anterior aún en proceso, descartando evento (2 tags)
2026-05-15 15:01:13.609 28922-29088 RFID_SAMPLE             com.example.diverscan.activeid       D  Tag ID 9485178B6AE1178B6AE1CBC5
2026-05-15 15:01:13.609 28922-29088 RFID_SAMPLE             com.example.diverscan.activeid       D  Tag ID 34164471C400000000002841
2026-05-15 15:01:13.610 28922-29088 RFID_SAMPLE             com.example.diverscan.activeid       D  Tag ID 34164471C400000000002888
2026-05-15 15:01:13.610 28922-29088 RFID_SAMPLE             com.example.diverscan.activeid       D  Tag ID 4B0F32640B8832640B88A881
2026-05-15 15:01:13.610 28922-29088 RFID_SAMPLE             com.example.diverscan.activeid       D  eventReadNotify: batch anterior aún en proceso, descartando evento (4 tags)
2026-05-15 15:01:13.611 28922-29088 RFID_SAMPLE             com.example.diverscan.activeid       D  Tag ID 00000000000000000000049100000000
2026-05-15 15:01:13.611 28922-29088 RFID_SAMPLE             com.example.diverscan.activeid       D  Tag ID 34164471C400000000002876
2026-05-15 15:01:13.611 28922-29088 RFID_SAMPLE             com.example.diverscan.activeid       D  Tag ID 34164471C400000000002813
2026-05-15 15:01:13.611 28922-29088 RFID_SAMPLE             com.example.diverscan.activeid       D  eventReadNotify: batch anterior aún en proceso, descartando evento (3 tags)
2026-05-15 15:01:13.623 28922-29088 RFID_SAMPLE             com.example.diverscan.activeid       D  Tag ID 000000000000000000020603
2026-05-15 15:01:13.623 28922-29088 RFID_SAMPLE             com.example.diverscan.activeid       D  Tag ID 34164471C400000000002BD4
2026-05-15 15:01:13.623 28922-29088 RFID_SAMPLE             com.example.diverscan.activeid       D  eventReadNotify: batch anterior aún en proceso, descartando evento (2 tags)
2026-05-15 15:01:13.627 28922-29088 RFID_SAMPLE             com.example.diverscan.activeid       D  Tag ID 34164471C400000000002808
2026-05-15 15:01:13.627 28922-29088 RFID_SAMPLE             com.example.diverscan.activeid       D  Tag ID 34164471C4000000000027F7
2026-05-15 15:01:13.627 28922-29088 RFID_SAMPLE             com.example.diverscan.activeid       D  Tag ID 34164471C400000000002F7F
2026-05-15 15:01:13.627 28922-29088 RFID_SAMPLE             com.example.diverscan.activeid       D  eventReadNotify: batch anterior aún en proceso, descartando evento (3 tags)
2026-05-15 15:01:13.676 28922-29088 RFID_SAMPLE             com.example.diverscan.activeid       D  Tag ID 000000000000000000020011
2026-05-15 15:01:13.676 28922-29088 RFID_SAMPLE             com.example.diverscan.activeid       D  Tag ID 000000000000000000003073
2026-05-15 15:01:13.676 28922-29088 RFID_SAMPLE             com.example.diverscan.activeid       D  eventReadNotify: batch anterior aún en proceso, descartando evento (2 tags)
2026-05-15 15:01:13.678 28922-29088 RFID_SAMPLE             com.example.diverscan.activeid       D  Tag ID 000000000000000000012584
2026-05-15 15:01:13.678 28922-29088 RFID_SAMPLE             com.example.diverscan.activeid       D  eventReadNotify: batch anterior aún en proceso, descartando evento (1 tags)
2026-05-15 15:01:13.679 28922-29088 RFID_SAMPLE             com.example.diverscan.activeid       D  Status Notification 1: HANDHELD_TRIGGER_EVENT
2026-05-15 15:01:13.684 28922-29088 RFID_SAMPLE             com.example.diverscan.activeid       D  Tag ID 34164471C40000000000286A
2026-05-15 15:01:13.684 28922-29088 RFID_SAMPLE             com.example.diverscan.activeid       D  Tag ID 34164471C400000000003069
2026-05-15 15:01:13.692 28922-29088 RFID_SAMPLE             com.example.diverscan.activeid       D  Tag ID 34164471C4000000000027EA
2026-05-15 15:01:13.692 28922-29088 RFID_SAMPLE             com.example.diverscan.activeid       D  Tag ID 5F31A00093D3A00093D321EC
2026-05-15 15:01:13.692 28922-29088 RFID_SAMPLE             com.example.diverscan.activeid       D  eventReadNotify: batch anterior aún en proceso, descartando evento (2 tags)
2026-05-15 15:01:13.731 28922-29329 AudioTrack              com.example.diverscan.activeid       D  stop(42): called with 2304 frames delivered
2026-05-15 15:01:13.832 28922-29329 AudioTrack              com.example.diverscan.activeid       D  stop(42): called with 1344 frames delivered
2026-05-15 15:01:15.004 28922-29088 RFID_SAMPLE             com.example.diverscan.activeid       D  Status Notification 1: HANDHELD_TRIGGER_EVENT
2026-05-15 15:01:15.097 28922-29088 RFID_SAMPLE             com.example.diverscan.activeid       D  Tag ID 7A021191A5030069D2B95481
2026-05-15 15:01:15.116 28922-29088 RFID_SAMPLE             com.example.diverscan.activeid       D  Tag ID 34164471C4000000000027E7
2026-05-15 15:01:15.116 28922-29088 RFID_SAMPLE             com.example.diverscan.activeid       D  Tag ID 34164471C40000000000289E
2026-05-15 15:01:15.116 28922-29088 RFID_SAMPLE             com.example.diverscan.activeid       D  eventReadNotify: batch anterior aún en proceso, descartando evento (2 tags)
2026-05-15 15:01:15.125 28922-29088 RFID_SAMPLE             com.example.diverscan.activeid       D  Tag ID 34164471C40000000000284B
2026-05-15 15:01:15.125 28922-29088 RFID_SAMPLE             com.example.diverscan.activeid       D  Tag ID 34164471C400000000002F7E
2026-05-15 15:01:15.125 28922-29088 RFID_SAMPLE             com.example.diverscan.activeid       D  eventReadNotify: batch anterior aún en proceso, descartando evento (2 tags)
2026-05-15 15:01:15.179 28922-29088 RFID_SAMPLE             com.example.diverscan.activeid       D  Tag ID 34164471C400000000002711
2026-05-15 15:01:15.179 28922-29088 RFID_SAMPLE             com.example.diverscan.activeid       D  Tag ID 34164471C40000000000285A
2026-05-15 15:01:15.182 28922-29088 RFID_SAMPLE             com.example.diverscan.activeid       D  Tag ID 800474453080000000017961
2026-05-15 15:01:15.182 28922-29088 RFID_SAMPLE             com.example.diverscan.activeid       D  eventReadNotify: batch anterior aún en proceso, descartando evento (1 tags)
2026-05-15 15:01:15.183 28922-29329 AudioTrack              com.example.diverscan.activeid       D  stop(42): called with 1344 frames delivered
2026-05-15 15:01:15.185 28922-29088 RFID_SAMPLE             com.example.diverscan.activeid       D  Tag ID 34164471C4000000000032F7
2026-05-15 15:01:15.186 28922-29088 RFID_SAMPLE             com.example.diverscan.activeid       D  Tag ID 34164471C40000000000287C
2026-05-15 15:01:15.186 28922-29088 RFID_SAMPLE             com.example.diverscan.activeid       D  Tag ID 00000000000000000000098600000000
2026-05-15 15:01:15.186 28922-29088 RFID_SAMPLE             com.example.diverscan.activeid       D  Tag ID 34164471C4000000000033BF
2026-05-15 15:01:15.186 28922-29088 RFID_SAMPLE             com.example.diverscan.activeid       D  eventReadNotify: batch anterior aún en proceso, descartando evento (4 tags)
2026-05-15 15:01:15.189 28922-29088 RFID_SAMPLE             com.example.diverscan.activeid       D  Tag ID 34164471C400000000002842
2026-05-15 15:01:15.189 28922-29088 RFID_SAMPLE             com.example.diverscan.activeid       D  eventReadNotify: batch anterior aún en proceso, descartando evento (1 tags)
2026-05-15 15:01:15.192 28922-29088 RFID_SAMPLE             com.example.diverscan.activeid       D  Tag ID 021170731000000000065021
2026-05-15 15:01:15.192 28922-29088 RFID_SAMPLE             com.example.diverscan.activeid       D  Tag ID 34164471C4000000000027F3
2026-05-15 15:01:15.192 28922-29088 RFID_SAMPLE             com.example.diverscan.activeid       D  eventReadNotify: batch anterior aún en proceso, descartando evento (2 tags)
2026-05-15 15:01:15.198 28922-29088 RFID_SAMPLE             com.example.diverscan.activeid       D  Tag ID 000000000000000000020437
2026-05-15 15:01:15.198 28922-29088 RFID_SAMPLE             com.example.diverscan.activeid       D  Tag ID 34164471C4000000000027FF
2026-05-15 15:01:15.198 28922-29088 RFID_SAMPLE             com.example.diverscan.activeid       D  eventReadNotify: batch anterior aún en proceso, descartando evento (2 tags)
2026-05-15 15:01:15.210 28922-29088 RFID_SAMPLE             com.example.diverscan.activeid       D  Tag ID 34164471C400000000002711
2026-05-15 15:01:15.210 28922-29088 RFID_SAMPLE             com.example.diverscan.activeid       D  Tag ID 34164471C400000000003069
2026-05-15 15:01:15.210 28922-29088 RFID_SAMPLE             com.example.diverscan.activeid       D  Tag ID E2801191A5030069D2BDE788
2026-05-15 15:01:15.210 28922-29088 RFID_SAMPLE             com.example.diverscan.activeid       D  Tag ID 34164471C4000000000032B8
2026-05-15 15:01:15.210 28922-29088 RFID_SAMPLE             com.example.diverscan.activeid       D  eventReadNotify: batch anterior aún en proceso, descartando evento (4 tags)
2026-05-15 15:01:15.210 28922-29088 RFID_SAMPLE             com.example.diverscan.activeid       D  Tag ID 800307520000004200049899
2026-05-15 15:01:15.210 28922-29088 RFID_SAMPLE             com.example.diverscan.activeid       D  eventReadNotify: batch anterior aún en proceso, descartando evento (1 tags)
2026-05-15 15:01:15.227 28922-29088 RFID_SAMPLE             com.example.diverscan.activeid       D  Tag ID E2801191A5030069D2B8EA85
2026-05-15 15:01:15.227 28922-29088 RFID_SAMPLE             com.example.diverscan.activeid       D  eventReadNotify: batch anterior aún en proceso, descartando evento (1 tags)
2026-05-15 15:01:15.228 28922-29088 RFID_SAMPLE             com.example.diverscan.activeid       D  Tag ID 34164471C4000000000032F6
2026-05-15 15:01:15.228 28922-29088 RFID_SAMPLE             com.example.diverscan.activeid       D  eventReadNotify: batch anterior aún en proceso, descartando evento (1 tags)
2026-05-15 15:01:15.233 28922-29088 RFID_SAMPLE             com.example.diverscan.activeid       D  Tag ID 34164471C400000000002838
2026-05-15 15:01:15.233 28922-29088 RFID_SAMPLE             com.example.diverscan.activeid       D  Tag ID 34164471C4000000000032FC
2026-05-15 15:01:15.233 28922-29088 RFID_SAMPLE             com.example.diverscan.activeid       D  eventReadNotify: batch anterior aún en proceso, descartando evento (2 tags)
2026-05-15 15:01:15.237 28922-29088 RFID_SAMPLE             com.example.diverscan.activeid       D  Tag ID 34164471C40000000000324B
2026-05-15 15:01:15.237 28922-29088 RFID_SAMPLE             com.example.diverscan.activeid       D  eventReadNotify: batch anterior aún en proceso, descartando evento (1 tags)
2026-05-15 15:01:15.260 28922-29329 AudioTrack              com.example.diverscan.activeid       D  stop(42): called with 1344 frames delivered
2026-05-15 15:01:15.262 28922-29088 RFID_SAMPLE             com.example.diverscan.activeid       D  Tag ID E2801191A5030069D2B95483
2026-05-15 15:01:15.262 28922-29088 RFID_SAMPLE             com.example.diverscan.activeid       D  Tag ID E2801191A5030069D2BB05D9
2026-05-15 15:01:15.263 28922-29088 RFID_SAMPLE             com.example.diverscan.activeid       D  Tag ID 34164471C400000000002808
2026-05-15 15:01:15.263 28922-29088 RFID_SAMPLE             com.example.diverscan.activeid       D  eventReadNotify: batch anterior aún en proceso, descartando evento (1 tags)
2026-05-15 15:01:15.269 28922-29088 RFID_SAMPLE             com.example.diverscan.activeid       D  Tag ID 34164471C400000000002850
2026-05-15 15:01:15.269 28922-29088 RFID_SAMPLE             com.example.diverscan.activeid       D  eventReadNotify: batch anterior aún en proceso, descartando evento (1 tags)
2026-05-15 15:01:15.272 28922-29088 RFID_SAMPLE             com.example.diverscan.activeid       D  Tag ID 34164471C40000000000284F
2026-05-15 15:01:15.272 28922-29088 RFID_SAMPLE             com.example.diverscan.activeid       D  Tag ID E28011B0A502006E7D123BCA
2026-05-15 15:01:15.272 28922-29088 RFID_SAMPLE             com.example.diverscan.activeid       D  eventReadNotify: batch anterior aún en proceso, descartando evento (2 tags)
2026-05-15 15:01:15.286 28922-29088 RFID_SAMPLE             com.example.diverscan.activeid       D  Tag ID 34164471C4000000000032B9
2026-05-15 15:01:15.286 28922-29088 RFID_SAMPLE             com.example.diverscan.activeid       D  Tag ID 300833B2DDD9014000001301
2026-05-15 15:01:15.286 28922-29088 RFID_SAMPLE             com.example.diverscan.activeid       D  eventReadNotify: batch anterior aún en proceso, descartando evento (2 tags)
2026-05-15 15:01:15.295 28922-29088 RFID_SAMPLE             com.example.diverscan.activeid       D  Tag ID 34164471C4000000000033C1
2026-05-15 15:01:15.296 28922-29088 RFID_SAMPLE             com.example.diverscan.activeid       D  eventReadNotify: batch anterior aún en proceso, descartando evento (1 tags)
2026-05-15 15:01:15.296 28922-29088 RFID_SAMPLE             com.example.diverscan.activeid       D  Status Notification 1: HANDHELD_TRIGGER_EVENT
2026-05-15 15:01:15.303 28922-29088 RFID_SAMPLE             com.example.diverscan.activeid       D  Tag ID 34164471C400000000002880
2026-05-15 15:01:15.309 28922-29329 AudioTrack              com.example.diverscan.activeid       D  stop(42): called with 1344 frames delivered
2026-05-15 15:01:15.311 28922-29088 RFID_SAMPLE             com.example.diverscan.activeid       D  Tag ID 34164471C400000000002851
2026-05-15 15:01:15.311 28922-29088 RFID_SAMPLE             com.example.diverscan.activeid       D  Tag ID 34164471C400000000002841
2026-05-15 15:01:15.312 28922-29088 RFID_SAMPLE             com.example.diverscan.activeid       D  eventReadNotify: batch anterior aún en proceso, descartando evento (2 tags)
2026-05-15 15:01:15.317 28922-29088 RFID_SAMPLE             com.example.diverscan.activeid       D  Tag ID 34164471C40000000000280B
2026-05-15 15:01:15.317 28922-29088 RFID_SAMPLE             com.example.diverscan.activeid       D  eventReadNotify: batch anterior aún en proceso, descartando evento (1 tags)
2026-05-15 15:01:15.351 28922-29329 AudioTrack              com.example.diverscan.activeid       D  stop(42): called with 1344 frames delivered
2026-05-15 15:01:16.199 28922-29088 RFID_SAMPLE             com.example.diverscan.activeid       D  Status Notification 1: HANDHELD_TRIGGER_EVENT
2026-05-15 15:01:16.261 28922-29088 RFID_SAMPLE             com.example.diverscan.activeid       D  Tag ID 800307520000004200049899
2026-05-15 15:01:16.268 28922-29088 RFID_SAMPLE             com.example.diverscan.activeid       D  Tag ID 34164471C40000000000289C
2026-05-15 15:01:16.268 28922-29088 RFID_SAMPLE             com.example.diverscan.activeid       D  eventReadNotify: batch anterior aún en proceso, descartando evento (1 tags)
2026-05-15 15:01:16.276 28922-29088 RFID_SAMPLE             com.example.diverscan.activeid       D  Tag ID 34164471C400000000002851
2026-05-15 15:01:16.276 28922-29088 RFID_SAMPLE             com.example.diverscan.activeid       D  eventReadNotify: batch anterior aún en proceso, descartando evento (1 tags)
2026-05-15 15:01:16.285 28922-29088 RFID_SAMPLE             com.example.diverscan.activeid       D  Tag ID 34164471C400000000002856
2026-05-15 15:01:16.285 28922-29088 RFID_SAMPLE             com.example.diverscan.activeid       D  eventReadNotify: batch anterior aún en proceso, descartando evento (1 tags)
2026-05-15 15:01:16.338 28922-29088 RFID_SAMPLE             com.example.diverscan.activeid       D  Tag ID 34164471C4000000000033C1
2026-05-15 15:01:16.338 28922-29088 RFID_SAMPLE             com.example.diverscan.activeid       D  Tag ID 00000000000000000000098600000000
2026-05-15 15:01:16.339 28922-29329 AudioTrack              com.example.diverscan.activeid       D  stop(42): called with 1216 frames delivered
2026-05-15 15:01:16.341 28922-29088 RFID_SAMPLE             com.example.diverscan.activeid       D  Tag ID 34164471C400000000002859
2026-05-15 15:01:16.341 28922-29088 RFID_SAMPLE             com.example.diverscan.activeid       D  eventReadNotify: batch anterior aún en proceso, descartando evento (1 tags)
2026-05-15 15:01:16.343 28922-29088 RFID_SAMPLE             com.example.diverscan.activeid       D  Tag ID 00000000000000000000148000000000
2026-05-15 15:01:16.343 28922-29088 RFID_SAMPLE             com.example.diverscan.activeid       D  Tag ID 34164471C40000000000324E
2026-05-15 15:01:16.343 28922-29088 RFID_SAMPLE             com.example.diverscan.activeid       D  eventReadNotify: batch anterior aún en proceso, descartando evento (2 tags)
2026-05-15 15:01:16.344 28922-29088 RFID_SAMPLE             com.example.diverscan.activeid       D  Tag ID 34164471C4000000000027F3
2026-05-15 15:01:16.344 28922-29088 RFID_SAMPLE             com.example.diverscan.activeid       D  eventReadNotify: batch anterior aún en proceso, descartando evento (1 tags)
2026-05-15 15:01:16.351 28922-29088 RFID_SAMPLE             com.example.diverscan.activeid       D  Tag ID 34164471C400000000002711
2026-05-15 15:01:16.351 28922-29088 RFID_SAMPLE             com.example.diverscan.activeid       D  eventReadNotify: batch anterior aún en proceso, descartando evento (1 tags)
2026-05-15 15:01:16.367 28922-29088 RFID_SAMPLE             com.example.diverscan.activeid       D  Tag ID 34164471C40000000000306A
2026-05-15 15:01:16.367 28922-29088 RFID_SAMPLE             com.example.diverscan.activeid       D  Tag ID 34164471C4000000000032B8
2026-05-15 15:01:16.368 28922-29088 RFID_SAMPLE             com.example.diverscan.activeid       D  Tag ID 34164471C400000000002830
2026-05-15 15:01:16.368 28922-29088 RFID_SAMPLE             com.example.diverscan.activeid       D  eventReadNotify: batch anterior aún en proceso, descartando evento (3 tags)
2026-05-15 15:01:16.368 28922-29088 RFID_SAMPLE             com.example.diverscan.activeid       D  Tag ID E2801191A5030069D2B92B0E
2026-05-15 15:01:16.368 28922-29088 RFID_SAMPLE             com.example.diverscan.activeid       D  eventReadNotify: batch anterior aún en proceso, descartando evento (1 tags)
2026-05-15 15:01:16.373 28922-29088 RFID_SAMPLE             com.example.diverscan.activeid       D  Tag ID 021170731000000000065021
2026-05-15 15:01:16.373 28922-29088 RFID_SAMPLE             com.example.diverscan.activeid       D  Tag ID 34164471C400000000002859
2026-05-15 15:01:16.373 28922-29088 RFID_SAMPLE             com.example.diverscan.activeid       D  eventReadNotify: batch anterior aún en proceso, descartando evento (2 tags)
2026-05-15 15:01:16.379 28922-29088 RFID_SAMPLE             com.example.diverscan.activeid       D  Tag ID 000000000000000000020614
2026-05-15 15:01:16.380 28922-29088 RFID_SAMPLE             com.example.diverscan.activeid       D  Tag ID E28011B0A502006E7D123BCA
2026-05-15 15:01:16.380 28922-29088 RFID_SAMPLE             com.example.diverscan.activeid       D  eventReadNotify: batch anterior aún en proceso, descartando evento (2 tags)
2026-05-15 15:01:16.384 28922-29088 RFID_SAMPLE             com.example.diverscan.activeid       D  Tag ID 800474453080000000017961
