2026-05-15 14:05:13.194   765-3333  ACDB-LOADER             android.hardware.audio.service       D  ACDB -> ACDB_CMD_GET_AFE_COMMON_TABLE
2026-05-15 14:05:13.194   765-3333  ACDB-LOADER             android.hardware.audio.service       D  ACDB -> AUDIO_SET_AFE_CAL cal_type[16] acdb_id[14]
2026-05-15 14:05:13.194   765-3333  ACDB-LOADER             android.hardware.audio.service       D  ACDB -> send_hw_delay : acdb_id = 14 path = 0
2026-05-15 14:05:13.194   765-3333  ACDB-LOADER             android.hardware.audio.service       D  ACDB -> ACDB_AVSYNC_INFO: ACDB_CMD_GET_DEVICE_PROPERTY
2026-05-15 14:05:13.194   765-3333  audio_hw_primary        android.hardware.audio.service       D  enable_audio_route: apply mixer and update path: low-latency-playback
2026-05-15 14:05:13.194   765-3333  audio_route             android.hardware.audio.service       D  Apply path: low-latency-playback
2026-05-15 14:05:13.196   765-3333  audio_hw_primary        android.hardware.audio.service       D  select_devices: done
2026-05-15 14:05:13.196   765-3333  msm8974_platform        android.hardware.audio.service       D  platform_set_channel_map mixer_ctl_name:Playback Channel Map13
2026-05-15 14:05:13.196   765-3333  msm8974_platform        android.hardware.audio.service       D  platform_set_channel_map: set mapping(1 2 0 0 0 0 0 0) for channel:2
2026-05-15 14:05:13.197  1190-21449 qdgralloc               media.codec                          D  Imported handle: 0xf3b83610 id: 684
2026-05-15 14:05:13.197  1190-21449 qdgralloc               media.codec                          D  GetTransportSize: num fds: 2 num ints: 23 err:0
2026-05-15 14:05:13.198   765-3333  msm8974_platform        android.hardware.audio.service       E  platform_set_channel_map: Could not set ctl, error:-1 ch_count:2
2026-05-15 14:05:13.210  1190-21449 qdgralloc               media.codec                          D  Imported handle: 0xf3b82e10 id: 685
2026-05-15 14:05:13.210  1190-21449 qdgralloc               media.codec                          D  GetTransportSize: num fds: 2 num ints: 23 err:0
2026-05-15 14:05:13.225  1190-21449 qdgralloc               media.codec                          D  Imported handle: 0xf3b83290 id: 684
2026-05-15 14:05:13.226  1190-21449 qdgralloc               media.codec                          D  GetTransportSize: num fds: 2 num ints: 23 err:0
2026-05-15 14:05:13.242  1190-21449 qdgralloc               media.codec                          D  Imported handle: 0xf3b81610 id: 685
2026-05-15 14:05:13.242  1190-21449 qdgralloc               media.codec                          D  GetTransportSize: num fds: 2 num ints: 23 err:0
2026-05-15 14:05:13.243   765-3333  audio_hw_primary        android.hardware.audio.service       D  start_output_stream: stream_handle(0xecb00010) usecase(1: low-latency-playback) out_snd_device(2: speaker)             acdb_id(14) sample_rate(48000) channel_mask(0x3) app_type(69937)             audio_mode(0 : MODE_NORMAL) out_flags(0x6 : OUTPUT_FLAG_PRIMARY|OUTPUT_FLAG_FAST) out_devices(0x2 : OUT_SPEAKER) 
2026-05-15 14:05:13.243   765-3333  audio_hw_primary        android.hardware.audio.service       D  start_output_stream: exit
2026-05-15 14:05:13.251  1523-2097  ActivityTaskManager     system_server                        I  The Process com.example.diverscan.activeid Already Exists in BG. So sending its PID: 21968
2026-05-15 14:05:13.252  1523-2097  ActivityTaskManager     system_server                        W  Tried to set launchTime (0) < mLastActivityLaunchTime (9394421)
2026-05-15 14:05:13.253  1523-2097  CompatibilityInfo       system_server                        D  mCompatibilityFlags - 0
2026-05-15 14:05:13.253  1523-2097  CompatibilityInfo       system_server                        D  applicationDensity - 320
2026-05-15 14:05:13.253  1523-2097  CompatibilityInfo       system_server                        D  applicationScale - 1.0
2026-05-15 14:05:13.258  1523-7313  AutofillMa...erviceImpl system_server                        W  getFillEventHistory() called by UID 10149, but service UID is 10146
2026-05-15 14:05:13.263  1190-21449 qdgralloc               media.codec                          D  Imported handle: 0xf3b83110 id: 684
2026-05-15 14:05:13.263  1190-21449 qdgralloc               media.codec                          D  GetTransportSize: num fds: 2 num ints: 23 err:0
2026-05-15 14:05:13.279  1190-21449 qdgralloc               media.codec                          D  Imported handle: 0xf3b82010 id: 685
2026-05-15 14:05:13.279  1190-21449 qdgralloc               media.codec                          D  GetTransportSize: num fds: 2 num ints: 23 err:0
2026-05-15 14:05:13.295  1190-21449 qdgralloc               media.codec                          D  Imported handle: 0xf3b82790 id: 684
2026-05-15 14:05:13.295  1190-21449 qdgralloc               media.codec                          D  GetTransportSize: num fds: 2 num ints: 23 err:0
2026-05-15 14:05:13.396  1190-25321 qdgralloc               media.codec                          D  Imported handle: 0xf3b82b90 id: 684
2026-05-15 14:05:13.396  1190-25321 qdgralloc               media.codec                          D  GetTransportSize: num fds: 2 num ints: 23 err:0
2026-05-15 14:05:13.420   704-716   statsd                  statsd                               D  StateTracker did not find state value for query key (27)0x10000->1041[I] 
2026-05-15 14:05:13.420   704-716   statsd                  statsd                               W  StateTracker not found for state atom 27
2026-05-15 14:05:13.427 21968-21968 RFID_UI                 com.example.diverscan.activeid       I  [APERTURA] ConfiguracionAntena abierta desde onCreate | fechaHora=2026-05-15 14:05:13.401 | epochMs=1778875513427
2026-05-15 14:05:13.427 21968-21968 RFID_UI                 com.example.diverscan.activeid       D  [VIEW] Abriendo ConfiguracionAntena para validacion de SDK RFID y lectura RFID.
2026-05-15 14:05:13.449 21968-21968 RFID_UI                 com.example.diverscan.activeid       D  [VIEW] Instancia TagWriter obtenida. Iniciando flujo de validacion RFID.
2026-05-15 14:05:13.449 21968-21968 RFID_SAMPLE             com.example.diverscan.activeid       D  InitSDK
2026-05-15 14:05:13.449 21968-21968 RFID_SDK                com.example.diverscan.activeid       D  ========== DIAGNÓSTICO ZEBRA RFID SDK ==========
2026-05-15 14:05:13.450 21968-21968 RFID_SDK                com.example.diverscan.activeid       D  [VALIDACION] Esta validacion corresponde al flujo RFID. DataWedge y scannercontrol son opcionales en esta vista.
2026-05-15 14:05:13.450 21968-21968 RFID_SDK                com.example.diverscan.activeid       D  [VALIDACION] Verificando paquetes requeridos para RFID...
2026-05-15 14:05:13.451 21968-21968 RFID_SDK                com.example.diverscan.activeid       E  [FALTA] Paquete NO instalado: com.zebra.rfid.rfidmanager
2026-05-15 14:05:13.453 21968-21968 RFID_SDK                com.example.diverscan.activeid       E  [FALTA] Paquete NO instalado: com.zebra.rfid.service
2026-05-15 14:05:13.453 21968-21968 RFID_SDK                com.example.diverscan.activeid       E  [FALTA] Paquete NO instalado: com.symbol.rfid.service
2026-05-15 14:05:13.454 21968-21968 RFID_SDK                com.example.diverscan.activeid       D  [VALIDACION] Verificando paquetes opcionales de scanner/barcode (no requeridos para RFID)...
2026-05-15 14:05:13.454 21968-21968 RFID_SDK                com.example.diverscan.activeid       W  [OPCIONAL] Paquete de scanner no instalado: com.zebra.scannercontrol
2026-05-15 14:05:13.456 21968-21968 RFID_SDK                com.example.diverscan.activeid       D  [OPCIONAL] Paquete de scanner encontrado: com.symbol.datawedge | versionName=13.0.114 | versionCode=29
2026-05-15 14:05:13.456 21968-21968 RFID_SDK                com.example.diverscan.activeid       D  --- Escaneando paquetes Zebra/RFID instalados para soporte del flujo RFID ---
2026-05-15 14:05:13.457  1523-7313  AppsFilter              system_server                        I  interaction: PackageSetting{91b74a9 com.example.diverscan.activeid/10321} -> PackageSetting{4b002a6 com.displaylink.desktop.oem/10113} BLOCKED
2026-05-15 14:05:13.457  1523-7313  AppsFilter              system_server                        I  interaction: PackageSetting{91b74a9 com.example.diverscan.activeid/10321} -> PackageSetting{223e4e7 com.checkpoint.VPN/10229} BLOCKED
2026-05-15 14:05:13.457  1523-7313  AppsFilter              system_server                        I  interaction: PackageSetting{91b74a9 com.example.diverscan.activeid/10321} -> PackageSetting{ab10894 com.android.cts.priv.ctsshim/10040} BLOCKED
2026-05-15 14:05:13.457  1523-7313  AppsFilter              system_server                        I  interaction: PackageSetting{91b74a9 com.example.diverscan.activeid/10321} -> PackageSetting{bbe26f1 com.google.android.youtube/10164} BLOCKED
2026-05-15 14:05:13.457  1523-7313  AppsFilter              system_server                        I  interaction: PackageSetting{91b74a9 com.example.diverscan.activeid/10321} -> PackageSetting{b49a332 com.android.uwb.resources/10219} BLOCKED
2026-05-15 14:05:13.457  1523-7313  AppsFilter              system_server                        I  interaction: PackageSetting{91b74a9 com.example.diverscan.activeid/10321} -> PackageSetting{8bfe883 com.android.internal.display.cutout.emulation.corner/10021} BLOCKED
2026-05-15 14:05:13.457  1523-7313  AppsFilter              system_server                        I  interaction: PackageSetting{91b74a9 com.example.diverscan.activeid/10321} -> PackageSetting{ae01a00 com.android.internal.display.cutout.emulation.double/10003} BLOCKED
2026-05-15 14:05:13.457  1523-7313  AppsFilter              system_server                        I  interaction: PackageSetting{91b74a9 com.example.diverscan.activeid/10321} -> PackageSetting{5574239 com.symbol.fota/10043} BLOCKED
2026-05-15 14:05:13.457  1523-7313  AppsFilter              system_server                        I  interaction: PackageSetting{91b74a9 com.example.diverscan.activeid/10321} -> PackageSetting{d6ac07e com.symbol.mxmf/10050} BLOCKED
2026-05-15 14:05:13.457  1523-7313  AppsFilter              system_server                        I  interaction: PackageSetting{91b74a9 com.example.diverscan.activeid/10321} -> PackageSetting{c8e89df com.google.android.googlequicksearchbox/10151} BLOCKED
2026-05-15 14:05:13.457  1523-7313  AppsFilter              system_server                        I  interaction: PackageSetting{91b74a9 com.example.diverscan.activeid/10321} -> PackageSetting{82cd62c com.google.android.onetimeinitializer/10134} BLOCKED
2026-05-15 14:05:13.458  1523-7313  AppsFilter              system_server                        I  interaction: PackageSetting{91b74a9 com.example.diverscan.activeid/10321} -> PackageSetting{660c8f5 com.google.android.ext.shared/10090} BLOCKED
2026-05-15 14:05:13.458  1523-7313  AppsFilter              system_server                        I  interaction: PackageSetting{91b74a9 com.example.diverscan.activeid/10321} -> PackageSetting{6ee668a com.android.internal.systemui.navbar.gestural_wide_back/10019} BLOCKED
2026-05-15 14:05:13.458  1523-7313  AppsFilter              system_server                        I  interaction: PackageSetting{91b74a9 com.example.diverscan.activeid/10321} -> PackageSetting{1f25a2e com.zebra.rfidreaderAPI.demo/10228} BLOCKED
2026-05-15 14:05:13.458  1523-7313  AppsFilter              system_server                        I  interaction: PackageSetting{91b74a9 com.example.diverscan.activeid/10321} -> PackageSetting{ca72918 org.codeaurora.dialer/10194} BLOCKED
2026-05-15 14:05:13.458  1523-7313  AppsFilter              system_server                        I  interaction: PackageSetting{91b74a9 com.example.diverscan.activeid/10321} -> PackageSetting{241ff71 com.android.htmlviewer/10114} BLOCKED
2026-05-15 14:05:13.458  1523-7313  AppsFilter              system_server                        I  interaction: PackageSetting{91b74a9 com.example.diverscan.activeid/10321} -> PackageSetting{4546156 com.zebra.licensemgrservice/10067} BLOCKED
2026-05-15 14:05:13.458  1523-7313  AppsFilter              system_server                        I  interaction: PackageSetting{91b74a9 com.example.diverscan.activeid/10321} -> PackageSetting{c19d5d7 com.google.android.apps.messaging/10148} BLOCKED
2026-05-15 14:05:13.458  1523-7313  AppsFilter              system_server                        I  interaction: PackageSetting{91b74a9 com.example.diverscan.activeid/10321} -> PackageSetting{171bec4 com.google.android.configupdater/10137} BLOCKED
2026-05-15 14:05:13.458  1523-7313  AppsFilter              system_server                        I  interaction: PackageSetting{91b74a9 com.example.diverscan.activeid/10321} -> PackageSetting{52621ad com.google.android.overlay.modules.permissioncontroller/10028} BLOCKED
2026-05-15 14:05:13.459  1523-7313  AppsFilter              system_server                        I  interaction: PackageSetting{91b74a9 com.example.diverscan.activeid/10321} -> PackageSetting{84d3ce2 com.zebra.licenseuiapp/10074} BLOCKED
2026-05-15 14:05:13.459  1523-7313  AppsFilter              system_server                        I  interaction: PackageSetting{91b74a9 com.example.diverscan.activeid/10321} -> PackageSetting{a3bf873 com.google.ar.core/10320} BLOCKED
2026-05-15 14:05:13.459  1523-7313  AppsFilter              system_server                        I  interaction: PackageSetting{91b74a9 com.example.diverscan.activeid/10321} -> PackageSetting{d2e0330 com.android.safetycenter.resources/10221} BLOCKED
2026-05-15 14:05:13.459  1523-7313  AppsFilter              system_server                        I  interaction: PackageSetting{91b74a9 com.example.diverscan.activeid/10321} -> PackageSetting{8b02ba9 com.android.simappdialog/10102} BLOCKED
2026-05-15 14:05:13.459  1523-7313  AppsFilter              system_server                        I  interaction: PackageSetting{91b74a9 com.example.diverscan.activeid/10321} -> PackageSetting{e06452e com.zebra.enrollmentmgr/10073} BLOCKED
2026-05-15 14:05:13.459  1523-7313  AppsFilter              system_server                        I  interaction: PackageSetting{91b74a9 com.example.diverscan.activeid/10321} -> PackageSetting{153a8cf com.android.connectivity.resources/10220} BLOCKED
2026-05-15 14:05:13.459  1523-7313  AppsFilter              system_server                        I  interaction: PackageSetting{91b74a9 com.example.diverscan.activeid/10321} -> PackageSetting{d28225c com.android.internal.display.cutout.emulation.hole/10013} BLOCKED
2026-05-15 14:05:13.459  1523-7313  AppsFilter              system_server                        I  interaction: PackageSetting{91b74a9 com.example.diverscan.activeid/10321} -> PackageSetting{3b6d965 com.android.internal.display.cutout.emulation.tall/10011} BLOCKED
2026-05-15 14:05:13.459  1523-7313  AppsFilter              system_server                        I  interaction: PackageSetting{91b74a9 com.example.diverscan.activeid/10321} -> PackageSetting{435863a com.zebra.lifeguardotamanager/10088} BLOCKED
2026-05-15 14:05:13.459  1523-7313  AppsFilter              system_server                        I  interaction: PackageSetting{91b74a9 com.example.diverscan.activeid/10321} -> PackageSetting{48c02eb com.android.internal.systemui.navbar.threebutton/10024} BLOCKED
2026-05-15 14:05:13.459  1523-7313  AppsFilter              system_server                        I  interaction: PackageSetting{91b74a9 com.example.diverscan.activeid/10321} -> PackageSetting{5430848 com.android.wifi.dialog/10218} BLOCKED
2026-05-15 14:05:13.459  1523-7313  AppsFilter              system_server                        I  interaction: PackageSetting{91b74a9 com.example.diverscan.activeid/10321} -> PackageSetting{9c0a6e1 com.android.contacts/10140} BLOCKED
2026-05-15 14:05:13.460  1523-7313  AppsFilter              system_server                        I  interaction: PackageSetting{91b74a9 com.example.diverscan.activeid/10321} -> PackageSetting{ce5cc06 com.android.launcher3/10199} BLOCKED
2026-05-15 14:05:13.460  1523-7313  AppsFilter              system_server                        I  interaction: PackageSetting{91b74a9 com.example.diverscan.activeid/10321} -> PackageSetting{4a5e2c7 com.symbol.vod/10132} BLOCKED
2026-05-15 14:05:13.460  1523-7313  AppsFilter              system_server                        I  interaction: PackageSetting{91b74a9 com.example.diverscan.activeid/10321} -> PackageSetting{2a460f4 com.google.android.as/10149} BLOCKED
2026-05-15 14:05:13.460  1523-7313  AppsFilter              system_server                        I  interaction: PackageSetting{91b74a9 com.example.diverscan.activeid/10321} -> PackageSetting{63fd01d com.google.android.gm/10179} BLOCKED
2026-05-15 14:05:13.460  1523-7313  AppsFilter              system_server                        I  interaction: PackageSetting{91b74a9 com.example.diverscan.activeid/10321} -> PackageSetting{e02a292 com.google.android.apps.tachyon/10161} BLOCKED
2026-05-15 14:05:13.460  1523-7313  AppsFilter              system_server                        I  interaction: PackageSetting{91b74a9 com.example.diverscan.activeid/10321} -> PackageSetting{393e463 com.google.android.overlay.gmsconfig.common/10025} BLOCKED
2026-05-15 14:05:13.460  1523-7313  AppsFilter              system_server                        I  interaction: PackageSetting{91b74a9 com.example.diverscan.activeid/10321} -> PackageSetting{d209860 com.android.settings.intelligence/10135} BLOCKED
2026-05-15 14:05:13.460  1523-7313  AppsFilter              system_server                        I  interaction: PackageSetting{91b74a9 com.example.diverscan.activeid/10321} -> PackageSetting{f8e5119 com.android.internal.systemui.navbar.gestural_extra_wide_back/10031} BLOCKED
2026-05-15 14:05:13.460  1523-7313  AppsFilter              system_server                        I  interaction: PackageSetting{91b74a9 com.example.diverscan.activeid/10321} -> PackageSetting{ea455de com.google.android.setupwizard/10192} BLOCKED
2026-05-15 14:05:13.460  1523-7313  AppsFilter              system_server                        I  interaction: PackageSetting{91b74a9 com.example.diverscan.activeid/10321} -> PackageSetting{5d663bf com.android.printspooler/10110} BLOCKED
2026-05-15 14:05:13.460  1523-7313  AppsFilter              system_server                        I  interaction: PackageSetting{91b74a9 com.example.diverscan.activeid/10321} -> PackageSetting{366da8c com.android.dreams.basic/10112} BLOCKED
2026-05-15 14:05:13.460  1523-7313  AppsFilter              system_server                        I  interaction: PackageSetting{91b74a9 com.example.diverscan.activeid/10321} -> PackageSetting{da9e5d5 com.google.android.as.oss/10145} BLOCKED
2026-05-15 14:05:13.461  1523-7313  AppsFilter              system_server                        I  interaction: PackageSetting{91b74a9 com.example.diverscan.activeid/10321} -> PackageSetting{d1bf1ea com.google.android.overlay.gmsconfig.photos/10016} BLOCKED
2026-05-15 14:05:13.461  1523-7313  AppsFilter              system_server                        I  interaction: PackageSetting{91b74a9 com.example.diverscan.activeid/10321} -> PackageSetting{d977cdb com.zebra.overlay.roundedsq/10004} BLOCKED
2026-05-15 14:05:13.461  1523-7313  AppsFilter              system_server                        I  interaction: PackageSetting{91b74a9 com.example.diverscan.activeid/10321} -> PackageSetting{ded1378 com.symbol.mxmf.csp.enterprisekeyboard/10039} BLOCKED
2026-05-15 14:05:13.461  1523-7313  AppsFilter              system_server                        I  interaction: PackageSetting{91b74a9 com.example.diverscan.activeid/10321} -> PackageSetting{b00a51 com.google.android.captiveportallogin/10107} BLOCKED
2026-05-15 14:05:13.461  1523-7313  AppsFilter              system_server                        I  interaction: PackageSetting{91b74a9 com.example.diverscan.activeid/10321} -> PackageSetting{9bf42b6 com.google.android.overlay.gmsconfig.comms/10020} BLOCKED
2026-05-15 14:05:13.461  1523-7313  AppsFilter              system_server                        I  interaction: PackageSetting{91b74a9 com.example.diverscan.activeid/10321} -> PackageSetting{b870bb7 com.android.musicfx/10066} BLOCKED
2026-05-15 14:05:13.461  1523-7313  AppsFilter              system_server                        I  interaction: PackageSetting{91b74a9 com.example.diverscan.activeid/10321} -> PackageSetting{49bef24 com.google.android.apps.docs/10178} BLOCKED
2026-05-15 14:05:13.461  1523-7313  AppsFilter              system_server                        I  interaction: PackageSetting{91b74a9 com.example.diverscan.activeid/10321} -> PackageSetting{319fa8d com.google.android.apps.maps/10188} BLOCKED
2026-05-15 14:05:13.461  1523-7313  AppsFilter              system_server                        I  interaction: PackageSetting{91b74a9 com.example.diverscan.activeid/10321} -> PackageSetting{274d442 com.symbol.dataanalytics/10041} BLOCKED
2026-05-15 14:05:13.461  1523-7313  AppsFilter              system_server                        I  interaction: PackageSetting{91b74a9 com.example.diverscan.activeid/10321} -> PackageSetting{176ac53 com.google.android.webview/10176} BLOCKED
2026-05-15 14:05:13.461  1523-7313  AppsFilter              system_server                        I  interaction: PackageSetting{91b74a9 com.example.diverscan.activeid/10321} -> PackageSetting{33ad990 com.google.android.overlay.modules.documentsui/10010} BLOCKED
2026-05-15 14:05:13.461  1523-7313  AppsFilter              system_server                        I  interaction: PackageSetting{91b74a9 com.example.diverscan.activeid/10321} -> PackageSetting{3b8b289 com.google.android.contactkeys/10208} BLOCKED
2026-05-15 14:05:13.461  1523-7313  AppsFilter              system_server                        I  interaction: PackageSetting{91b74a9 com.example.diverscan.activeid/10321} -> PackageSetting{afff28e com.google.android.calculator/10183} BLOCKED
2026-05-15 14:05:13.461  1523-7313  AppsFilter              system_server                        I  interaction: PackageSetting{91b74a9 com.example.diverscan.activeid/10321} -> PackageSetting{2b5baaf com.android.chrome/10177} BLOCKED
2026-05-15 14:05:13.461  1523-7313  AppsFilter              system_server                        I  interaction: PackageSetting{91b74a9 com.example.diverscan.activeid/10321} -> PackageSetting{89bfebc com.google.android.ims/10138} BLOCKED
2026-05-15 14:05:13.462  1523-7313  AppsFilter              system_server                        I  interaction: PackageSetting{91b74a9 com.example.diverscan.activeid/10321} -> PackageSetting{370ee45 com.google.android.tag/10059} BLOCKED
2026-05-15 14:05:13.462  1523-7313  AppsFilter              system_server                        I  interaction: PackageSetting{91b74a9 com.example.diverscan.activeid/10321} -> PackageSetting{e0ca99a com.android.wifi.resources/10216} BLOCKED
2026-05-15 14:05:13.462  1523-7313  AppsFilter              system_server                        I  interaction: PackageSetting{91b74a9 com.example.diverscan.activeid/10321} -> PackageSetting{e2d52cb com.zebra.devicemanager/10054} BLOCKED
2026-05-15 14:05:13.462  1523-7313  AppsFilter              system_server                        I  interaction: PackageSetting{91b74a9 com.example.diverscan.activeid/10321} -> PackageSetting{c884aa8 com.google.android.partnersetup/10143} BLOCKED
2026-05-15 14:05:13.462  1523-7313  AppsFilter              system_server                        I  interaction: PackageSetting{91b74a9 com.example.diverscan.activeid/10321} -> PackageSetting{2b729c1 com.google.android.videos/10167} BLOCKED
2026-05-15 14:05:13.462  1523-7313  AppsFilter              system_server                        I  interaction: PackageSetting{91b74a9 com.example.diverscan.activeid/10321} -> PackageSetting{2fbc566 com.google.android.overlay.gmsconfig.asi/10001} BLOCKED
2026-05-15 14:05:13.462  1523-7313  AppsFilter              system_server                        I  interaction: PackageSetting{91b74a9 com.example.diverscan.activeid/10321} -> PackageSetting{e3c50a7 com.google.android.overlay.gmsconfig.gsa/10026} BLOCKED
2026-05-15 14:05:13.462  1523-7313  AppsFilter              system_server                        I  interaction: PackageSetting{91b74a9 com.example.diverscan.activeid/10321} -> PackageSetting{86b6954 com.android.theme.font.notoserifsource/10008} BLOCKED
2026-05-15 14:05:13.462  1523-7313  AppsFilter              system_server                        I  interaction: PackageSetting{91b74a9 com.example.diverscan.activeid/10321} -> PackageSetting{acba0fd com.android.internal.display.cutout.emulation.waterfall/10030} BLOCKED
2026-05-15 14:05:13.462  1523-7313  AppsFilter              system_server                        I  interaction: PackageSetting{91b74a9 com.example.diverscan.activeid/10321} -> PackageSetting{46ed1f2 com.google.android.feedback/10200} BLOCKED
2026-05-15 14:05:13.462  1523-7313  AppsFilter              system_server                        I  interaction: PackageSetting{91b74a9 com.example.diverscan.activeid/10321} -> PackageSetting{a535043 com.google.android.printservice.recommendation/10091} BLOCKED
2026-05-15 14:05:13.462  1523-7313  AppsFilter              system_server                        I  interaction: PackageSetting{91b74a9 com.example.diverscan.activeid/10321} -> PackageSetting{ebfc6c0 com.google.android.apps.photos/10166} BLOCKED
2026-05-15 14:05:13.462  1523-7313  AppsFilter              system_server                        I  interaction: PackageSetting{91b74a9 com.example.diverscan.activeid/10321} -> PackageSetting{18eeb35 com.google.android.calendar/10168} BLOCKED
2026-05-15 14:05:13.462  1523-7313  AppsFilter              system_server                        I  interaction: PackageSetting{91b74a9 com.example.diverscan.activeid/10321} -> PackageSetting{eb64ff9 com.google.android.documentsui/10083} BLOCKED
2026-05-15 14:05:13.462  1523-7313  AppsFilter              system_server                        I  interaction: PackageSetting{91b74a9 com.example.diverscan.activeid/10321} -> PackageSetting{3941b3e com.android.dreams.phototable/10154} BLOCKED
2026-05-15 14:05:13.463  1523-7313  AppsFilter              system_server                        I  interaction: PackageSetting{91b74a9 com.example.diverscan.activeid/10321} -> PackageSetting{650ad9f com.symbol.emdk.emdkservice/10058} BLOCKED
2026-05-15 14:05:13.463  1523-7313  AppsFilter              system_server                        I  interaction: PackageSetting{91b74a9 com.example.diverscan.activeid/10321} -> PackageSetting{d3a8eec com.android.providers.partnerbookmarks/10128} BLOCKED
2026-05-15 14:05:13.463  1523-7313  AppsFilter              system_server                        I  interaction: PackageSetting{91b74a9 com.example.diverscan.activeid/10321} -> PackageSetting{2f2b5 com.android.smspush/10205} BLOCKED
2026-05-15 14:05:13.463  1523-7313  AppsFilter              system_server                        I  interaction: PackageSetting{91b74a9 com.example.diverscan.activeid/10321} -> PackageSetting{432ad4a com.android.powermenu/10023} BLOCKED
2026-05-15 14:05:13.463  1523-7313  AppsFilter              system_server                        I  interaction: PackageSetting{91b74a9 com.example.diverscan.activeid/10321} -> PackageSetting{b9c84bb com.zebra.showcaseapp/10109} BLOCKED
2026-05-15 14:05:13.463  1523-7313  AppsFilter              system_server                        I  interaction: PackageSetting{91b74a9 com.example.diverscan.activeid/10321} -> PackageSetting{5b7add8 com.android.wallpaper.livepicker/10038} BLOCKED
2026-05-15 14:05:13.463  1523-7313  AppsFilter              system_server                        I  interaction: PackageSetting{91b74a9 com.example.diverscan.activeid/10321} -> PackageSetting{33d0531 com.android.imsserviceentitlement/10142} BLOCKED
2026-05-15 14:05:13.463  1523-7313  AppsFilter              system_server                        I  interaction: PackageSetting{91b74a9 com.example.diverscan.activeid/10321} -> PackageSetting{d765416 com.symbol.mxmf.csp.analyticsmgr/10071} BLOCKED
2026-05-15 14:05:13.463  1523-7313  AppsFilter              system_server                        I  interaction: PackageSetting{91b74a9 com.example.diverscan.activeid/10321} -> PackageSetting{804b197 com.android.bookmarkprovider/10093} BLOCKED
2026-05-15 14:05:13.463  1523-7313  AppsFilter              system_server                        I  interaction: PackageSetting{91b74a9 com.example.diverscan.activeid/10321} -> PackageSetting{9e5cf84 com.zebra.zebracontentprovider/10081} BLOCKED
2026-05-15 14:05:13.463  1523-7313  AppsFilter              system_server                        I  interaction: PackageSetting{91b74a9 com.example.diverscan.activeid/10321} -> PackageSetting{2bc36d com.symbol.tool.stagenow/10080} BLOCKED
2026-05-15 14:05:13.463  1523-7313  AppsFilter              system_server                        I  interaction: PackageSetting{91b74a9 com.example.diverscan.activeid/10321} -> PackageSetting{b7b9ba2 com.termux/10247} BLOCKED
2026-05-15 14:05:13.463  1523-7313  AppsFilter              system_server                        I  interaction: PackageSetting{91b74a9 com.example.diverscan.activeid/10321} -> PackageSetting{e58d033 com.zebra.osx.powermenu/10012} BLOCKED
2026-05-15 14:05:13.463  1523-7313  AppsFilter              system_server                        I  interaction: PackageSetting{91b74a9 com.example.diverscan.activeid/10321} -> PackageSetting{b996b7a com.google.android.projection.gearhead/10136} BLOCKED
2026-05-15 14:05:13.464  1523-7313  AppsFilter              system_server                        I  interaction: PackageSetting{91b74a9 com.example.diverscan.activeid/10321} -> PackageSetting{5b25ff0 com.google.android.apps.turbo/10147} BLOCKED
2026-05-15 14:05:13.464  1523-7313  AppsFilter              system_server                        I  interaction: PackageSetting{91b74a9 com.example.diverscan.activeid/10321} -> PackageSetting{96e1f2b com.android.cts.ctsshim/10096} BLOCKED
2026-05-15 14:05:13.464  1523-7313  AppsFilter              system_server                        I  interaction: PackageSetting{91b74a9 com.example.diverscan.activeid/10321} -> PackageSetting{9ce2969 com.zebra.securestoragemanager/10036} BLOCKED
2026-05-15 14:05:13.464  1523-7313  AppsFilter              system_server                        I  interaction: PackageSetting{91b74a9 com.example.diverscan.activeid/10321} -> PackageSetting{d9bcfee com.android.sdksandbox/10227} BLOCKED
2026-05-15 14:05:13.464  1523-7313  AppsFilter              system_server                        I  interaction: PackageSetting{91b74a9 com.example.diverscan.activeid/10321} -> PackageSetting{4c63c8f org.codeaurora.snapcam/10044} BLOCKED
2026-05-15 14:05:13.464  1523-7313  AppsFilter              system_server                        I  interaction: PackageSetting{91b74a9 com.example.diverscan.activeid/10321} -> PackageSetting{4758b1c com.zebra.wfc.service/10121} BLOCKED
2026-05-15 14:05:13.464  1523-7313  AppsFilter              system_server                        I  interaction: PackageSetting{91b74a9 com.example.diverscan.activeid/10321} -> PackageSetting{a16f325 com.symbol.dataanalytics.dca/10035} BLOCKED
2026-05-15 14:05:13.464  1523-7313  AppsFilter              system_server                        I  interaction: PackageSetting{91b74a9 com.example.diverscan.activeid/10321} -> PackageSetting{d78fcfa com.android.hotspot2.osulogin/10217} BLOCKED
2026-05-15 14:05:13.464  1523-7313  AppsFilter              system_server                        I  interaction: PackageSetting{91b74a9 com.example.diverscan.activeid/10321} -> PackageSetting{cf412ab com.google.android.gms.location.history/10163} BLOCKED
2026-05-15 14:05:13.464  1523-7313  AppsFilter              system_server                        I  interaction: PackageSetting{91b74a9 com.example.diverscan.activeid/10321} -> PackageSetting{cde3d08 com.android.internal.systemui.navbar.gestural/10009} BLOCKED
2026-05-15 14:05:13.464  1523-7313  AppsFilter              system_server                        I  interaction: PackageSetting{91b74a9 com.example.diverscan.activeid/10321} -> PackageSetting{d689ca1 com.google.android.apps.youtube.music/10158} BLOCKED
2026-05-15 14:05:13.464  1523-7313  AppsFilter              system_server                        I  interaction: PackageSetting{91b74a9 com.example.diverscan.activeid/10321} -> PackageSetting{ac9eec6 com.android.bluetoothmidiservice/10115} BLOCKED
2026-05-15 14:05:13.465  1523-7313  AppsFilter              system_server                        I  interaction: PackageSetting{91b74a9 com.example.diverscan.activeid/10321} -> PackageSetting{1df2e87 com.zebra.zebradna/10056} BLOCKED
2026-05-15 14:05:13.465  1523-7313  AppsFilter              system_server                        I  interaction: PackageSetting{91b74a9 com.example.diverscan.activeid/10321} -> PackageSetting{f9e21b4 com.zebra.commontransportlayer/10053} BLOCKED
2026-05-15 14:05:13.465  1523-7313  AppsFilter              system_server                        I  interaction: PackageSetting{91b74a9 com.example.diverscan.activeid/10321} -> PackageSetting{9d161dd com.android.internal.systemui.navbar.gestural_narrow_back/10007} BLOCKED
2026-05-15 14:05:13.465  1523-7313  AppsFilter              system_server                        I  interaction: PackageSetting{91b74a9 com.example.diverscan.activeid/10321} -> PackageSetting{7e63152 com.google.android.inputmethod.latin/10181} BLOCKED
2026-05-15 14:05:13.465  1523-7313  AppsFilter              system_server                        I  interaction: PackageSetting{91b74a9 com.example.diverscan.activeid/10321} -> PackageSetting{7762c23 com.zebra.mdna.devicetrackercloud/10079} BLOCKED
2026-05-15 14:05:13.465  1523-7313  AppsFilter              system_server                        I  interaction: PackageSetting{91b74a9 com.example.diverscan.activeid/10321} -> PackageSetting{4d5a520 com.google.android.apps.restore/10141} BLOCKED
2026-05-15 14:05:13.491 21968-21968 RFID_SDK                com.example.diverscan.activeid       D  [SCAN] com.zebra.timecacher v1.2
2026-05-15 14:05:13.491 21968-21968 RFID_SDK                com.example.diverscan.activeid       D  [SCAN] com.zebra.overlay.touchConfigRROEeti v13
2026-05-15 14:05:13.491 21968-21968 RFID_SDK                com.example.diverscan.activeid       D  [SCAN] com.zebra.zcm v1.4
2026-05-15 14:05:13.491 21968-21968 RFID_SDK                com.example.diverscan.activeid       D  [SCAN] com.zebra.valueadd.autoscan v1.0
2026-05-15 14:05:13.491 21968-21968 RFID_SDK                com.example.diverscan.activeid       D  [SCAN] com.zebra.keyeventservice v0.2.10
2026-05-15 14:05:13.491 21968-21968 RFID_SDK                com.example.diverscan.activeid       D  [SCAN] com.zebra.popupcontrol v1.3
2026-05-15 14:05:13.491 21968-21968 RFID_SDK                com.example.diverscan.activeid       D  [SCAN] com.zebra.smartmu.wfwsupportservice v3.2.10
2026-05-15 14:05:13.491 21968-21968 RFID_SDK                com.example.diverscan.activeid       D  [SCAN] com.zebra.smartmu.service v3.2.10
2026-05-15 14:05:13.491 21968-21968 RFID_SDK                com.example.diverscan.activeid       D  [SCAN] com.zebra.autoserviceselection v1.0.1
2026-05-15 14:05:13.491 21968-21968 RFID_SDK                com.example.diverscan.activeid       D  [SCAN] com.zebra.locationprerun v13
2026-05-15 14:05:13.492 21968-21968 RFID_SDK                com.example.diverscan.activeid       D  [SCAN] com.zebra.bluetoothsystem v13.1.0
2026-05-15 14:05:13.492 21968-21968 RFID_SDK                com.example.diverscan.activeid       D  [SCAN] com.symbol.swcomponents v1.0.17
2026-05-15 14:05:13.492 21968-21968 RFID_SDK                com.example.diverscan.activeid       D  [SCAN] com.zebra.plmn v1.0.1
2026-05-15 14:05:13.492 21968-21968 RFID_SDK                com.example.diverscan.activeid       D  [SCAN] com.zebra.nfcquicksettings v2.0
2026-05-15 14:05:13.492 21968-21968 RFID_SDK                com.example.diverscan.activeid       D  [SCAN] com.zebra.valueadd.rsmservice v7.0.22
2026-05-15 14:05:13.492 21968-21968 RFID_SDK                com.example.diverscan.activeid       D  [SCAN] com.symbol.dataanalytics.systemhelper v14.0.1.1011
2026-05-15 14:05:13.492 21968-21968 RFID_SDK                com.example.diverscan.activeid       D  [SCAN] com.zebra.dhcpoptionmgr vdhcp_scat.11.2.9
2026-05-15 14:05:13.492 21968-21968 RFID_SDK                com.example.diverscan.activeid       D  [SCAN] com.symbol.csp.audiomgr v11.0.18
2026-05-15 14:05:13.492 21968-21968 RFID_SDK                com.example.diverscan.activeid       D  [SCAN] com.symbol.osx.osxprovisionservice v13.0.0.11
2026-05-15 14:05:13.492 21968-21968 RFID_SDK                com.example.diverscan.activeid       D  [SCAN] com.symbol.osx.threatdetectionservice v11.0
2026-05-15 14:05:13.492 21968-21968 RFID_SDK                com.example.diverscan.activeid       D  [SCAN] com.zebra.valueadd.touchservice v11.8.1
2026-05-15 14:05:13.492 21968-21968 RFID_SDK                com.example.diverscan.activeid       D  [SCAN] com.zebra.ethtracker v1.0
2026-05-15 14:05:13.492 21968-21968 RFID_SDK                com.example.diverscan.activeid       D  [SCAN] com.symbol.cu v1.0
2026-05-15 14:05:13.492 21968-21968 RFID_SDK                com.example.diverscan.activeid       D  [SCAN] com.symbol.dd v1.0
2026-05-15 14:05:13.492 21968-21968 RFID_SDK                com.example.diverscan.activeid       D  [SCAN] com.symbol.osx.rootdetection v11.0
2026-05-15 14:05:13.492 21968-21968 RFID_SDK                com.example.diverscan.activeid       D  [SCAN] com.zebra.engtools v1.0
2026-05-15 14:05:13.493 21968-21968 RFID_SDK                com.example.diverscan.activeid       D  [SCAN] com.zebra.oeminfo v9.0.0.935
2026-05-15 14:05:13.493 21968-21968 RFID_SDK                com.example.diverscan.activeid       D  [SCAN] com.zebra.location v13
2026-05-15 14:05:13.493 21968-21968 RFID_SDK                com.example.diverscan.activeid       D  [SCAN] com.zebra.server v1.10
2026-05-15 14:05:13.493 21968-21968 RFID_SDK                com.example.diverscan.activeid       D  [SCAN] com.symbol.ntp v13
2026-05-15 14:05:13.493 21968-21968 RFID_SDK                com.example.diverscan.activeid       D  [SCAN] com.zebra.zva.wificonfig v1.0
2026-05-15 14:05:13.493 21968-21968 RFID_SDK                com.example.diverscan.activeid       D  [SCAN] com.symbol.batterymanager v1.4.3
2026-05-15 14:05:13.493 21968-21968 RFID_SDK                com.example.diverscan.activeid       D  [SCAN] com.symbol.fusionsettings vBA_1.00.0.0.001
2026-05-15 14:05:13.493 21968-21968 RFID_SDK                com.example.diverscan.activeid       D  [SCAN] com.symbol.zremotekey v0.1.1
2026-05-15 14:05:13.493 21968-21968 RFID_SDK                com.example.diverscan.activeid       D  [SCAN] com.zebra.zvahelper v1.2.7
2026-05-15 14:05:13.493 21968-21968 RFID_SDK                com.example.diverscan.activeid       D  [SCAN] com.symbol.csp.audiovoluimgr v11.0.0.105
2026-05-15 14:05:13.493 21968-21968 RFID_SDK                com.example.diverscan.activeid       D  [SCAN] com.symbol.zebraeula v13
2026-05-15 14:05:13.493 21968-21968 RFID_SDK                com.example.diverscan.activeid       D  [SCAN] com.symbol.osx.proxyframework v10.0
2026-05-15 14:05:13.493 21968-21968 RFID_SDK                com.example.diverscan.activeid       D  [SCAN] com.symbol.ethernetsettings v1.29
2026-05-15 14:05:13.493 21968-21968 RFID_SDK                com.example.diverscan.activeid       D  [SCAN] com.symbol.rxloggerutility v2.0.14.2
2026-05-15 14:05:13.494 21968-21968 RFID_SDK                com.example.diverscan.activeid       D  [SCAN] com.zebra.subsidylockservice v4.0.2
2026-05-15 14:05:13.494 21968-21968 RFID_SDK                com.example.diverscan.activeid       D  [SCAN] com.symbol.WakeupSources v0.1.3
2026-05-15 14:05:13.494 21968-21968 RFID_SDK                com.example.diverscan.activeid       D  [SCAN] com.zebra.valueadd.enfc v13
2026-05-15 14:05:13.494 21968-21968 RFID_SDK                com.example.diverscan.activeid       D  [SCAN] com.zebra.valueadd.batterymgr v10.12
2026-05-15 14:05:13.494 21968-21968 RFID_SDK                com.example.diverscan.activeid       D  [SCAN] com.zebra.enterprisenfcsettings v1.2.0
2026-05-15 14:05:13.494 21968-21968 RFID_SDK                com.example.diverscan.activeid       D  [SCAN] com.zebra.eventinjectionservice v13.0.0.2
2026-05-15 14:05:13.494 21968-21968 RFID_SDK                com.example.diverscan.activeid       D  [SCAN] com.zebra.bluetooth v13.4.3
2026-05-15 14:05:13.494 21968-21968 RFID_SDK                com.example.diverscan.activeid       D  [SCAN] com.zebra.valueadd.keymappingservice v11.4.3
2026-05-15 14:05:13.494 21968-21968 RFID_SDK                com.example.diverscan.activeid       D  [SCAN] com.zebra.csp.cellularmgr v3.4.0
2026-05-15 14:05:13.494 21968-21968 RFID_SDK                com.example.diverscan.activeid       D  [SCAN] com.symbol.mxmf.proxyframework v13.1.0.8
2026-05-15 14:05:13.494 21968-21968 RFID_SDK                com.example.diverscan.activeid       D  [SCAN] com.symbol.osx.appinstallerservice v13.0.0.2
2026-05-15 14:05:13.494 21968-21968 RFID_SDK                com.example.diverscan.activeid       D  [SCAN] com.symbol.projectmediaservice v13
2026-05-15 14:05:13.495 21968-21968 RFID_SDK                com.example.diverscan.activeid       D  [SCAN] com.zebra.zva.worryfreewificonfig v1.0
2026-05-15 14:05:13.495 21968-21968 RFID_SDK                com.example.diverscan.activeid       D  [SCAN] com.zebra.networkconnectionmgr v1.0.4
2026-05-15 14:05:13.495 21968-21968 RFID_SDK                com.example.diverscan.activeid       D  [SCAN] com.symbol.scanning.scanningframework v6.1.42
2026-05-15 14:05:13.495 21968-21968 RFID_SDK                com.example.diverscan.activeid       D  [SCAN] com.zebra.datacapturevision v1.4.22
2026-05-15 14:05:13.495 21968-21968 RFID_SDK                com.example.diverscan.activeid       D  [SCAN] com.symbol.datawedge v13.0.114
2026-05-15 14:05:13.495 21968-21968 RFID_SDK                com.example.diverscan.activeid       D  [SCAN] com.zebra.regulatory v1.3
2026-05-15 14:05:13.495 21968-21968 RFID_SDK                com.example.diverscan.activeid       D  [SCAN] com.symbol.service v1.6
2026-05-15 14:05:13.495 21968-21968 RFID_SDK                com.example.diverscan.activeid       D  [SCAN] com.symbol.zebrafolders v13.0.0.0
2026-05-15 14:05:13.495 21968-21968 RFID_SDK                com.example.diverscan.activeid       D  [SCAN] com.symbol.batteryswapserv v4.1.40
2026-05-15 14:05:13.495 21968-21968 RFID_SDK                com.example.diverscan.activeid       D  [SCAN] com.symbol.ledbrightness v13
2026-05-15 14:05:13.495 21968-21968 RFID_SDK                com.example.diverscan.activeid       D  [SCAN] com.zebra.csp.gprsmgr v1.2.1
2026-05-15 14:05:13.495 21968-21968 RFID_SDK                com.example.diverscan.activeid       D  [SCAN] com.symbol.fusionlogger vBA_1.00.0.0.001
2026-05-15 14:05:13.495 21968-21968 RFID_SDK                com.example.diverscan.activeid       D  [SCAN] com.symbol.fusionservice vBA_1.00.0.0.001
2026-05-15 14:05:13.495 21968-21968 RFID_SDK                com.example.diverscan.activeid       D  [SCAN] com.symbol.rxlogger v13.0.11.17
2026-05-15 14:05:13.495 21968-21968 RFID_SDK                com.example.diverscan.activeid       D  [SCAN] com.zebra.bluetooth.settings v13.1.0
2026-05-15 14:05:13.496 21968-21968 RFID_SDK                com.example.diverscan.activeid       D  [SCAN] com.zebra.files v13
2026-05-15 14:05:13.496 21968-21968 RFID_SDK                com.example.diverscan.activeid       D  [SCAN] com.zebra.phone v4.0
2026-05-15 14:05:13.496 21968-21968 RFID_SDK                com.example.diverscan.activeid       D  [SCAN] com.zebra.zkeymapper v0.1.7
2026-05-15 14:05:13.496 21968-21968 RFID_SDK                com.example.diverscan.activeid       D  [SCAN] com.symbol.zebravolumecontrol v2.0.31.7
2026-05-15 14:05:13.496 21968-21968 RFID_SDK                com.example.diverscan.activeid       D  [SCAN] com.zebra.zebravolumecontrol3 v3.0.0.93
2026-05-15 14:05:13.496 21968-21968 RFID_SDK                com.example.diverscan.activeid       D  [SCAN] com.zebra.zcarrierconfig v1.0.8
2026-05-15 14:05:13.496 21968-21968 RFID_SDK                com.example.diverscan.activeid       D  [SCAN] com.symbol.osx.securestorage v11.0.0
2026-05-15 14:05:13.496 21968-21968 RFID_SDK                com.example.diverscan.activeid       D  [SCAN] com.zebra.touchpanelui v1.2
2026-05-15 14:05:13.496 21968-21968 RFID_SDK                com.example.diverscan.activeid       D  [SCAN] com.zebra.smartmu.app v3.2.13
2026-05-15 14:05:13.496 21968-21968 RFID_SDK                com.example.diverscan.activeid       D  [SCAN] com.symbol.scannerfirmwareupdate v4.24
2026-05-15 14:05:13.496 21968-21968 RFID_SDK                com.example.diverscan.activeid       D  [SCAN] com.zebra.overlay.touchConfigRROSynaptics v13
2026-05-15 14:05:13.496  1190-25321 qdgralloc               media.codec                          D  Imported handle: 0xf3b81f90 id: 684
2026-05-15 14:05:13.496  1190-25321 qdgralloc               media.codec                          D  GetTransportSize: num fds: 2 num ints: 23 err:0
2026-05-15 14:05:13.497 21968-21968 RFID_SDK                com.example.diverscan.activeid       E  [FALLA] RFIDService NO encontrado: com.zebra.rfid.rfidmanager/.RFIDService
2026-05-15 14:05:13.498 21968-21968 RFID_SDK                com.example.diverscan.activeid       E          Causa: ComponentInfo{com.zebra.rfid.rfidmanager/com.zebra.rfid.rfidmanager.RFIDService}
2026-05-15 14:05:13.498 21968-21968 RFID_SDK                com.example.diverscan.activeid       E          → Esto explica el error 'avc: denied { find }' de SELinux.
2026-05-15 14:05:13.498 21968-21968 RFID_SDK                com.example.diverscan.activeid       D  ========== FIN DIAGNÓSTICO ==========
2026-05-15 14:05:13.499 21968-22040 RFID_SAMPLE             com.example.diverscan.activeid       D  [VALIDACION] CreateInstanceTask: Iniciando configuracion de Readers para RFID.
2026-05-15 14:05:13.499 21968-22040 RFID_SAMPLE             com.example.diverscan.activeid       D  [VALIDACION] Intentando inicializar RFID con ENUM_TRANSPORT.SERVICE_SERIAL
2026-05-15 14:05:13.500 21968-21968 RFID_UI                 com.example.diverscan.activeid       D  [VIEW] Potencia RFID inicial leida desde preferencias: 80
2026-05-15 14:05:13.509 21968-21968 RFID_UI                 com.example.diverscan.activeid       I  [APERTURA] ConfiguracionAntena abierta desde onPostResume | fechaHora=2026-05-15 14:05:13.508 | epochMs=1778875513509
2026-05-15 14:05:13.516 21968-25358 RFID_UI                 com.example.diverscan.activeid       D  [VIEW] onPostResume: validando reconexion del lector RFID.
2026-05-15 14:05:13.516 21968-25358 RFID_UI                 com.example.diverscan.activeid       D  [VIEW] onPostResume: resultado de reconexion RFID = 
2026-05-15 14:05:13.524  1523-7313  CoreBackPreview         system_server                        D  Window{b6f7963 u0 com.example.diverscan.activeid/com.example.diverscan.activeid.GeneralTag.ConfiguracionAntena}: Setting back callback OnBackInvokedCallbackInfo{mCallback=android.window.IOnBackInvokedCallback$Stub$Proxy@a406e19, mPriority=0}
2026-05-15 14:05:13.524 21968-22040 RFID_SAMPLE             com.example.diverscan.activeid       D  [VALIDACION] SERVICE_SERIAL: Lectores RFID encontrados: 0
2026-05-15 14:05:13.526 21968-25359 RFID_UI                 com.example.diverscan.activeid       D  [VIEW] Solicitando al SDK la lista de lectores RFID disponibles.
2026-05-15 14:05:13.531 21968-25359 RFID_SDK                com.example.diverscan.activeid       D  [VALIDACION] getAvailableReaderNames: 0 lectores RFID encontrados.
2026-05-15 14:05:13.548  1190-21449 qdgralloc               media.codec                          D  Imported handle: 0xf3b84190 id: 685
2026-05-15 14:05:13.548  1190-21449 qdgralloc               media.codec                          D  GetTransportSize: num fds: 2 num ints: 23 err:0
2026-05-15 14:05:13.589 21968-22030 OpenGLRenderer          com.example.diverscan.activeid       E  Unable to match the desired swap behavior.
2026-05-15 14:05:13.592 21968-25360 qdgralloc               com.example.diverscan.activeid       D  Imported handle: 0xb4000070625f28d0 id: 696
2026-05-15 14:05:13.592 21968-25360 qdgralloc               com.example.diverscan.activeid       D  GetTransportSize: num fds: 2 num ints: 23 err:0
2026-05-15 14:05:13.593 21968-25360 qdgralloc               com.example.diverscan.activeid       D  Imported handle: 0xb4000070625f5b70 id: 697
2026-05-15 14:05:13.594 21968-25360 qdgralloc               com.example.diverscan.activeid       D  GetTransportSize: num fds: 2 num ints: 23 err:0
2026-05-15 14:05:13.595 21968-25360 qdgralloc               com.example.diverscan.activeid       D  Imported handle: 0xb4000070625e9450 id: 698
2026-05-15 14:05:13.595 21968-25360 qdgralloc               com.example.diverscan.activeid       D  GetTransportSize: num fds: 2 num ints: 23 err:0
2026-05-15 14:05:13.596  1190-21449 qdgralloc               media.codec                          D  Imported handle: 0xf3b82f90 id: 684
2026-05-15 14:05:13.597  1190-21449 qdgralloc               media.codec                          D  GetTransportSize: num fds: 2 num ints: 23 err:0
2026-05-15 14:05:13.613  1190-21449 qdgralloc               media.codec                          D  Imported handle: 0xf3b82b10 id: 685
2026-05-15 14:05:13.614  1190-21449 qdgralloc               media.codec                          D  GetTransportSize: num fds: 2 num ints: 23 err:0
2026-05-15 14:05:13.627   908-938   qdgralloc               surfaceflinger                       D  Imported handle: 0xb400006ec33b7880 id: 698
