                                                                                                    	at android.os.Binder.execTransact(Binder.java:1244)
2026-05-15 14:05:21.008  1190-25321 qdgralloc               media.codec                          D  Imported handle: 0xf3b83610 id: 684
2026-05-15 14:05:21.008  1190-25321 qdgralloc               media.codec                          D  GetTransportSize: num fds: 2 num ints: 23 err:0
2026-05-15 14:05:21.135   768-2910  vendor.qti...bs_handler and...are.bluetooth@1.0-service-qti  I  ProcessIbsCmd: Received IBS_WAKE_IND: 0xFD
2026-05-15 14:05:21.135   768-2910  vendor.qti...bs_handler and...are.bluetooth@1.0-service-qti  D  SerialClockVote: vote for UART CLK ON
2026-05-15 14:05:21.135   768-2910  vendor.qti...-wake_lock and...are.bluetooth@1.0-service-qti  D  Acquire wakelock is acquired 
2026-05-15 14:05:21.135   768-2910  vendor.qti...bs_handler and...are.bluetooth@1.0-service-qti  I  ProcessIbsCmd: Writing IBS_WAKE_ACK
2026-05-15 14:05:21.177   768-2910  vendor.qti...bs_handler and...are.bluetooth@1.0-service-qti  I  ProcessIbsCmd: Received IBS_SLEEP_IND: 0xFE
2026-05-15 14:05:21.177   768-2910  vendor.qti...bs_handler and...are.bluetooth@1.0-service-qti  D  SerialClockVote: vote for UART CLK OFF
2026-05-15 14:05:21.327   768-2829  vendor.qti...-wake_lock and...are.bluetooth@1.0-service-qti  D  Release wakelock is released 
2026-05-15 14:05:21.413   768-2910  vendor.qti...bs_handler and...are.bluetooth@1.0-service-qti  I  ProcessIbsCmd: Received IBS_WAKE_IND: 0xFD
2026-05-15 14:05:21.413   768-2910  vendor.qti...bs_handler and...are.bluetooth@1.0-service-qti  D  SerialClockVote: vote for UART CLK ON
2026-05-15 14:05:21.413   768-2910  vendor.qti...-wake_lock and...are.bluetooth@1.0-service-qti  D  Acquire wakelock is acquired 
2026-05-15 14:05:21.413   768-2910  vendor.qti...bs_handler and...are.bluetooth@1.0-service-qti  I  ProcessIbsCmd: Writing IBS_WAKE_ACK
2026-05-15 14:05:21.454   768-2910  vendor.qti...bs_handler and...are.bluetooth@1.0-service-qti  I  ProcessIbsCmd: Received IBS_SLEEP_IND: 0xFE
2026-05-15 14:05:21.454   768-2910  vendor.qti...bs_handler and...are.bluetooth@1.0-service-qti  D  SerialClockVote: vote for UART CLK OFF
2026-05-15 14:05:21.605   768-2829  vendor.qti...-wake_lock and...are.bluetooth@1.0-service-qti  D  Release wakelock is released 
2026-05-15 14:05:21.632  1190-2165  qdgralloc               media.codec                          D  Imported handle: 0xf3b82010 id: 685
2026-05-15 14:05:21.632  1190-2165  qdgralloc               media.codec                          D  GetTransportSize: num fds: 2 num ints: 23 err:0
2026-05-15 14:05:21.648  1190-2165  qdgralloc               media.codec                          D  Imported handle: 0xf3b83210 id: 684
2026-05-15 14:05:21.648  1190-2165  qdgralloc               media.codec                          D  GetTransportSize: num fds: 2 num ints: 23 err:0
2026-05-15 14:05:21.664  1190-2165  qdgralloc               media.codec                          D  Imported handle: 0xf3b82f90 id: 685
2026-05-15 14:05:21.664  1190-2165  qdgralloc               media.codec                          D  GetTransportSize: num fds: 2 num ints: 23 err:0
2026-05-15 14:05:21.681  1190-2165  qdgralloc               media.codec                          D  Imported handle: 0xf3b81e10 id: 684
2026-05-15 14:05:21.681  1190-2165  qdgralloc               media.codec                          D  GetTransportSize: num fds: 2 num ints: 23 err:0
2026-05-15 14:05:21.697  1190-2165  qdgralloc               media.codec                          D  Imported handle: 0xf3b81e90 id: 685
2026-05-15 14:05:21.698  1190-2165  qdgralloc               media.codec                          D  GetTransportSize: num fds: 2 num ints: 23 err:0
2026-05-15 14:05:21.714  1190-2165  qdgralloc               media.codec                          D  Imported handle: 0xf3b81f10 id: 684
2026-05-15 14:05:21.714  1190-2165  qdgralloc               media.codec                          D  GetTransportSize: num fds: 2 num ints: 23 err:0
2026-05-15 14:05:21.731  1190-2165  qdgralloc               media.codec                          D  Imported handle: 0xf3b82e10 id: 685
2026-05-15 14:05:21.731  1190-2165  qdgralloc               media.codec                          D  GetTransportSize: num fds: 2 num ints: 23 err:0
2026-05-15 14:05:21.748  1190-2165  qdgralloc               media.codec                          D  Imported handle: 0xf3b80a10 id: 684
2026-05-15 14:05:21.748  1190-2165  qdgralloc               media.codec                          D  GetTransportSize: num fds: 2 num ints: 23 err:0
2026-05-15 14:05:21.765  1190-2165  qdgralloc               media.codec                          D  Imported handle: 0xf3b81610 id: 685
2026-05-15 14:05:21.765  1190-2165  qdgralloc               media.codec                          D  GetTransportSize: num fds: 2 num ints: 23 err:0
2026-05-15 14:05:21.780  1190-2165  qdgralloc               media.codec                          D  Imported handle: 0xf3b84190 id: 684
2026-05-15 14:05:21.781  1190-2165  qdgralloc               media.codec                          D  GetTransportSize: num fds: 2 num ints: 23 err:0
2026-05-15 14:05:21.798  1190-2165  qdgralloc               media.codec                          D  Imported handle: 0xf3b83790 id: 685
2026-05-15 14:05:21.798  1190-2165  qdgralloc               media.codec                          D  GetTransportSize: num fds: 2 num ints: 23 err:0
2026-05-15 14:05:21.814  1190-2165  qdgralloc               media.codec                          D  Imported handle: 0xf3b82b10 id: 684
2026-05-15 14:05:21.815  1190-2165  qdgralloc               media.codec                          D  GetTransportSize: num fds: 2 num ints: 23 err:0
2026-05-15 14:05:21.830  1523-2017  WifiClientModeImpl      system_server                        I  updateLinkLayerStatsRssiSpeedFrequencyCapabilities rssi=-74 TxLinkspeed=52 freq=2412 RxLinkSpeed=39
2026-05-15 14:05:21.832  1190-2165  qdgralloc               media.codec                          D  Imported handle: 0xf3b83610 id: 685
2026-05-15 14:05:21.832  1190-2165  qdgralloc               media.codec                          D  GetTransportSize: num fds: 2 num ints: 23 err:0
2026-05-15 14:05:21.844  1523-7313  CoreBackPreview         system_server                        D  Window{ffda025 u0 Toast}: Setting back callback null
2026-05-15 14:05:21.846  1523-7313  InputManager-JNI        system_server                        W  Input channel object 'ffda025 Toast (client)' was disposed without first being removed with the input manager!
2026-05-15 14:05:21.849  1190-2165  qdgralloc               media.codec                          D  Imported handle: 0xf3b82010 id: 684
2026-05-15 14:05:21.849  1190-2165  qdgralloc               media.codec                          D  GetTransportSize: num fds: 2 num ints: 23 err:0
2026-05-15 14:05:21.856  1523-6926  NotificationService     system_server                        W  Toast already killed. pkg=com.example.diverscan.activeid token=android.os.BinderProxy@b8fdc95
2026-05-15 14:05:21.867  1190-2165  qdgralloc               media.codec                          D  Imported handle: 0xf3b83210 id: 685
2026-05-15 14:05:21.867  1190-2165  qdgralloc               media.codec                          D  GetTransportSize: num fds: 2 num ints: 23 err:0
2026-05-15 14:05:21.968  1190-25321 qdgralloc               media.codec                          D  Imported handle: 0xf3b82b90 id: 685
2026-05-15 14:05:21.968  1190-25321 qdgralloc               media.codec                          D  GetTransportSize: num fds: 2 num ints: 23 err:0
2026-05-15 14:05:21.977   768-768   vendor.qti...bs_handler and...are.bluetooth@1.0-service-qti  D  SerialClockVote: vote for UART CLK ON
2026-05-15 14:05:21.977   768-768   vendor.qti...-wake_lock and...are.bluetooth@1.0-service-qti  D  Acquire wakelock is acquired 
2026-05-15 14:05:21.977   768-768   vendor.qti...bs_handler and...are.bluetooth@1.0-service-qti  I  DeviceWakeUp: Writing IBS_WAKE_IND
2026-05-15 14:05:21.978   768-2910  vendor.qti...bs_handler and...are.bluetooth@1.0-service-qti  I  ProcessIbsCmd: Received IBS_WAKE_ACK: 0xFC
2026-05-15 14:05:21.978   768-2910  vendor.qti...bs_handler and...are.bluetooth@1.0-service-qti  I  ProcessIbsCmd: Signal wack_cond_
2026-05-15 14:05:21.978   768-768   vendor.qti...bs_handler and...are.bluetooth@1.0-service-qti  D  DeviceWakeUp: Unblocked from waiting for FC, pthread_cond_timedwait ret = 0
2026-05-15 14:05:21.990   768-2910  vendor.qti...bs_handler and...are.bluetooth@1.0-service-qti  I  ProcessIbsCmd: Received IBS_WAKE_IND: 0xFD
2026-05-15 14:05:21.991   768-2910  vendor.qti...bs_handler and...are.bluetooth@1.0-service-qti  I  ProcessIbsCmd: Writing IBS_WAKE_ACK
2026-05-15 14:05:22.004 25077-25165 123RFIDMobile           com.zebra.rfidreaderAPI.demo         D  Status Notification: BATTERY_EVENT
2026-05-15 14:05:22.006 25077-25165 123RFIDMobile           com.zebra.rfidreaderAPI.demo         D  Status Notification: POWER_EVENT
2026-05-15 14:05:22.042   768-2910  vendor.qti...bs_handler and...are.bluetooth@1.0-service-qti  I  ProcessIbsCmd: Received IBS_SLEEP_IND: 0xFE
2026-05-15 14:05:22.069  1190-25321 qdgralloc               media.codec                          D  Imported handle: 0xf3b82790 id: 685
2026-05-15 14:05:22.069  1190-25321 qdgralloc               media.codec                          D  GetTransportSize: num fds: 2 num ints: 23 err:0
2026-05-15 14:05:22.170  1190-25321 qdgralloc               media.codec                          D  Imported handle: 0xf3b81f90 id: 685
2026-05-15 14:05:22.170  1190-25321 qdgralloc               media.codec                          D  GetTransportSize: num fds: 2 num ints: 23 err:0
2026-05-15 14:05:22.271  1190-25321 qdgralloc               media.codec                          D  Imported handle: 0xf3b83110 id: 685
