2026-05-15 14:54:31.427  1190-1328  qdgralloc               media.codec                          D  GetTransportSize: num fds: 2 num ints: 23 err:0
2026-05-15 14:54:31.443  1190-1328  qdgralloc               media.codec                          D  Imported handle: 0xf3b80a10 id: 1127
2026-05-15 14:54:31.444  1190-1328  qdgralloc               media.codec                          D  GetTransportSize: num fds: 2 num ints: 23 err:0
2026-05-15 14:54:31.448 28776-28776 qcom-system-dae         pid-28776                            W  type=1400 audit(0.0:44954): avc: denied { search } for name="/" dev="mmcblk0p37" ino=2 scontext=u:r:vendor_qcomsysd:s0 tcontext=u:object_r:factory_file:s0 tclass=dir permissive=0
2026-05-15 14:54:31.460  1190-1328  qdgralloc               media.codec                          D  Imported handle: 0xf3b81610 id: 1126
2026-05-15 14:54:31.460  1190-1328  qdgralloc               media.codec                          D  GetTransportSize: num fds: 2 num ints: 23 err:0
2026-05-15 14:54:31.458 28776-28776 qcom-system-dae         pid-28776                            W  type=1400 audit(0.0:44955): avc: denied { search } for name="/" dev="mmcblk0p37" ino=2 scontext=u:r:vendor_qcomsysd:s0 tcontext=u:object_r:factory_file:s0 tclass=dir permissive=0
2026-05-15 14:54:31.458 28776-28776 qcom-system-dae         pid-28776                            W  type=1400 audit(0.0:44956): avc: denied { search } for name="/" dev="mmcblk0p37" ino=2 scontext=u:r:vendor_qcomsysd:s0 tcontext=u:object_r:factory_file:s0 tclass=dir permissive=0
2026-05-15 14:54:31.458 28776-28776 qcom-system-dae         pid-28776                            W  type=1400 audit(0.0:44957): avc: denied { search } for name="/" dev="mmcblk0p37" ino=2 scontext=u:r:vendor_qcomsysd:s0 tcontext=u:object_r:factory_file:s0 tclass=dir permissive=0
2026-05-15 14:54:31.458 28776-28776 qcom-system-dae         pid-28776                            W  type=1400 audit(0.0:44958): avc: denied { search } for name="/" dev="mmcblk0p37" ino=2 scontext=u:r:vendor_qcomsysd:s0 tcontext=u:object_r:factory_file:s0 tclass=dir permissive=0
2026-05-15 14:54:31.477  1190-1328  qdgralloc               media.codec                          D  Imported handle: 0xf3b82290 id: 1127
2026-05-15 14:54:31.477  1190-1328  qdgralloc               media.codec                          D  GetTransportSize: num fds: 2 num ints: 23 err:0
2026-05-15 14:54:31.486 28776-28776 qcom-system-daemon      pid-28776                            W  libminijail[28776]: failed to get path of fd 3: No such file or directory
2026-05-15 14:54:31.486 28776-28776 qcom-system-daemon      pid-28776                            W  libminijail[28776]: allowing syscall: connect
2026-05-15 14:54:31.486 28776-28776 qcom-system-daemon      pid-28776                            W  libminijail[28776]: allowing syscall: fcntl
2026-05-15 14:54:31.486 28776-28776 qcom-system-daemon      pid-28776                            W  libminijail[28776]: allowing syscall: sendto
2026-05-15 14:54:31.486 28776-28776 qcom-system-daemon      pid-28776                            W  libminijail[28776]: allowing syscall: socket
2026-05-15 14:54:31.486 28776-28776 qcom-system-daemon      pid-28776                            W  libminijail[28776]: allowing syscall: writev
2026-05-15 14:54:31.487 28776-28776 qcom-system-daemon      pid-28776                            W  libminijail[28776]: compile_file: <fd>(53): syscall sigaltstack redefined here
2026-05-15 14:54:31.487 28776-28776 qcom-system-daemon      pid-28776                            W  libminijail[28776]: compile_file: <fd>(46): previous definition here
2026-05-15 14:54:31.487 28776-28776 qcom-system-daemon      pid-28776                            W  libminijail[28776]: compile_file: <fd>(72): syscall exit redefined here
2026-05-15 14:54:31.487 28776-28776 qcom-system-daemon      pid-28776                            W  libminijail[28776]: compile_file: <fd>(60): previous definition here
2026-05-15 14:54:31.487 28776-28776 qcom-system-daemon      pid-28776                            W  libminijail[28776]: compile_file: <fd>(73): syscall restart_syscall redefined here
2026-05-15 14:54:31.487 28776-28776 qcom-system-daemon      pid-28776                            W  libminijail[28776]: compile_file: <fd>(59): previous definition here
2026-05-15 14:54:31.487 28776-28776 qcom-system-daemon      pid-28776                            W  libminijail[28776]: logging seccomp filter failures
2026-05-15 14:54:31.488 28776-28776 QCOMSysDaemon           pid-28776                            E  Can't find/open bootselect node: (No such file or directory)
2026-05-15 14:54:31.488 28776-28776 QCOMSysDaemon           pid-28776                            I  Starting qcom system daemon
2026-05-15 14:54:31.488 28776-28776 Diag_Lib                pid-28776                            E   Diag_LSM_Init: Failed to open handle to diag driver, error = 13
2026-05-15 14:54:31.488 28776-28776 QCOMSysDaemon           pid-28776                            E   Diag_LSM_Init failed : 0
2026-05-15 14:54:31.501   765-28627 audio_hw_primary        android.hardware.audio.service       D  out_standby: enter: stream (0xecb00010) usecase(1: low-latency-playback)
2026-05-15 14:54:31.578  1190-28647 qdgralloc               media.codec                          D  Imported handle: 0xf3b82e10 id: 1127
2026-05-15 14:54:31.579  1190-28647 qdgralloc               media.codec                          D  GetTransportSize: num fds: 2 num ints: 23 err:0
2026-05-15 14:54:31.595   765-28627 audio_hw_primary        android.hardware.audio.service       D  disable_audio_route: reset and update mixer path: low-latency-playback
2026-05-15 14:54:31.597   765-28627 soundtrigger            android.hardware.audio.service       D  audio_extn_sound_trigger_update_stream_status: uc_info->id 1 of type 0 for Event 2, with Raise=0
2026-05-15 14:54:31.597   765-28627 hardware_info           android.hardware.audio.service       D  hw_info_append_hw_type : device_name = speaker
2026-05-15 14:54:31.597   765-28627 audio_hw_primary        android.hardware.audio.service       D  disable_snd_device: snd_device(2: speaker)
2026-05-15 14:54:31.598   765-28627 soundtrigger            android.hardware.audio.service       I  audio_extn_sound_trigger_update_device_status: device 0x2 of type 0 for Event 0, with Raise=0
2026-05-15 14:54:31.601   704-716   statsd                  statsd                               D  StateTracker did not find state value for query key (27)0x10000->1041[I] 
2026-05-15 14:54:31.601   704-716   statsd                  statsd                               W  StateTracker not found for state atom 27
2026-05-15 14:54:31.679  1190-28647 qdgralloc               media.codec                          D  Imported handle: 0xf3b81f10 id: 1127
2026-05-15 14:54:31.679  1190-28647 qdgralloc               media.codec                          D  GetTransportSize: num fds: 2 num ints: 23 err:0
2026-05-15 14:54:31.780  1190-28647 qdgralloc               media.codec                          D  Imported handle: 0xf3b80090 id: 1127
2026-05-15 14:54:31.780  1190-28647 qdgralloc               media.codec                          D  GetTransportSize: num fds: 2 num ints: 23 err:0
2026-05-15 14:54:31.802  1523-2017  WifiClientModeImpl      system_server                        I  updateLinkLayerStatsRssiSpeedFrequencyCapabilities rssi=-74 TxLinkspeed=39 freq=2412 RxLinkSpeed=39
2026-05-15 14:54:31.863  1190-1328  qdgralloc               media.codec                          D  Imported handle: 0xf3b82510 id: 1126
2026-05-15 14:54:31.864  1190-1328  qdgralloc               media.codec                          D  GetTransportSize: num fds: 2 num ints: 23 err:0
2026-05-15 14:54:31.892  1523-6946  ActivityManager         system_server                        E  Sending non-protected broadcast com.symbol.datawedge.api.ACTION from system 2577:com.android.phone/1001 pkg com.android.phone
                                                                                                    java.lang.Throwable
                                                                                                    	at com.android.server.am.ActivityManagerService.checkBroadcastFromSystem(ActivityManagerService.java:13712)
                                                                                                    	at com.android.server.am.ActivityManagerService.broadcastIntentLocked(ActivityManagerService.java:14434)
                                                                                                    	at com.android.server.am.ActivityManagerService.broadcastIntentLocked(ActivityManagerService.java:13730)
                                                                                                    	at com.android.server.am.ActivityManagerService.broadcastIntentWithFeature(ActivityManagerService.java:14608)
                                                                                                    	at android.app.IActivityManager$Stub.onTransact(IActivityManager.java:2296)
                                                                                                    	at com.android.server.am.ActivityManagerService.onTransact(ActivityManagerService.java:2655)
                                                                                                    	at android.os.Binder.execTransactInternal(Binder.java:1280)
                                                                                                    	at android.os.Binder.execTransact(Binder.java:1244)
2026-05-15 14:54:31.964  1190-28647 qdgralloc               media.codec                          D  Imported handle: 0xf3b82590 id: 1126
2026-05-15 14:54:31.965  1190-28647 qdgralloc               media.codec                          D  GetTransportSize: num fds: 2 num ints: 23 err:0
2026-05-15 14:54:32.065  1190-28647 qdgralloc               media.codec                          D  Imported handle: 0xf3b84e90 id: 1126
2026-05-15 14:54:32.066  1190-28647 qdgralloc               media.codec                          D  GetTransportSize: num fds: 2 num ints: 23 err:0
2026-05-15 14:54:32.166  1190-28647 qdgralloc               media.codec                          D  Imported handle: 0xf3b83290 id: 1126
2026-05-15 14:54:32.166  1190-28647 qdgralloc               media.codec                          D  GetTransportSize: num fds: 2 num ints: 23 err:0
2026-05-15 14:54:32.267  1190-28647 qdgralloc               media.codec                          D  Imported handle: 0xf3b82c90 id: 1126
2026-05-15 14:54:32.267  1190-28647 qdgralloc               media.codec                          D  GetTransportSize: num fds: 2 num ints: 23 err:0
2026-05-15 14:54:32.368  1190-28647 qdgralloc               media.codec                          D  Imported handle: 0xf3b83790 id: 1126
2026-05-15 14:54:32.368  1190-28647 qdgralloc               media.codec                          D  GetTransportSize: num fds: 2 num ints: 23 err:0
2026-05-15 14:54:32.469  1190-28647 qdgralloc               media.codec                          D  Imported handle: 0xf3b83210 id: 1126
2026-05-15 14:54:32.469  1190-28647 qdgralloc               media.codec                          D  GetTransportSize: num fds: 2 num ints: 23 err:0
2026-05-15 14:54:32.570  1190-28647 qdgralloc               media.codec                          D  Imported handle: 0xf3b80a10 id: 1126
2026-05-15 14:54:32.570  1190-28647 qdgralloc               media.codec                          D  GetTransportSize: num fds: 2 num ints: 23 err:0
2026-05-15 14:54:32.671  1190-28647 qdgralloc               media.codec                          D  Imported handle: 0xf3b81610 id: 1126
2026-05-15 14:54:32.671  1190-28647 qdgralloc               media.codec                          D  GetTransportSize: num fds: 2 num ints: 23 err:0
2026-05-15 14:54:32.772  1190-28647 qdgralloc               media.codec                          D  Imported handle: 0xf3b82290 id: 1126
2026-05-15 14:54:32.772  1190-28647 qdgralloc               media.codec                          D  GetTransportSize: num fds: 2 num ints: 23 err:0
2026-05-15 14:54:32.872  1190-28647 qdgralloc               media.codec                          D  Imported handle: 0xf3b82e10 id: 1126
2026-05-15 14:54:32.873  1190-28647 qdgralloc               media.codec                          D  GetTransportSize: num fds: 2 num ints: 23 err:0
2026-05-15 14:54:33.414  1190-1328  qdgralloc               media.codec                          D  Imported handle: 0xf3b81e90 id: 1127
2026-05-15 14:54:33.414  1190-1328  qdgralloc               media.codec                          D  GetTransportSize: num fds: 2 num ints: 23 err:0
2026-05-15 14:54:33.431  1190-1328  qdgralloc               media.codec                          D  Imported handle: 0xf3b83510 id: 1126
2026-05-15 14:54:33.431  1190-1328  qdgralloc               media.codec                          D  GetTransportSize: num fds: 2 num ints: 23 err:0
2026-05-15 14:54:33.447  1190-1328  qdgralloc               media.codec                          D  Imported handle: 0xf3b81c90 id: 1127
2026-05-15 14:54:33.447  1190-1328  qdgralloc               media.codec                          D  GetTransportSize: num fds: 2 num ints: 23 err:0
2026-05-15 14:54:33.463  1190-1328  qdgralloc               media.codec                          D  Imported handle: 0xf3b84190 id: 1126
2026-05-15 14:54:33.464  1190-1328  qdgralloc               media.codec                          D  GetTransportSize: num fds: 2 num ints: 23 err:0
2026-05-15 14:54:33.480  1190-1328  qdgralloc               media.codec                          D  Imported handle: 0xf3b84e90 id: 1127
2026-05-15 14:54:33.480  1190-1328  qdgralloc               media.codec                          D  GetTransportSize: num fds: 2 num ints: 23 err:0
2026-05-15 14:54:33.497  1190-1328  qdgralloc               media.codec                          D  Imported handle: 0xf3b83290 id: 1126
2026-05-15 14:54:33.497  1190-1328  qdgralloc               media.codec                          D  GetTransportSize: num fds: 2 num ints: 23 err:0
2026-05-15 14:54:33.514  1190-1328  qdgralloc               media.codec                          D  Imported handle: 0xf3b82c90 id: 1127
2026-05-15 14:54:33.514  1190-1328  qdgralloc               media.codec                          D  GetTransportSize: num fds: 2 num ints: 23 err:0
2026-05-15 14:54:33.530  1190-1328  qdgralloc               media.codec                          D  Imported handle: 0xf3b83790 id: 1126
2026-05-15 14:54:33.530  1190-1328  qdgralloc               media.codec                          D  GetTransportSize: num fds: 2 num ints: 23 err:0
2026-05-15 14:54:33.546  1190-1328  qdgralloc               media.codec                          D  Imported handle: 0xf3b83210 id: 1127
2026-05-15 14:54:33.547  1190-1328  qdgralloc               media.codec                          D  GetTransportSize: num fds: 2 num ints: 23 err:0
2026-05-15 14:54:33.564  1190-1328  qdgralloc               media.codec                          D  Imported handle: 0xf3b80a10 id: 1126
2026-05-15 14:54:33.564  1190-1328  qdgralloc               media.codec                          D  GetTransportSize: num fds: 2 num ints: 23 err:0
2026-05-15 14:54:33.580  1190-1328  qdgralloc               media.codec                          D  Imported handle: 0xf3b81610 id: 1127
2026-05-15 14:54:33.581  1190-1328  qdgralloc               media.codec                          D  GetTransportSize: num fds: 2 num ints: 23 err:0
2026-05-15 14:54:33.597  1190-3902  qdgralloc               media.codec                          D  Imported handle: 0xf3b82290 id: 1126
2026-05-15 14:54:33.597  1190-3902  qdgralloc               media.codec                          D  GetTransportSize: num fds: 2 num ints: 23 err:0
2026-05-15 14:54:33.614  1190-3902  qdgralloc               media.codec                          D  Imported handle: 0xf3b82e10 id: 1127
2026-05-15 14:54:33.614  1190-3902  qdgralloc               media.codec                          D  GetTransportSize: num fds: 2 num ints: 23 err:0
2026-05-15 14:54:33.631  1190-3902  qdgralloc               media.codec                          D  Imported handle: 0xf3b81e90 id: 1126
2026-05-15 14:54:33.631  1190-3902  qdgralloc               media.codec                          D  GetTransportSize: num fds: 2 num ints: 23 err:0
2026-05-15 14:54:33.641  1523-6946  CoreBackPreview         system_server                        D  Window{f7f9a1 u0 Toast}: Setting back callback null
2026-05-15 14:54:33.647  1190-1328  qdgralloc               media.codec                          D  Imported handle: 0xf3b83510 id: 1127
2026-05-15 14:54:33.647  1523-6946  InputManager-JNI        system_server                        W  Input channel object 'f7f9a1 Toast (client)' was disposed without first being removed with the input manager!
2026-05-15 14:54:33.647  1190-1328  qdgralloc               media.codec                          D  GetTransportSize: num fds: 2 num ints: 23 err:0
2026-05-15 14:54:33.659  1523-4065  NotificationService     system_server                        W  Toast already killed. pkg=com.example.diverscan.activeid token=android.os.BinderProxy@9ccc99e
2026-05-15 14:54:33.682  1190-1328  qdgralloc               media.codec                          D  Imported handle: 0xf3b81c90 id: 1126
2026-05-15 14:54:33.682  1190-1328  qdgralloc               media.codec                          D  GetTransportSize: num fds: 2 num ints: 23 err:0
2026-05-15 14:54:33.779  1190-1328  qdgralloc               media.codec                          D  Imported handle: 0xf3b84190 id: 1127
2026-05-15 14:54:33.779  1190-1328  qdgralloc               media.codec                          D  GetTransportSize: num fds: 2 num ints: 23 err:0
2026-05-15 14:54:33.796  1190-1328  qdgralloc               media.codec                          D  Imported handle: 0xf3b84e90 id: 1126
2026-05-15 14:54:33.797  1190-1328  qdgralloc               media.codec                          D  GetTransportSize: num fds: 2 num ints: 23 err:0
2026-05-15 14:54:33.812  1190-1328  qdgralloc               media.codec                          D  Imported handle: 0xf3b83290 id: 1127
2026-05-15 14:54:33.813  1190-1328  qdgralloc               media.codec                          D  GetTransportSize: num fds: 2 num ints: 23 err:0
2026-05-15 14:54:33.829  1190-1328  qdgralloc               media.codec                          D  Imported handle: 0xf3b82c90 id: 1126
2026-05-15 14:54:33.829  1190-1328  qdgralloc               media.codec                          D  GetTransportSize: num fds: 2 num ints: 23 err:0
2026-05-15 14:54:33.846  1190-1328  qdgralloc               media.codec                          D  Imported handle: 0xf3b83790 id: 1127
2026-05-15 14:54:33.846  1190-1328  qdgralloc               media.codec                          D  GetTransportSize: num fds: 2 num ints: 23 err:0
2026-05-15 14:54:33.863  1190-1328  qdgralloc               media.codec                          D  Imported handle: 0xf3b83210 id: 1126
2026-05-15 14:54:33.863  1190-1328  qdgralloc               media.codec                          D  GetTransportSize: num fds: 2 num ints: 23 err:0
2026-05-15 14:54:33.879  1190-1328  qdgralloc               media.codec                          D  Imported handle: 0xf3b80a10 id: 1127
2026-05-15 14:54:33.880  1190-1328  qdgralloc               media.codec                          D  GetTransportSize: num fds: 2 num ints: 23 err:0
2026-05-15 14:54:33.981  1190-28647 qdgralloc               media.codec                          D  Imported handle: 0xf3b81f10 id: 1127
2026-05-15 14:54:33.981  1190-28647 qdgralloc               media.codec                          D  GetTransportSize: num fds: 2 num ints: 23 err:0
2026-05-15 14:54:34.081  1190-28647 qdgralloc               media.codec                          D  Imported handle: 0xf3b80090 id: 1127
2026-05-15 14:54:34.082  1190-28647 qdgralloc               media.codec                          D  GetTransportSize: num fds: 2 num ints: 23 err:0
2026-05-15 14:54:34.182  1190-28647 qdgralloc               media.codec                          D  Imported handle: 0xf3b82510 id: 1127
2026-05-15 14:54:34.183  1190-28647 qdgralloc               media.codec                          D  GetTransportSize: num fds: 2 num ints: 23 err:0
2026-05-15 14:54:34.283  1190-28647 qdgralloc               media.codec                          D  Imported handle: 0xf3b82590 id: 1127
2026-05-15 14:54:34.284  1190-28647 qdgralloc               media.codec                          D  GetTransportSize: num fds: 2 num ints: 23 err:0
2026-05-15 14:54:34.352   768-768   vendor.qti...bs_handler and...are.bluetooth@1.0-service-qti  D  SerialClockVote: vote for UART CLK ON
2026-05-15 14:54:34.353   768-768   vendor.qti...-wake_lock and...are.bluetooth@1.0-service-qti  D  Acquire wakelock is acquired 
2026-05-15 14:54:34.353   768-768   vendor.qti...bs_handler and...are.bluetooth@1.0-service-qti  I  DeviceWakeUp: Writing IBS_WAKE_IND
2026-05-15 14:54:34.354   768-2910  vendor.qti...bs_handler and...are.bluetooth@1.0-service-qti  I  ProcessIbsCmd: Received IBS_WAKE_ACK: 0xFC
2026-05-15 14:54:34.354   768-2910  vendor.qti...bs_handler and...are.bluetooth@1.0-service-qti  I  ProcessIbsCmd: Signal wack_cond_
2026-05-15 14:54:34.354   768-768   vendor.qti...bs_handler and...are.bluetooth@1.0-service-qti  D  DeviceWakeUp: Unblocked from waiting for FC, pthread_cond_timedwait ret = 0
2026-05-15 14:54:34.357   768-2910  vendor.qti...bs_handler and...are.bluetooth@1.0-service-qti  I  ProcessIbsCmd: Received IBS_WAKE_IND: 0xFD
2026-05-15 14:54:34.357   768-2910  vendor.qti...bs_handler and...are.bluetooth@1.0-service-qti  I  ProcessIbsCmd: Writing IBS_WAKE_ACK
2026-05-15 14:54:34.361  2381-2912  bt_btif                 com.android.bluetooth                E  bta_dm_pm_btm_status hci_status=36
2026-05-15 14:54:34.384  1190-28647 qdgralloc               media.codec                          D  Imported handle: 0xf3b83510 id: 1127
2026-05-15 14:54:34.385  1190-28647 qdgralloc               media.codec                          D  GetTransportSize: num fds: 2 num ints: 23 err:0
2026-05-15 14:54:34.400   768-2910  vendor.qti...bs_handler and...are.bluetooth@1.0-service-qti  I  ProcessIbsCmd: Received IBS_SLEEP_IND: 0xFE
2026-05-15 14:54:34.485  1190-28647 qdgralloc               media.codec                          D  Imported handle: 0xf3b81c90 id: 1127
2026-05-15 14:54:34.486  1190-28647 qdgralloc               media.codec                          D  GetTransportSize: num fds: 2 num ints: 23 err:0
2026-05-15 14:54:34.586  1190-28647 qdgralloc               media.codec                          D  Imported handle: 0xf3b84190 id: 1127
2026-05-15 14:54:34.587  1190-28647 qdgralloc               media.codec                          D  GetTransportSize: num fds: 2 num ints: 23 err:0
2026-05-15 14:54:34.688  1190-28647 qdgralloc               media.codec                          D  Imported handle: 0xf3b84e90 id: 1127
2026-05-15 14:54:34.688  1190-28647 qdgralloc               media.codec                          D  GetTransportSize: num fds: 2 num ints: 23 err:0
2026-05-15 14:54:34.790  1190-28647 qdgralloc               media.codec                          D  Imported handle: 0xf3b83290 id: 1127
2026-05-15 14:54:34.790  1190-28647 qdgralloc               media.codec                          D  GetTransportSize: num fds: 2 num ints: 23 err:0
2026-05-15 14:54:34.819  1523-2017  WifiClientModeImpl      system_server                        I  updateLinkLayerStatsRssiSpeedFrequencyCapabilities rssi=-74 TxLinkspeed=39 freq=2412 RxLinkSpeed=39
2026-05-15 14:54:34.863  1190-1328  qdgralloc               media.codec                          D  Imported handle: 0xf3b81610 id: 1126
2026-05-15 14:54:34.863  1190-1328  qdgralloc               media.codec                          D  GetTransportSize: num fds: 2 num ints: 23 err:0
2026-05-15 14:54:34.964  1190-28647 qdgralloc               media.codec                          D  Imported handle: 0xf3b82c90 id: 1126
2026-05-15 14:54:34.964  1190-28647 qdgralloc               media.codec                          D  GetTransportSize: num fds: 2 num ints: 23 err:0
2026-05-15 14:54:35.064   768-2910  vendor.qti...bs_handler and...are.bluetooth@1.0-service-qti  I  ProcessIbsCmd: Received IBS_WAKE_IND: 0xFD
2026-05-15 14:54:35.064   768-2910  vendor.qti...bs_handler and...are.bluetooth@1.0-service-qti  I  ProcessIbsCmd: Writing IBS_WAKE_ACK
2026-05-15 14:54:35.066  1190-28647 qdgralloc               media.codec                          D  Imported handle: 0xf3b83790 id: 1126
2026-05-15 14:54:35.066  1190-28647 qdgralloc               media.codec                          D  GetTransportSize: num fds: 2 num ints: 23 err:0
2026-05-15 14:54:35.106   768-2910  vendor.qti...bs_handler and...are.bluetooth@1.0-service-qti  I  ProcessIbsCmd: Received IBS_SLEEP_IND: 0xFE
2026-05-15 14:54:35.168  1190-28647 qdgralloc               media.codec                          D  Imported handle: 0xf3b83210 id: 1126
2026-05-15 14:54:35.168  1190-28647 qdgralloc               media.codec                          D  GetTransportSize: num fds: 2 num ints: 23 err:0
2026-05-15 14:54:35.270  1190-28647 qdgralloc               media.codec                          D  Imported handle: 0xf3b80a10 id: 1126
2026-05-15 14:54:35.270  1190-28647 qdgralloc               media.codec                          D  GetTransportSize: num fds: 2 num ints: 23 err:0
2026-05-15 14:54:35.355   768-2915  vendor.qti...bs_handler and...are.bluetooth@1.0-service-qti  I  DeviceSleep: TX Awake, Sending SLEEP_IND
2026-05-15 14:54:35.355   768-2915  vendor.qti...bs_handler and...are.bluetooth@1.0-service-qti  D  SerialClockVote: vote for UART CLK OFF
2026-05-15 14:54:35.372  1190-28647 qdgralloc               media.codec                          D  Imported handle: 0xf3b80090 id: 1126
