2026-05-15 14:05:09.751  1523-2017  WifiClientModeImpl      system_server                        I  updateLinkLayerStatsRssiSpeedFrequencyCapabilities rssi=-74 TxLinkspeed=52 freq=2412 RxLinkSpeed=39
2026-05-15 14:05:09.770  1190-25321 qdgralloc               media.codec                          D  Imported handle: 0xf3b80a10 id: 685
2026-05-15 14:05:09.771  1190-25321 qdgralloc               media.codec                          D  GetTransportSize: num fds: 2 num ints: 23 err:0
2026-05-15 14:05:09.872  1190-25321 qdgralloc               media.codec                          D  Imported handle: 0xf3b81e10 id: 685
2026-05-15 14:05:09.872  1190-25321 qdgralloc               media.codec                          D  GetTransportSize: num fds: 2 num ints: 23 err:0
2026-05-15 14:05:09.973  1190-25321 qdgralloc               media.codec                          D  Imported handle: 0xf3b84190 id: 685
2026-05-15 14:05:09.973  1190-25321 qdgralloc               media.codec                          D  GetTransportSize: num fds: 2 num ints: 23 err:0
2026-05-15 14:05:10.074  1190-25321 qdgralloc               media.codec                          D  Imported handle: 0xf3b82f90 id: 685
2026-05-15 14:05:10.074  1190-25321 qdgralloc               media.codec                          D  GetTransportSize: num fds: 2 num ints: 23 err:0
2026-05-15 14:05:10.282   765-765   audio_hw_primary        android.hardware.audio.service       D  out_standby: enter: stream (0xecb00010) usecase(1: low-latency-playback)
2026-05-15 14:05:10.377   765-765   audio_hw_primary        android.hardware.audio.service       D  disable_audio_route: reset and update mixer path: low-latency-playback
2026-05-15 14:05:10.379   765-765   soundtrigger            android.hardware.audio.service       D  audio_extn_sound_trigger_update_stream_status: uc_info->id 1 of type 0 for Event 2, with Raise=0
2026-05-15 14:05:10.379   765-765   hardware_info           android.hardware.audio.service       D  hw_info_append_hw_type : device_name = speaker
2026-05-15 14:05:10.379   765-765   audio_hw_primary        android.hardware.audio.service       D  disable_snd_device: snd_device(2: speaker)
2026-05-15 14:05:10.380   765-765   soundtrigger            android.hardware.audio.service       I  audio_extn_sound_trigger_update_device_status: device 0x2 of type 0 for Event 0, with Raise=0
2026-05-15 14:05:10.383   704-716   statsd                  statsd                               D  StateTracker did not find state value for query key (27)0x10000->1041[I] 
2026-05-15 14:05:10.383   704-716   statsd                  statsd                               W  StateTracker not found for state atom 27
2026-05-15 14:05:10.608 25351-25351 qcom-system-dae         pid-25351                            W  type=1400 audit(0.0:37184): avc: denied { search } for name="/" dev="mmcblk0p37" ino=2 scontext=u:r:vendor_qcomsysd:s0 tcontext=u:object_r:factory_file:s0 tclass=dir permissive=0
2026-05-15 14:05:10.608 25351-25351 qcom-system-dae         pid-25351                            W  type=1400 audit(0.0:37185): avc: denied { search } for name="/" dev="mmcblk0p37" ino=2 scontext=u:r:vendor_qcomsysd:s0 tcontext=u:object_r:factory_file:s0 tclass=dir permissive=0
2026-05-15 14:05:10.608 25351-25351 qcom-system-dae         pid-25351                            W  type=1400 audit(0.0:37186): avc: denied { search } for name="/" dev="mmcblk0p37" ino=2 scontext=u:r:vendor_qcomsysd:s0 tcontext=u:object_r:factory_file:s0 tclass=dir permissive=0
2026-05-15 14:05:10.608 25351-25351 qcom-system-dae         pid-25351                            W  type=1400 audit(0.0:37187): avc: denied { search } for name="/" dev="mmcblk0p37" ino=2 scontext=u:r:vendor_qcomsysd:s0 tcontext=u:object_r:factory_file:s0 tclass=dir permissive=0
2026-05-15 14:05:10.608 25351-25351 qcom-system-dae         pid-25351                            W  type=1400 audit(0.0:37188): avc: denied { search } for name="/" dev="mmcblk0p37" ino=2 scontext=u:r:vendor_qcomsysd:s0 tcontext=u:object_r:factory_file:s0 tclass=dir permissive=0
2026-05-15 14:05:10.635 25351-25351 qcom-system-daemon      pid-25351                            W  libminijail[25351]: failed to get path of fd 3: No such file or directory
2026-05-15 14:05:10.635 25351-25351 qcom-system-daemon      pid-25351                            W  libminijail[25351]: allowing syscall: connect
2026-05-15 14:05:10.636 25351-25351 qcom-system-daemon      pid-25351                            W  libminijail[25351]: allowing syscall: fcntl
2026-05-15 14:05:10.636 25351-25351 qcom-system-daemon      pid-25351                            W  libminijail[25351]: allowing syscall: sendto
2026-05-15 14:05:10.636 25351-25351 qcom-system-daemon      pid-25351                            W  libminijail[25351]: allowing syscall: socket
2026-05-15 14:05:10.636 25351-25351 qcom-system-daemon      pid-25351                            W  libminijail[25351]: allowing syscall: writev
2026-05-15 14:05:10.636 25351-25351 qcom-system-daemon      pid-25351                            W  libminijail[25351]: compile_file: <fd>(53): syscall sigaltstack redefined here
2026-05-15 14:05:10.636 25351-25351 qcom-system-daemon      pid-25351                            W  libminijail[25351]: compile_file: <fd>(46): previous definition here
2026-05-15 14:05:10.636 25351-25351 qcom-system-daemon      pid-25351                            W  libminijail[25351]: compile_file: <fd>(72): syscall exit redefined here
2026-05-15 14:05:10.636 25351-25351 qcom-system-daemon      pid-25351                            W  libminijail[25351]: compile_file: <fd>(60): previous definition here
2026-05-15 14:05:10.636 25351-25351 qcom-system-daemon      pid-25351                            W  libminijail[25351]: compile_file: <fd>(73): syscall restart_syscall redefined here
2026-05-15 14:05:10.637 25351-25351 qcom-system-daemon      pid-25351                            W  libminijail[25351]: compile_file: <fd>(59): previous definition here
2026-05-15 14:05:10.637 25351-25351 qcom-system-daemon      pid-25351                            W  libminijail[25351]: logging seccomp filter failures
2026-05-15 14:05:10.638 25351-25351 QCOMSysDaemon           pid-25351                            E  Can't find/open bootselect node: (No such file or directory)
2026-05-15 14:05:10.638 25351-25351 QCOMSysDaemon           pid-25351                            I  Starting qcom system daemon
2026-05-15 14:05:10.638 25351-25351 Diag_Lib                pid-25351                            E   Diag_LSM_Init: Failed to open handle to diag driver, error = 13
2026-05-15 14:05:10.638 25351-25351 QCOMSysDaemon           pid-25351                            E   Diag_LSM_Init failed : 0
2026-05-15 14:05:10.720  2530-5920  DWHelperService         com.zebra.zvahelper                  D  #ZVAH# doBindToDataWedge()
2026-05-15 14:05:10.720  2530-5920  DWHelperService         com.zebra.zvahelper                  D  Using app context
2026-05-15 14:05:10.726  2530-5920  DWHelperService         com.zebra.zvahelper                  D  #ZVAH# binding to DW
2026-05-15 14:05:10.727  1523-7313  ActivityManager         system_server                        W  Unable to start service Intent { cmp=com.symbol.datawedge/.ScanningService } U=0: not found
2026-05-15 14:05:10.801  1190-2165  qdgralloc               media.codec                          D  Imported handle: 0xf3b81e90 id: 684
2026-05-15 14:05:10.801  1190-2165  qdgralloc               media.codec                          D  GetTransportSize: num fds: 2 num ints: 23 err:0
2026-05-15 14:05:10.816  1190-2165  qdgralloc               media.codec                          D  Imported handle: 0xf3b83610 id: 685
2026-05-15 14:05:10.816  1190-2165  qdgralloc               media.codec                          D  GetTransportSize: num fds: 2 num ints: 23 err:0
2026-05-15 14:05:10.829  1190-2165  qdgralloc               media.codec                          D  Imported handle: 0xf3b82e10 id: 684
2026-05-15 14:05:10.829  1190-2165  qdgralloc               media.codec                          D  GetTransportSize: num fds: 2 num ints: 23 err:0
2026-05-15 14:05:10.844  1190-2165  qdgralloc               media.codec                          D  Imported handle: 0xf3b81610 id: 685
2026-05-15 14:05:10.845  1190-2165  qdgralloc               media.codec                          D  GetTransportSize: num fds: 2 num ints: 23 err:0
2026-05-15 14:05:10.863  1190-2165  qdgralloc               media.codec                          D  Imported handle: 0xf3b82b90 id: 684
2026-05-15 14:05:10.863  1190-2165  qdgralloc               media.codec                          D  GetTransportSize: num fds: 2 num ints: 23 err:0
2026-05-15 14:05:10.879  1190-2165  qdgralloc               media.codec                          D  Imported handle: 0xf3b81f90 id: 685
2026-05-15 14:05:10.879  1190-2165  qdgralloc               media.codec                          D  GetTransportSize: num fds: 2 num ints: 23 err:0
2026-05-15 14:05:10.896  1190-2165  qdgralloc               media.codec                          D  Imported handle: 0xf3b83210 id: 684
2026-05-15 14:05:10.897  1190-2165  qdgralloc               media.codec                          D  GetTransportSize: num fds: 2 num ints: 23 err:0
2026-05-15 14:05:10.913  1190-2165  qdgralloc               media.codec                          D  Imported handle: 0xf3b82b10 id: 685
2026-05-15 14:05:10.913  1190-2165  qdgralloc               media.codec                          D  GetTransportSize: num fds: 2 num ints: 23 err:0
2026-05-15 14:05:10.928  1190-2165  qdgralloc               media.codec                          D  Imported handle: 0xf3b83790 id: 684
2026-05-15 14:05:10.928  1190-2165  qdgralloc               media.codec                          D  GetTransportSize: num fds: 2 num ints: 23 err:0
2026-05-15 14:05:11.019  1190-2165  qdgralloc               media.codec                          D  Imported handle: 0xf3b80a10 id: 685
2026-05-15 14:05:11.019  1190-2165  qdgralloc               media.codec                          D  GetTransportSize: num fds: 2 num ints: 23 err:0
2026-05-15 14:05:11.031  1190-2165  qdgralloc               media.codec                          D  Imported handle: 0xf3b81e10 id: 684
2026-05-15 14:05:11.032  1190-2165  qdgralloc               media.codec                          D  GetTransportSize: num fds: 2 num ints: 23 err:0
2026-05-15 14:05:11.045  1190-2165  qdgralloc               media.codec                          D  Imported handle: 0xf3b84190 id: 685
2026-05-15 14:05:11.045  1190-2165  qdgralloc               media.codec                          D  GetTransportSize: num fds: 2 num ints: 23 err:0
2026-05-15 14:05:11.062  1190-2165  qdgralloc               media.codec                          D  Imported handle: 0xf3b82f90 id: 684
2026-05-15 14:05:11.062  1190-2165  qdgralloc               media.codec                          D  GetTransportSize: num fds: 2 num ints: 23 err:0
2026-05-15 14:05:11.078  1190-2165  qdgralloc               media.codec                          D  Imported handle: 0xf3b81e90 id: 685
2026-05-15 14:05:11.079  1190-2165  qdgralloc               media.codec                          D  GetTransportSize: num fds: 2 num ints: 23 err:0
2026-05-15 14:05:11.096  1190-2165  qdgralloc               media.codec                          D  Imported handle: 0xf3b83610 id: 684
2026-05-15 14:05:11.096  1190-2165  qdgralloc               media.codec                          D  GetTransportSize: num fds: 2 num ints: 23 err:0
2026-05-15 14:05:11.112  1190-2165  qdgralloc               media.codec                          D  Imported handle: 0xf3b82e10 id: 685
2026-05-15 14:05:11.112  1190-2165  qdgralloc               media.codec                          D  GetTransportSize: num fds: 2 num ints: 23 err:0
2026-05-15 14:05:11.128  1190-2165  qdgralloc               media.codec                          D  Imported handle: 0xf3b81610 id: 684
2026-05-15 14:05:11.128  1190-2165  qdgralloc               media.codec                          D  GetTransportSize: num fds: 2 num ints: 23 err:0
2026-05-15 14:05:11.145  1190-2165  qdgralloc               media.codec                          D  Imported handle: 0xf3b82b90 id: 685
2026-05-15 14:05:11.145  1190-2165  qdgralloc               media.codec                          D  GetTransportSize: num fds: 2 num ints: 23 err:0
2026-05-15 14:05:11.162  1190-2165  qdgralloc               media.codec                          D  Imported handle: 0xf3b81f90 id: 684
2026-05-15 14:05:11.162  1190-2165  qdgralloc               media.codec                          D  GetTransportSize: num fds: 2 num ints: 23 err:0
2026-05-15 14:05:11.179  1190-2165  qdgralloc               media.codec                          D  Imported handle: 0xf3b83210 id: 685
2026-05-15 14:05:11.179  1190-2165  qdgralloc               media.codec                          D  GetTransportSize: num fds: 2 num ints: 23 err:0
2026-05-15 14:05:11.196  1190-21449 qdgralloc               media.codec                          D  Imported handle: 0xf3b83110 id: 684
2026-05-15 14:05:11.196  1190-21449 qdgralloc               media.codec                          D  GetTransportSize: num fds: 2 num ints: 23 err:0
2026-05-15 14:05:11.212  1190-21449 qdgralloc               media.codec                          D  Imported handle: 0xf3b82010 id: 685
2026-05-15 14:05:11.212  1190-21449 qdgralloc               media.codec                          D  GetTransportSize: num fds: 2 num ints: 23 err:0
2026-05-15 14:05:11.230  1190-21449 qdgralloc               media.codec                          D  Imported handle: 0xf3b82790 id: 684
2026-05-15 14:05:11.230  1190-21449 qdgralloc               media.codec                          D  GetTransportSize: num fds: 2 num ints: 23 err:0
2026-05-15 14:05:11.331  1190-25321 qdgralloc               media.codec                          D  Imported handle: 0xf3b83290 id: 684
2026-05-15 14:05:11.331  1190-25321 qdgralloc               media.codec                          D  GetTransportSize: num fds: 2 num ints: 23 err:0
2026-05-15 14:05:11.391  3745-3745  BoundBrokerSvc          com.google.android.gms               D  onUnbind: Intent { act=com.google.firebase.dynamiclinks.service.START pkg=com.google.android.gms }
2026-05-15 14:05:11.433  1190-25321 qdgralloc               media.codec                          D  Imported handle: 0xf3b84190 id: 684
2026-05-15 14:05:11.433  1190-25321 qdgralloc               media.codec                          D  GetTransportSize: num fds: 2 num ints: 23 err:0
2026-05-15 14:05:11.534  1190-25321 qdgralloc               media.codec                          D  Imported handle: 0xf3b82f90 id: 684
2026-05-15 14:05:11.534  1190-25321 qdgralloc               media.codec                          D  GetTransportSize: num fds: 2 num ints: 23 err:0
2026-05-15 14:05:11.635  1190-25321 qdgralloc               media.codec                          D  Imported handle: 0xf3b81e90 id: 684
2026-05-15 14:05:11.635  1190-25321 qdgralloc               media.codec                          D  GetTransportSize: num fds: 2 num ints: 23 err:0
2026-05-15 14:05:11.736  1190-25321 qdgralloc               media.codec                          D  Imported handle: 0xf3b83610 id: 684
2026-05-15 14:05:11.736  1190-25321 qdgralloc               media.codec                          D  GetTransportSize: num fds: 2 num ints: 23 err:0
2026-05-15 14:05:11.747   768-2910  vendor.qti...bs_handler and...are.bluetooth@1.0-service-qti  I  ProcessIbsCmd: Received IBS_WAKE_IND: 0xFD
2026-05-15 14:05:11.747   768-2910  vendor.qti...bs_handler and...are.bluetooth@1.0-service-qti  D  SerialClockVote: vote for UART CLK ON
2026-05-15 14:05:11.747   768-2910  vendor.qti...-wake_lock and...are.bluetooth@1.0-service-qti  D  Acquire wakelock is acquired 
2026-05-15 14:05:11.747   768-2910  vendor.qti...bs_handler and...are.bluetooth@1.0-service-qti  I  ProcessIbsCmd: Writing IBS_WAKE_ACK
2026-05-15 14:05:11.789   768-2910  vendor.qti...bs_handler and...are.bluetooth@1.0-service-qti  I  ProcessIbsCmd: Received IBS_SLEEP_IND: 0xFE
2026-05-15 14:05:11.789   768-2910  vendor.qti...bs_handler and...are.bluetooth@1.0-service-qti  D  SerialClockVote: vote for UART CLK OFF
2026-05-15 14:05:11.837  1190-25321 qdgralloc               media.codec                          D  Imported handle: 0xf3b82e10 id: 684
2026-05-15 14:05:11.837  1190-25321 qdgralloc               media.codec                          D  GetTransportSize: num fds: 2 num ints: 23 err:0
2026-05-15 14:05:11.863  1190-21449 qdgralloc               media.codec                          D  Imported handle: 0xf3b81610 id: 685
2026-05-15 14:05:11.863  1190-21449 qdgralloc               media.codec                          D  GetTransportSize: num fds: 2 num ints: 23 err:0
2026-05-15 14:05:11.883  1190-21449 qdgralloc               media.codec                          D  Imported handle: 0xf3b82b90 id: 684
2026-05-15 14:05:11.883  1190-21449 qdgralloc               media.codec                          D  GetTransportSize: num fds: 2 num ints: 23 err:0
2026-05-15 14:05:11.885 25124-25169 GH.ConnLoggerV2         com...e.android.projection.gearhead  I  Stopped session 7f525d4b-331a-45eb-919c-97fd8116adc5
2026-05-15 14:05:11.887 25124-25169 GH.ConnLoggerV2         com...e.android.projection.gearhead  I  Session 7f525d4b-331a-45eb-919c-97fd8116adc5, event 3, detail OptionalInt.empty, SESSION_STOPPED, at 9401595 
2026-05-15 14:05:11.892  1523-2097  Compatibil...geReporter system_server                        D  Compat change id reported: 157233955; UID 10136; state: ENABLED
2026-05-15 14:05:11.893  1523-2097  Telecom                 system_server                        I  DefaultDialerCache: current default pkg: org.codeaurora.dialer: TSI.getCallStateUsingPackage@AJ4
2026-05-15 14:05:11.893  1523-2097  Telecom                 system_server                        I  DefaultDialerCache: current returning default pkg: org.codeaurora.dialer: TSI.getCallStateUsingPackage@AJ4
2026-05-15 14:05:11.895  1190-21449 qdgralloc               media.codec                          D  Imported handle: 0xf3b81f90 id: 685
2026-05-15 14:05:11.895  1190-21449 qdgralloc               media.codec                          D  GetTransportSize: num fds: 2 num ints: 23 err:0
2026-05-15 14:05:11.928  1190-21449 qdgralloc               media.codec                          D  Imported handle: 0xf3b83210 id: 684
2026-05-15 14:05:11.928  1190-21449 qdgralloc               media.codec                          D  GetTransportSize: num fds: 2 num ints: 23 err:0
2026-05-15 14:05:11.940   768-2829  vendor.qti...-wake_lock and...are.bluetooth@1.0-service-qti  D  Release wakelock is released 
2026-05-15 14:05:11.944  1190-21449 qdgralloc               media.codec                          D  Imported handle: 0xf3b83110 id: 685
2026-05-15 14:05:11.945  1190-21449 qdgralloc               media.codec                          D  GetTransportSize: num fds: 2 num ints: 23 err:0
2026-05-15 14:05:11.962  1190-21449 qdgralloc               media.codec                          D  Imported handle: 0xf3b82010 id: 684
2026-05-15 14:05:11.963  1190-21449 qdgralloc               media.codec                          D  GetTransportSize: num fds: 2 num ints: 23 err:0
2026-05-15 14:05:11.979  1190-21449 qdgralloc               media.codec                          D  Imported handle: 0xf3b82790 id: 685
2026-05-15 14:05:11.979  1190-21449 qdgralloc               media.codec                          D  GetTransportSize: num fds: 2 num ints: 23 err:0
2026-05-15 14:05:11.995  1190-21449 qdgralloc               media.codec                          D  Imported handle: 0xf3b83290 id: 684
2026-05-15 14:05:11.995  1190-21449 qdgralloc               media.codec                          D  GetTransportSize: num fds: 2 num ints: 23 err:0
2026-05-15 14:05:12.012  1190-21449 qdgralloc               media.codec                          D  Imported handle: 0xf3b84190 id: 685
2026-05-15 14:05:12.013  1190-21449 qdgralloc               media.codec                          D  GetTransportSize: num fds: 2 num ints: 23 err:0
2026-05-15 14:05:12.028  1190-21449 qdgralloc               media.codec                          D  Imported handle: 0xf3b82f90 id: 684
2026-05-15 14:05:12.028  1190-21449 qdgralloc               media.codec                          D  GetTransportSize: num fds: 2 num ints: 23 err:0
2026-05-15 14:05:12.045  1190-2165  qdgralloc               media.codec                          D  Imported handle: 0xf3b82b10 id: 685
2026-05-15 14:05:12.045  1190-2165  qdgralloc               media.codec                          D  GetTransportSize: num fds: 2 num ints: 23 err:0
2026-05-15 14:05:12.062  1190-2165  qdgralloc               media.codec                          D  Imported handle: 0xf3b83790 id: 684
2026-05-15 14:05:12.062  1190-2165  qdgralloc               media.codec                          D  GetTransportSize: num fds: 2 num ints: 23 err:0
2026-05-15 14:05:12.080  1190-2165  qdgralloc               media.codec                          D  Imported handle: 0xf3b80a10 id: 685
2026-05-15 14:05:12.080  1190-2165  qdgralloc               media.codec                          D  GetTransportSize: num fds: 2 num ints: 23 err:0
2026-05-15 14:05:12.096  1190-21449 qdgralloc               media.codec                          D  Imported handle: 0xf3b81e90 id: 684
2026-05-15 14:05:12.096  1190-21449 qdgralloc               media.codec                          D  GetTransportSize: num fds: 2 num ints: 23 err:0
2026-05-15 14:05:12.112  1190-21449 qdgralloc               media.codec                          D  Imported handle: 0xf3b83610 id: 685
2026-05-15 14:05:12.112  1190-21449 qdgralloc               media.codec                          D  GetTransportSize: num fds: 2 num ints: 23 err:0
2026-05-15 14:05:12.130  1190-21449 qdgralloc               media.codec                          D  Imported handle: 0xf3b82e10 id: 684
2026-05-15 14:05:12.130  1190-21449 qdgralloc               media.codec                          D  GetTransportSize: num fds: 2 num ints: 23 err:0
2026-05-15 14:05:12.147  1190-21449 qdgralloc               media.codec                          D  Imported handle: 0xf3b81610 id: 685
2026-05-15 14:05:12.147  1190-21449 qdgralloc               media.codec                          D  GetTransportSize: num fds: 2 num ints: 23 err:0
2026-05-15 14:05:12.162  1190-21449 qdgralloc               media.codec                          D  Imported handle: 0xf3b83110 id: 684
2026-05-15 14:05:12.162  1190-21449 qdgralloc               media.codec                          D  GetTransportSize: num fds: 2 num ints: 23 err:0
2026-05-15 14:05:12.179  1190-21449 qdgralloc               media.codec                          D  Imported handle: 0xf3b82010 id: 685
2026-05-15 14:05:12.179  1190-21449 qdgralloc               media.codec                          D  GetTransportSize: num fds: 2 num ints: 23 err:0
2026-05-15 14:05:12.195  1190-21449 qdgralloc               media.codec                          D  Imported handle: 0xf3b82790 id: 684
2026-05-15 14:05:12.195  1190-21449 qdgralloc               media.codec                          D  GetTransportSize: num fds: 2 num ints: 23 err:0
2026-05-15 14:05:12.211  1190-2165  qdgralloc               media.codec                          D  Imported handle: 0xf3b81e10 id: 685
2026-05-15 14:05:12.212  1190-2165  qdgralloc               media.codec                          D  GetTransportSize: num fds: 2 num ints: 23 err:0
2026-05-15 14:05:12.228  1190-2165  qdgralloc               media.codec                          D  Imported handle: 0xf3b82b90 id: 684
2026-05-15 14:05:12.228  1190-2165  qdgralloc               media.codec                          D  GetTransportSize: num fds: 2 num ints: 23 err:0
2026-05-15 14:05:12.245  1190-2165  qdgralloc               media.codec                          D  Imported handle: 0xf3b81f90 id: 685
2026-05-15 14:05:12.245  1190-2165  qdgralloc               media.codec                          D  GetTransportSize: num fds: 2 num ints: 23 err:0
2026-05-15 14:05:12.262  1190-2165  qdgralloc               media.codec                          D  Imported handle: 0xf3b83210 id: 684
2026-05-15 14:05:12.262  1190-2165  qdgralloc               media.codec                          D  GetTransportSize: num fds: 2 num ints: 23 err:0
2026-05-15 14:05:12.278  1190-2165  qdgralloc               media.codec                          D  Imported handle: 0xf3b83790 id: 685
2026-05-15 14:05:12.278  1190-2165  qdgralloc               media.codec                          D  GetTransportSize: num fds: 2 num ints: 23 err:0
2026-05-15 14:05:12.296  1190-2165  qdgralloc               media.codec                          D  Imported handle: 0xf3b80a10 id: 684
2026-05-15 14:05:12.296  1190-2165  qdgralloc               media.codec                          D  GetTransportSize: num fds: 2 num ints: 23 err:0
2026-05-15 14:05:12.312  1190-2165  qdgralloc               media.codec                          D  Imported handle: 0xf3b81e90 id: 685
2026-05-15 14:05:12.312  1190-2165  qdgralloc               media.codec                          D  GetTransportSize: num fds: 2 num ints: 23 err:0
2026-05-15 14:05:12.328  1190-2165  qdgralloc               media.codec                          D  Imported handle: 0xf3b83610 id: 684
2026-05-15 14:05:12.329  1190-2165  qdgralloc               media.codec                          D  GetTransportSize: num fds: 2 num ints: 23 err:0
2026-05-15 14:05:12.345  1190-2165  qdgralloc               media.codec                          D  Imported handle: 0xf3b82e10 id: 685
2026-05-15 14:05:12.345  1190-2165  qdgralloc               media.codec                          D  GetTransportSize: num fds: 2 num ints: 23 err:0
2026-05-15 14:05:12.361  1190-21449 qdgralloc               media.codec                          D  Imported handle: 0xf3b83290 id: 684
2026-05-15 14:05:12.361  1190-21449 qdgralloc               media.codec                          D  GetTransportSize: num fds: 2 num ints: 23 err:0
2026-05-15 14:05:12.378  1190-2165  qdgralloc               media.codec                          D  Imported handle: 0xf3b81610 id: 685
2026-05-15 14:05:12.378  1190-2165  qdgralloc               media.codec                          D  GetTransportSize: num fds: 2 num ints: 23 err:0
2026-05-15 14:05:12.394  1190-2165  qdgralloc               media.codec                          D  Imported handle: 0xf3b83110 id: 684
2026-05-15 14:05:12.394  1190-2165  qdgralloc               media.codec                          D  GetTransportSize: num fds: 2 num ints: 23 err:0
2026-05-15 14:05:12.412  1190-2165  qdgralloc               media.codec                          D  Imported handle: 0xf3b82010 id: 685
2026-05-15 14:05:12.412  1190-2165  qdgralloc               media.codec                          D  GetTransportSize: num fds: 2 num ints: 23 err:0
2026-05-15 14:05:12.429  1190-2165  qdgralloc               media.codec                          D  Imported handle: 0xf3b82790 id: 684
2026-05-15 14:05:12.429  1190-2165  qdgralloc               media.codec                          D  GetTransportSize: num fds: 2 num ints: 23 err:0
2026-05-15 14:05:12.446  1190-2165  qdgralloc               media.codec                          D  Imported handle: 0xf3b82b90 id: 685
2026-05-15 14:05:12.446  1190-2165  qdgralloc               media.codec                          D  GetTransportSize: num fds: 2 num ints: 23 err:0
2026-05-15 14:05:12.462  1190-2165  qdgralloc               media.codec                          D  Imported handle: 0xf3b81f90 id: 684
2026-05-15 14:05:12.462  1190-2165  qdgralloc               media.codec                          D  GetTransportSize: num fds: 2 num ints: 23 err:0
2026-05-15 14:05:12.478  1190-2165  qdgralloc               media.codec                          D  Imported handle: 0xf3b83210 id: 685
2026-05-15 14:05:12.478  1190-2165  qdgralloc               media.codec                          D  GetTransportSize: num fds: 2 num ints: 23 err:0
2026-05-15 14:05:12.495  1190-2165  qdgralloc               media.codec                          D  Imported handle: 0xf3b83790 id: 684
2026-05-15 14:05:12.496  1190-2165  qdgralloc               media.codec                          D  GetTransportSize: num fds: 2 num ints: 23 err:0
2026-05-15 14:05:12.513  1190-2165  qdgralloc               media.codec                          D  Imported handle: 0xf3b80a10 id: 685
2026-05-15 14:05:12.513  1190-2165  qdgralloc               media.codec                          D  GetTransportSize: num fds: 2 num ints: 23 err:0
2026-05-15 14:05:12.529  1190-2165  qdgralloc               media.codec                          D  Imported handle: 0xf3b81e90 id: 684
2026-05-15 14:05:12.529  1190-2165  qdgralloc               media.codec                          D  GetTransportSize: num fds: 2 num ints: 23 err:0
2026-05-15 14:05:12.545  1190-2165  qdgralloc               media.codec                          D  Imported handle: 0xf3b83610 id: 685
2026-05-15 14:05:12.545  1190-2165  qdgralloc               media.codec                          D  GetTransportSize: num fds: 2 num ints: 23 err:0
2026-05-15 14:05:12.562  1190-2165  qdgralloc               media.codec                          D  Imported handle: 0xf3b82e10 id: 684
2026-05-15 14:05:12.563  1190-2165  qdgralloc               media.codec                          D  GetTransportSize: num fds: 2 num ints: 23 err:0
2026-05-15 14:05:12.580  1190-2165  qdgralloc               media.codec                          D  Imported handle: 0xf3b83290 id: 685
2026-05-15 14:05:12.580  1190-2165  qdgralloc               media.codec                          D  GetTransportSize: num fds: 2 num ints: 23 err:0
2026-05-15 14:05:12.597  1190-2165  qdgralloc               media.codec                          D  Imported handle: 0xf3b81610 id: 684
2026-05-15 14:05:12.597  1190-2165  qdgralloc               media.codec                          D  GetTransportSize: num fds: 2 num ints: 23 err:0
2026-05-15 14:05:12.614  1190-2165  qdgralloc               media.codec                          D  Imported handle: 0xf3b83110 id: 685
2026-05-15 14:05:12.614  1190-2165  qdgralloc               media.codec                          D  GetTransportSize: num fds: 2 num ints: 23 err:0
2026-05-15 14:05:12.628  1190-2165  qdgralloc               media.codec                          D  Imported handle: 0xf3b82010 id: 684
2026-05-15 14:05:12.629  1190-2165  qdgralloc               media.codec                          D  GetTransportSize: num fds: 2 num ints: 23 err:0
2026-05-15 14:05:12.646  1190-2165  qdgralloc               media.codec                          D  Imported handle: 0xf3b82790 id: 685
2026-05-15 14:05:12.646  1190-2165  qdgralloc               media.codec                          D  GetTransportSize: num fds: 2 num ints: 23 err:0
2026-05-15 14:05:12.663  1190-21449 qdgralloc               media.codec                          D  Imported handle: 0xf3b84190 id: 684
2026-05-15 14:05:12.663  1190-21449 qdgralloc               media.codec                          D  GetTransportSize: num fds: 2 num ints: 23 err:0
2026-05-15 14:05:12.679  1190-21449 qdgralloc               media.codec                          D  Imported handle: 0xf3b82f90 id: 685
2026-05-15 14:05:12.679  1190-21449 qdgralloc               media.codec                          D  GetTransportSize: num fds: 2 num ints: 23 err:0
2026-05-15 14:05:12.695  1190-21449 qdgralloc               media.codec                          D  Imported handle: 0xf3b82b10 id: 684
2026-05-15 14:05:12.695  1190-21449 qdgralloc               media.codec                          D  GetTransportSize: num fds: 2 num ints: 23 err:0
2026-05-15 14:05:12.712  1190-2165  qdgralloc               media.codec                          D  Imported handle: 0xf3b82b90 id: 685
2026-05-15 14:05:12.712  1190-2165  qdgralloc               media.codec                          D  GetTransportSize: num fds: 2 num ints: 23 err:0
2026-05-15 14:05:12.728  1190-2165  qdgralloc               media.codec                          D  Imported handle: 0xf3b81f90 id: 684
2026-05-15 14:05:12.728  1190-2165  qdgralloc               media.codec                          D  GetTransportSize: num fds: 2 num ints: 23 err:0
2026-05-15 14:05:12.746  1190-2165  qdgralloc               media.codec                          D  Imported handle: 0xf3b83210 id: 685
2026-05-15 14:05:12.746  1190-2165  qdgralloc               media.codec                          D  GetTransportSize: num fds: 2 num ints: 23 err:0
2026-05-15 14:05:12.762  1190-2165  qdgralloc               media.codec                          D  Imported handle: 0xf3b83790 id: 684
2026-05-15 14:05:12.762  1190-2165  qdgralloc               media.codec                          D  GetTransportSize: num fds: 2 num ints: 23 err:0
2026-05-15 14:05:12.767  1523-2017  WifiClientModeImpl      system_server                        I  updateLinkLayerStatsRssiSpeedFrequencyCapabilities rssi=-74 TxLinkspeed=52 freq=2412 RxLinkSpeed=39
2026-05-15 14:05:12.778  1190-2165  qdgralloc               media.codec                          D  Imported handle: 0xf3b82e10 id: 685
2026-05-15 14:05:12.778  1190-2165  qdgralloc               media.codec                          D  GetTransportSize: num fds: 2 num ints: 23 err:0
2026-05-15 14:05:12.795  1190-2165  qdgralloc               media.codec                          D  Imported handle: 0xf3b83290 id: 684
2026-05-15 14:05:12.796  1190-2165  qdgralloc               media.codec                          D  GetTransportSize: num fds: 2 num ints: 23 err:0
2026-05-15 14:05:12.812  1190-2165  qdgralloc               media.codec                          D  Imported handle: 0xf3b81610 id: 685
2026-05-15 14:05:12.812  1190-2165  qdgralloc               media.codec                          D  GetTransportSize: num fds: 2 num ints: 23 err:0
2026-05-15 14:05:12.827  1190-2165  qdgralloc               media.codec                          D  Imported handle: 0xf3b83110 id: 684
2026-05-15 14:05:12.828  1190-2165  qdgralloc               media.codec                          D  GetTransportSize: num fds: 2 num ints: 23 err:0
2026-05-15 14:05:12.845  1190-2165  qdgralloc               media.codec                          D  Imported handle: 0xf3b82010 id: 685
2026-05-15 14:05:12.845  1190-2165  qdgralloc               media.codec                          D  GetTransportSize: num fds: 2 num ints: 23 err:0
2026-05-15 14:05:12.862  1190-2165  qdgralloc               media.codec                          D  Imported handle: 0xf3b82790 id: 684
2026-05-15 14:05:12.863  1190-2165  qdgralloc               media.codec                          D  GetTransportSize: num fds: 2 num ints: 23 err:0
2026-05-15 14:05:12.879  1190-2165  qdgralloc               media.codec                          D  Imported handle: 0xf3b84190 id: 685
2026-05-15 14:05:12.879  1190-2165  qdgralloc               media.codec                          D  GetTransportSize: num fds: 2 num ints: 23 err:0
2026-05-15 14:05:12.896  1190-2165  qdgralloc               media.codec                          D  Imported handle: 0xf3b82f90 id: 684
2026-05-15 14:05:12.896  1190-2165  qdgralloc               media.codec                          D  GetTransportSize: num fds: 2 num ints: 23 err:0
2026-05-15 14:05:12.901  1523-2097  ActivityManager         system_server                        E  Sending non-protected broadcast com.symbol.datawedge.api.ACTION from system 2577:com.android.phone/1001 pkg com.android.phone
                                                                                                    java.lang.Throwable
                                                                                                    	at com.android.server.am.ActivityManagerService.checkBroadcastFromSystem(ActivityManagerService.java:13712)
                                                                                                    	at com.android.server.am.ActivityManagerService.broadcastIntentLocked(ActivityManagerService.java:14434)
                                                                                                    	at com.android.server.am.ActivityManagerService.broadcastIntentLocked(ActivityManagerService.java:13730)
                                                                                                    	at com.android.server.am.ActivityManagerService.broadcastIntentWithFeature(ActivityManagerService.java:14608)
                                                                                                    	at android.app.IActivityManager$Stub.onTransact(IActivityManager.java:2296)
                                                                                                    	at com.android.server.am.ActivityManagerService.onTransact(ActivityManagerService.java:2655)
                                                                                                    	at android.os.Binder.execTransactInternal(Binder.java:1280)
                                                                                                    	at android.os.Binder.execTransact(Binder.java:1244)
2026-05-15 14:05:12.912  1190-2165  qdgralloc               media.codec                          D  Imported handle: 0xf3b82b10 id: 685
2026-05-15 14:05:12.912  1190-2165  qdgralloc               media.codec                          D  GetTransportSize: num fds: 2 num ints: 23 err:0
2026-05-15 14:05:12.930  1190-2165  qdgralloc               media.codec                          D  Imported handle: 0xf3b82b90 id: 684
2026-05-15 14:05:12.930  1190-2165  qdgralloc               media.codec                          D  GetTransportSize: num fds: 2 num ints: 23 err:0
2026-05-15 14:05:12.945  1190-2165  qdgralloc               media.codec                          D  Imported handle: 0xf3b81f90 id: 685
2026-05-15 14:05:12.946  1190-2165  qdgralloc               media.codec                          D  GetTransportSize: num fds: 2 num ints: 23 err:0
2026-05-15 14:05:12.962  1190-2165  qdgralloc               media.codec                          D  Imported handle: 0xf3b83210 id: 684
2026-05-15 14:05:12.962  1190-2165  qdgralloc               media.codec                          D  GetTransportSize: num fds: 2 num ints: 23 err:0
2026-05-15 14:05:12.979  1190-2165  qdgralloc               media.codec                          D  Imported handle: 0xf3b83790 id: 685
2026-05-15 14:05:12.979  1190-2165  qdgralloc               media.codec                          D  GetTransportSize: num fds: 2 num ints: 23 err:0
2026-05-15 14:05:12.996  1190-2165  qdgralloc               media.codec                          D  Imported handle: 0xf3b82e10 id: 684
2026-05-15 14:05:12.996  1190-2165  qdgralloc               media.codec                          D  GetTransportSize: num fds: 2 num ints: 23 err:0
2026-05-15 14:05:13.012  1190-2165  qdgralloc               media.codec                          D  Imported handle: 0xf3b83290 id: 685
2026-05-15 14:05:13.012  1190-2165  qdgralloc               media.codec                          D  GetTransportSize: num fds: 2 num ints: 23 err:0
2026-05-15 14:05:13.028  1190-2165  qdgralloc               media.codec                          D  Imported handle: 0xf3b81610 id: 684
2026-05-15 14:05:13.029  1190-2165  qdgralloc               media.codec                          D  GetTransportSize: num fds: 2 num ints: 23 err:0
2026-05-15 14:05:13.045  1190-2165  qdgralloc               media.codec                          D  Imported handle: 0xf3b83110 id: 685
2026-05-15 14:05:13.045  1190-2165  qdgralloc               media.codec                          D  GetTransportSize: num fds: 2 num ints: 23 err:0
2026-05-15 14:05:13.062  1190-2165  qdgralloc               media.codec                          D  Imported handle: 0xf3b82010 id: 684
2026-05-15 14:05:13.062  1190-2165  qdgralloc               media.codec                          D  GetTransportSize: num fds: 2 num ints: 23 err:0
2026-05-15 14:05:13.078  1190-2165  qdgralloc               media.codec                          D  Imported handle: 0xf3b82790 id: 685
2026-05-15 14:05:13.078  1190-2165  qdgralloc               media.codec                          D  GetTransportSize: num fds: 2 num ints: 23 err:0
2026-05-15 14:05:13.096  1190-2165  qdgralloc               media.codec                          D  Imported handle: 0xf3b84190 id: 684
2026-05-15 14:05:13.096  1190-2165  qdgralloc               media.codec                          D  GetTransportSize: num fds: 2 num ints: 23 err:0
2026-05-15 14:05:13.112  1190-2165  qdgralloc               media.codec                          D  Imported handle: 0xf3b82f90 id: 685
2026-05-15 14:05:13.112  1190-2165  qdgralloc               media.codec                          D  GetTransportSize: num fds: 2 num ints: 23 err:0
2026-05-15 14:05:13.128  1190-2165  qdgralloc               media.codec                          D  Imported handle: 0xf3b82b10 id: 684
2026-05-15 14:05:13.128  1190-2165  qdgralloc               media.codec                          D  GetTransportSize: num fds: 2 num ints: 23 err:0
2026-05-15 14:05:13.146  1190-21449 qdgralloc               media.codec                          D  Imported handle: 0xf3b81e10 id: 685
2026-05-15 14:05:13.146  1190-21449 qdgralloc               media.codec                          D  GetTransportSize: num fds: 2 num ints: 23 err:0
2026-05-15 14:05:13.162  1190-21449 qdgralloc               media.codec                          D  Imported handle: 0xf3b80a10 id: 684
2026-05-15 14:05:13.162  1190-21449 qdgralloc               media.codec                          D  GetTransportSize: num fds: 2 num ints: 23 err:0
2026-05-15 14:05:13.177  1523-2097  ActivityTaskManager     system_server                        I  START u0 {cmp=com.example.diverscan.activeid/.GeneralTag.ConfiguracionAntena} from uid 10321
2026-05-15 14:05:13.178  1190-21449 qdgralloc               media.codec                          D  Imported handle: 0xf3b81e90 id: 685
2026-05-15 14:05:13.178  1190-21449 qdgralloc               media.codec                          D  GetTransportSize: num fds: 2 num ints: 23 err:0
2026-05-15 14:05:13.181   704-716   statsd                  statsd                               D  StateTracker did not find state value for query key (27)0x10000->1041[I] 
2026-05-15 14:05:13.181   704-716   statsd                  statsd                               W  StateTracker not found for state atom 27
2026-05-15 14:05:13.182   704-716   statsd                  statsd                               D  StateTracker did not find state value for query key (27)0x10000->1041[I] 
2026-05-15 14:05:13.182   704-716   statsd                  statsd                               W  StateTracker not found for state atom 27
2026-05-15 14:05:13.183   765-3333  audio_hw_primary        android.hardware.audio.service       D  start_output_stream: enter: stream(0xecb00010)usecase(1: low-latency-playback) devices(0x2) is_haptic_usecase(0)
2026-05-15 14:05:13.183   765-3333  audio_hw_primary        android.hardware.audio.service       D  select_devices for use case (low-latency-playback)
2026-05-15 14:05:13.183   765-3333  msm8974_platform        android.hardware.audio.service       I  platform_check_and_set_codec_backend_cfg:becf: afe: bitwidth 16, samplerate 48000 channels 2, backend_idx 0 usecase = 1 device (speaker)
2026-05-15 14:05:13.183   765-3333  msm8974_platform        android.hardware.audio.service       I  platform_check_and_set_codec_backend_cfg: new_snd_devices[0] is 2
2026-05-15 14:05:13.183   765-3333  msm8974_platform        android.hardware.audio.service       I  platform_check_codec_backend_cfg:becf: afe: bitwidth 16, samplerate 48000 channels 2, backend_idx 0 usecase = 1 device (speaker)
2026-05-15 14:05:13.186  1523-2097  ActivityTrigger         system_server                        D  ActivityTrigger activityPauseTrigger 
2026-05-15 14:05:13.188   765-3333  msm8974_platform        android.hardware.audio.service       D  platform_check_codec_backend_cfg:becf: updated afe: bitwidth 16, samplerate 48000 channels 2,backend_idx 0 usecase = 1 device (speaker)
2026-05-15 14:05:13.188   765-3333  msm8974_platform        android.hardware.audio.service       I  platform_check_codec_backend_cfg:becf: afe: Codec selected backend: 0 updated bit width: 16 and sample rate: 48000
2026-05-15 14:05:13.188   765-3333  audio_hw_primary        android.hardware.audio.service       D  check_usecases_codec_backend:becf: force routing 0
2026-05-15 14:05:13.188   765-3333  audio_hw_primary        android.hardware.audio.service       D  check_usecases_codec_backend:becf: (85) check_usecases curr device: speaker, usecase device: backends match 0
2026-05-15 14:05:13.188   765-3333  audio_hw_primary        android.hardware.audio.service       D  check_usecases_codec_backend:becf: check_usecases num.of Usecases to switch 0
2026-05-15 14:05:13.188   765-3333  hardware_info           android.hardware.audio.service       D  hw_info_append_hw_type : device_name = speaker
2026-05-15 14:05:13.188   765-3333  audio_hw_primary        android.hardware.audio.service       D  enable_snd_device: snd_device(2: speaker)
2026-05-15 14:05:13.188   765-3333  msm8974_platform        android.hardware.audio.service       D  platform_get_island_cfg_on_device:island cfg status on snd_device = (speaker 0)
2026-05-15 14:05:13.188   765-3333  soundtrigger            android.hardware.audio.service       I  audio_extn_sound_trigger_update_device_status: device 0x2 of type 0 for Event 1, with Raise=0
2026-05-15 14:05:13.188   765-3333  audio_route             android.hardware.audio.service       D  Apply path: speaker
2026-05-15 14:05:13.192   765-3333  audio_hw_primary        android.hardware.audio.service       D  audio_is_true_native_stream_active:napb: (0) (low-latency-playback)id (1) sr 48000 bw (16) device speaker
2026-05-15 14:05:13.192   765-3333  soundtrigger            android.hardware.audio.service       D  audio_extn_sound_trigger_update_stream_status: uc_info->id 1 of type 0 for Event 3, with Raise=0
2026-05-15 14:05:13.192   765-3333  audio_hw_utils          android.hardware.audio.service       D  audio_extn_utils_send_app_type_cfg: usecase->out_snd_device speaker
2026-05-15 14:05:13.192   765-3333  audio_hw_utils          android.hardware.audio.service       I  send_app_type_cfg_for_device PLAYBACK app_type 69937, acdb_dev_id 14, sample_rate 48000, snd_device_be_idx 162
2026-05-15 14:05:13.194   765-3333  ACDB-LOADER             android.hardware.audio.service       D  ACDB -> send_audio_cal, acdb_id = 14, path = 0, app id = 0x11131, sample rate = 48000, use_case = 0,buffer_idx_w_path =0, afe_sample_rate = 48000, cal_mode = 1, offset_index = 0
2026-05-15 14:05:13.194   765-3333  ACDB-LOADER             android.hardware.audio.service       D  ACDB -> send_asm_topology
2026-05-15 14:05:13.194   765-3333  ACDB-LOADER             android.hardware.audio.service       D  ACDB -> ACDB_CMD_GET_AUDPROC_STREAM_TOPOLOGY_ID
2026-05-15 14:05:13.194   765-3333  ACDB-LOADER             android.hardware.audio.service       D  ACDB -> send_adm_topology
2026-05-15 14:05:13.194   765-3333  ACDB-LOADER             android.hardware.audio.service       D  ACDB -> ACDB_CMD_GET_AUDPROC_COMMON_TOPOLOGY_ID
2026-05-15 14:05:13.194   765-3333  ACDB-LOADER             android.hardware.audio.service       D  ACDB -> send_audtable
2026-05-15 14:05:13.194   765-3333  ACDB-LOADER             android.hardware.audio.service       D  ACDB -> ACDB_CMD_GET_AUDPROC_COMMON_TABLE_SIZE
2026-05-15 14:05:13.194   765-3333  ACDB-LOADER             android.hardware.audio.service       D  ACDB -> ACDB_CMD_GET_AUDPROC_COMMON_TABLE
2026-05-15 14:05:13.194   765-3333  ACDB-LOADER             android.hardware.audio.service       D  ACDB -> AUDIO_SET_AUDPROC_CAL cal_type[11] acdb_id[14] app_type[69937]
2026-05-15 14:05:13.194   765-3333  ACDB-LOADER             android.hardware.audio.service       D  ACDB -> send_audvoltable
2026-05-15 14:05:13.194   765-3333  ACDB-LOADER             android.hardware.audio.service       D  ACDB -> ACDB_CMD_GET_AUDPROC_GAIN_DEP_STEP_TABLE_SIZE
2026-05-15 14:05:13.194   765-3333  ACDB-LOADER             android.hardware.audio.service       D  ACDB -> ACDB_CMD_GET_AUDPROC_GAIN_DEP_STEP_TABLE, vol index 0
2026-05-15 14:05:13.194   765-3333  ACDB-LOADER             android.hardware.audio.service       D  ACDB -> AUDIO_SET_VOL_CAL cal type = 12
2026-05-15 14:05:13.194   765-3333  ACDB-LOADER             android.hardware.audio.service       D  ACDB -> ACDB_CMD_GET_AUDPROC_STREAM_TABLE_SIZE
2026-05-15 14:05:13.194   765-3333  ACDB-LOADER             android.hardware.audio.service       D  ACDB -> send_audstrmtable
2026-05-15 14:05:13.194   765-3333  ACDB-LOADER             android.hardware.audio.service       D  ACDB -> ACDB_CMD_GET_AUDPROC_STREAM_TABLE_V2
2026-05-15 14:05:13.194   765-3333  ACDB-LOADER             android.hardware.audio.service       D  ACDB -> audstrm_cal->cal_type.cal_data.cal_size = 16
2026-05-15 14:05:13.194   765-3333  ACDB-LOADER             android.hardware.audio.service       D  ACDB -> send_afe_topology
2026-05-15 14:05:13.194   765-3333  ACDB-LOADER             android.hardware.audio.service       D  ACDB -> ACDB_CMD_GET_AFE_TOPOLOGY_ID
2026-05-15 14:05:13.194   765-3333  ACDB-LOADER             android.hardware.audio.service       D  ACDB -> GET_AFE_TOPOLOGY_ID for adcd_id 14, Topology Id 1025e
2026-05-15 14:05:13.194   765-3333  ACDB-LOADER             android.hardware.audio.service       D  ACDB -> send_afe_cal
2026-05-15 14:05:13.194   765-3333  ACDB-LOADER             android.hardware.audio.service       D  ACDB -> ACDB_CMD_GET_AFE_COMMON_TABLE_SIZE
