2026-05-15 14:54:24.134  1190-28647 qdgralloc               media.codec                          D  GetTransportSize: num fds: 2 num ints: 23 err:0
2026-05-15 14:54:24.234  1190-28647 qdgralloc               media.codec                          D  Imported handle: 0xf3b83510 id: 1127
2026-05-15 14:54:24.234  1190-28647 qdgralloc               media.codec                          D  GetTransportSize: num fds: 2 num ints: 23 err:0
2026-05-15 14:54:24.335  1190-28647 qdgralloc               media.codec                          D  Imported handle: 0xf3b81c90 id: 1127
2026-05-15 14:54:24.335  1190-28647 qdgralloc               media.codec                          D  GetTransportSize: num fds: 2 num ints: 23 err:0
2026-05-15 14:54:24.436  1190-28647 qdgralloc               media.codec                          D  Imported handle: 0xf3b83790 id: 1127
2026-05-15 14:54:24.436  1190-28647 qdgralloc               media.codec                          D  GetTransportSize: num fds: 2 num ints: 23 err:0
2026-05-15 14:54:24.691   765-28627 audio_hw_primary        android.hardware.audio.service       D  out_standby: enter: stream (0xecb00010) usecase(1: low-latency-playback)
2026-05-15 14:54:24.786   765-28627 audio_hw_primary        android.hardware.audio.service       D  disable_audio_route: reset and update mixer path: low-latency-playback
2026-05-15 14:54:24.788   765-28627 soundtrigger            android.hardware.audio.service       D  audio_extn_sound_trigger_update_stream_status: uc_info->id 1 of type 0 for Event 2, with Raise=0
2026-05-15 14:54:24.788   765-28627 hardware_info           android.hardware.audio.service       D  hw_info_append_hw_type : device_name = speaker
2026-05-15 14:54:24.788   765-28627 audio_hw_primary        android.hardware.audio.service       D  disable_snd_device: snd_device(2: speaker)
2026-05-15 14:54:24.789   765-28627 soundtrigger            android.hardware.audio.service       I  audio_extn_sound_trigger_update_device_status: device 0x2 of type 0 for Event 0, with Raise=0
2026-05-15 14:54:24.792   704-716   statsd                  statsd                               D  StateTracker did not find state value for query key (27)0x10000->1041[I] 
2026-05-15 14:54:24.793   704-716   statsd                  statsd                               W  StateTracker not found for state atom 27
2026-05-15 14:54:25.130  1190-1328  qdgralloc               media.codec                          D  Imported handle: 0xf3b81e90 id: 1126
2026-05-15 14:54:25.131  1190-1328  qdgralloc               media.codec                          D  GetTransportSize: num fds: 2 num ints: 23 err:0
2026-05-15 14:54:25.147  1190-1328  qdgralloc               media.codec                          D  Imported handle: 0xf3b83210 id: 1127
2026-05-15 14:54:25.148  1190-1328  qdgralloc               media.codec                          D  GetTransportSize: num fds: 2 num ints: 23 err:0
2026-05-15 14:54:25.164  1190-1328  qdgralloc               media.codec                          D  Imported handle: 0xf3b80a10 id: 1126
2026-05-15 14:54:25.164  1190-1328  qdgralloc               media.codec                          D  GetTransportSize: num fds: 2 num ints: 23 err:0
2026-05-15 14:54:25.178  1190-1328  qdgralloc               media.codec                          D  Imported handle: 0xf3b83290 id: 1127
2026-05-15 14:54:25.179  1190-1328  qdgralloc               media.codec                          D  GetTransportSize: num fds: 2 num ints: 23 err:0
2026-05-15 14:54:25.195  1190-1328  qdgralloc               media.codec                          D  Imported handle: 0xf3b82c90 id: 1126
2026-05-15 14:54:25.195  1190-1328  qdgralloc               media.codec                          D  GetTransportSize: num fds: 2 num ints: 23 err:0
2026-05-15 14:54:25.211  1190-1328  qdgralloc               media.codec                          D  Imported handle: 0xf3b82e10 id: 1127
2026-05-15 14:54:25.211  1190-1328  qdgralloc               media.codec                          D  GetTransportSize: num fds: 2 num ints: 23 err:0
2026-05-15 14:54:25.227  1190-1328  qdgralloc               media.codec                          D  Imported handle: 0xf3b81f10 id: 1126
2026-05-15 14:54:25.227  1190-1328  qdgralloc               media.codec                          D  GetTransportSize: num fds: 2 num ints: 23 err:0
2026-05-15 14:54:25.245  1190-1328  qdgralloc               media.codec                          D  Imported handle: 0xf3b84e90 id: 1127
2026-05-15 14:54:25.245  1190-1328  qdgralloc               media.codec                          D  GetTransportSize: num fds: 2 num ints: 23 err:0
2026-05-15 14:54:25.262  1190-1328  qdgralloc               media.codec                          D  Imported handle: 0xf3b81610 id: 1126
2026-05-15 14:54:25.262  1190-1328  qdgralloc               media.codec                          D  GetTransportSize: num fds: 2 num ints: 23 err:0
2026-05-15 14:54:25.363  1190-28647 qdgralloc               media.codec                          D  Imported handle: 0xf3b82290 id: 1126
2026-05-15 14:54:25.363  1190-28647 qdgralloc               media.codec                          D  GetTransportSize: num fds: 2 num ints: 23 err:0
2026-05-15 14:54:25.464  1190-28647 qdgralloc               media.codec                          D  Imported handle: 0xf3b83510 id: 1126
2026-05-15 14:54:25.464  1190-28647 qdgralloc               media.codec                          D  GetTransportSize: num fds: 2 num ints: 23 err:0
2026-05-15 14:54:25.487  2530-5920  DWHelperService         com.zebra.zvahelper                  D  #ZVAH# doBindToDataWedge()
2026-05-15 14:54:25.487  2530-5920  DWHelperService         com.zebra.zvahelper                  D  Using app context
2026-05-15 14:54:25.492  2530-5920  DWHelperService         com.zebra.zvahelper                  D  #ZVAH# binding to DW
2026-05-15 14:54:25.494  1523-6946  ActivityManager         system_server                        W  Unable to start service Intent { cmp=com.symbol.datawedge/.ScanningService } U=0: not found
2026-05-15 14:54:25.545  1190-1328  qdgralloc               media.codec                          D  Imported handle: 0xf3b81c90 id: 1127
2026-05-15 14:54:25.545  1190-1328  qdgralloc               media.codec                          D  GetTransportSize: num fds: 2 num ints: 23 err:0
2026-05-15 14:54:25.561  1190-1328  qdgralloc               media.codec                          D  Imported handle: 0xf3b83790 id: 1126
2026-05-15 14:54:25.561  1190-1328  qdgralloc               media.codec                          D  GetTransportSize: num fds: 2 num ints: 23 err:0
2026-05-15 14:54:25.579  1190-1328  qdgralloc               media.codec                          D  Imported handle: 0xf3b81e90 id: 1127
2026-05-15 14:54:25.579  1190-1328  qdgralloc               media.codec                          D  GetTransportSize: num fds: 2 num ints: 23 err:0
2026-05-15 14:54:25.595  1190-1328  qdgralloc               media.codec                          D  Imported handle: 0xf3b83210 id: 1126
2026-05-15 14:54:25.595  1190-1328  qdgralloc               media.codec                          D  GetTransportSize: num fds: 2 num ints: 23 err:0
2026-05-15 14:54:25.612  1190-1328  qdgralloc               media.codec                          D  Imported handle: 0xf3b80a10 id: 1127
2026-05-15 14:54:25.612  1190-1328  qdgralloc               media.codec                          D  GetTransportSize: num fds: 2 num ints: 23 err:0
2026-05-15 14:54:25.628  1190-1328  qdgralloc               media.codec                          D  Imported handle: 0xf3b83290 id: 1126
2026-05-15 14:54:25.628  1190-1328  qdgralloc               media.codec                          D  GetTransportSize: num fds: 2 num ints: 23 err:0
2026-05-15 14:54:25.645  1190-1328  qdgralloc               media.codec                          D  Imported handle: 0xf3b82c90 id: 1127
2026-05-15 14:54:25.645  1190-1328  qdgralloc               media.codec                          D  GetTransportSize: num fds: 2 num ints: 23 err:0
2026-05-15 14:54:25.661  1190-1328  qdgralloc               media.codec                          D  Imported handle: 0xf3b82e10 id: 1126
2026-05-15 14:54:25.661  1190-1328  qdgralloc               media.codec                          D  GetTransportSize: num fds: 2 num ints: 23 err:0
2026-05-15 14:54:25.678  1190-1328  qdgralloc               media.codec                          D  Imported handle: 0xf3b81f10 id: 1127
2026-05-15 14:54:25.678  1190-1328  qdgralloc               media.codec                          D  GetTransportSize: num fds: 2 num ints: 23 err:0
2026-05-15 14:54:25.695  1190-1328  qdgralloc               media.codec                          D  Imported handle: 0xf3b84e90 id: 1126
2026-05-15 14:54:25.695  1190-1328  qdgralloc               media.codec                          D  GetTransportSize: num fds: 2 num ints: 23 err:0
2026-05-15 14:54:25.712  1190-1328  qdgralloc               media.codec                          D  Imported handle: 0xf3b81610 id: 1127
2026-05-15 14:54:25.712  1190-1328  qdgralloc               media.codec                          D  GetTransportSize: num fds: 2 num ints: 23 err:0
2026-05-15 14:54:25.728  1190-1328  qdgralloc               media.codec                          D  Imported handle: 0xf3b82290 id: 1126
2026-05-15 14:54:25.728  1190-1328  qdgralloc               media.codec                          D  GetTransportSize: num fds: 2 num ints: 23 err:0
2026-05-15 14:54:25.745  1190-1328  qdgralloc               media.codec                          D  Imported handle: 0xf3b83510 id: 1127
2026-05-15 14:54:25.745  1190-1328  qdgralloc               media.codec                          D  GetTransportSize: num fds: 2 num ints: 23 err:0
2026-05-15 14:54:25.761  1190-1328  qdgralloc               media.codec                          D  Imported handle: 0xf3b81c90 id: 1126
2026-05-15 14:54:25.762  1190-1328  qdgralloc               media.codec                          D  GetTransportSize: num fds: 2 num ints: 23 err:0
2026-05-15 14:54:25.771  1523-2017  WifiClientModeImpl      system_server                        I  updateLinkLayerStatsRssiSpeedFrequencyCapabilities rssi=-74 TxLinkspeed=39 freq=2412 RxLinkSpeed=39
2026-05-15 14:54:25.778  1190-1328  qdgralloc               media.codec                          D  Imported handle: 0xf3b83790 id: 1127
2026-05-15 14:54:25.778  1190-1328  qdgralloc               media.codec                          D  GetTransportSize: num fds: 2 num ints: 23 err:0
2026-05-15 14:54:25.795  1190-1328  qdgralloc               media.codec                          D  Imported handle: 0xf3b81e90 id: 1126
2026-05-15 14:54:25.795  1190-1328  qdgralloc               media.codec                          D  GetTransportSize: num fds: 2 num ints: 23 err:0
2026-05-15 14:54:25.811  1190-1328  qdgralloc               media.codec                          D  Imported handle: 0xf3b83210 id: 1127
2026-05-15 14:54:25.812  1190-1328  qdgralloc               media.codec                          D  GetTransportSize: num fds: 2 num ints: 23 err:0
2026-05-15 14:54:25.827  1190-1328  qdgralloc               media.codec                          D  Imported handle: 0xf3b80a10 id: 1126
2026-05-15 14:54:25.827  1190-1328  qdgralloc               media.codec                          D  GetTransportSize: num fds: 2 num ints: 23 err:0
2026-05-15 14:54:25.844  1190-1328  qdgralloc               media.codec                          D  Imported handle: 0xf3b83290 id: 1127
2026-05-15 14:54:25.844  1190-1328  qdgralloc               media.codec                          D  GetTransportSize: num fds: 2 num ints: 23 err:0
2026-05-15 14:54:25.861  1190-1328  qdgralloc               media.codec                          D  Imported handle: 0xf3b82c90 id: 1126
2026-05-15 14:54:25.861  1190-1328  qdgralloc               media.codec                          D  GetTransportSize: num fds: 2 num ints: 23 err:0
2026-05-15 14:54:25.879  1190-1328  qdgralloc               media.codec                          D  Imported handle: 0xf3b82e10 id: 1127
2026-05-15 14:54:25.879  1190-1328  qdgralloc               media.codec                          D  GetTransportSize: num fds: 2 num ints: 23 err:0
2026-05-15 14:54:25.895  1190-1328  qdgralloc               media.codec                          D  Imported handle: 0xf3b81f10 id: 1126
2026-05-15 14:54:25.895  1190-1328  qdgralloc               media.codec                          D  GetTransportSize: num fds: 2 num ints: 23 err:0
2026-05-15 14:54:25.912  1190-1328  qdgralloc               media.codec                          D  Imported handle: 0xf3b84e90 id: 1127
2026-05-15 14:54:25.912  1190-1328  qdgralloc               media.codec                          D  GetTransportSize: num fds: 2 num ints: 23 err:0
2026-05-15 14:54:25.928  1190-1328  qdgralloc               media.codec                          D  Imported handle: 0xf3b81610 id: 1126
2026-05-15 14:54:25.928  1190-1328  qdgralloc               media.codec                          D  GetTransportSize: num fds: 2 num ints: 23 err:0
2026-05-15 14:54:25.945  1190-1328  qdgralloc               media.codec                          D  Imported handle: 0xf3b82290 id: 1127
2026-05-15 14:54:25.945  1190-1328  qdgralloc               media.codec                          D  GetTransportSize: num fds: 2 num ints: 23 err:0
2026-05-15 14:54:25.962  1190-1328  qdgralloc               media.codec                          D  Imported handle: 0xf3b83510 id: 1126
2026-05-15 14:54:25.962  1190-1328  qdgralloc               media.codec                          D  GetTransportSize: num fds: 2 num ints: 23 err:0
2026-05-15 14:54:25.977  1190-1328  qdgralloc               media.codec                          D  Imported handle: 0xf3b81c90 id: 1127
2026-05-15 14:54:25.978  1190-1328  qdgralloc               media.codec                          D  GetTransportSize: num fds: 2 num ints: 23 err:0
2026-05-15 14:54:25.995  1190-1328  qdgralloc               media.codec                          D  Imported handle: 0xf3b83790 id: 1126
2026-05-15 14:54:25.995  1190-1328  qdgralloc               media.codec                          D  GetTransportSize: num fds: 2 num ints: 23 err:0
2026-05-15 14:54:26.011  1190-1328  qdgralloc               media.codec                          D  Imported handle: 0xf3b81e90 id: 1127
2026-05-15 14:54:26.012  1190-1328  qdgralloc               media.codec                          D  GetTransportSize: num fds: 2 num ints: 23 err:0
2026-05-15 14:54:26.028  1190-1328  qdgralloc               media.codec                          D  Imported handle: 0xf3b83210 id: 1126
2026-05-15 14:54:26.028  1190-1328  qdgralloc               media.codec                          D  GetTransportSize: num fds: 2 num ints: 23 err:0
2026-05-15 14:54:26.044  1190-1328  qdgralloc               media.codec                          D  Imported handle: 0xf3b80a10 id: 1127
2026-05-15 14:54:26.045  1190-1328  qdgralloc               media.codec                          D  GetTransportSize: num fds: 2 num ints: 23 err:0
2026-05-15 14:54:26.060  1190-1328  qdgralloc               media.codec                          D  Imported handle: 0xf3b83290 id: 1126
2026-05-15 14:54:26.060  1190-1328  qdgralloc               media.codec                          D  GetTransportSize: num fds: 2 num ints: 23 err:0
2026-05-15 14:54:26.078  1190-1328  qdgralloc               media.codec                          D  Imported handle: 0xf3b82c90 id: 1127
2026-05-15 14:54:26.078  1190-1328  qdgralloc               media.codec                          D  GetTransportSize: num fds: 2 num ints: 23 err:0
2026-05-15 14:54:26.095  1190-1328  qdgralloc               media.codec                          D  Imported handle: 0xf3b82e10 id: 1126
2026-05-15 14:54:26.095  1190-1328  qdgralloc               media.codec                          D  GetTransportSize: num fds: 2 num ints: 23 err:0
2026-05-15 14:54:26.112  1190-1328  qdgralloc               media.codec                          D  Imported handle: 0xf3b81f10 id: 1127
2026-05-15 14:54:26.112  1190-1328  qdgralloc               media.codec                          D  GetTransportSize: num fds: 2 num ints: 23 err:0
2026-05-15 14:54:26.129  1190-1328  qdgralloc               media.codec                          D  Imported handle: 0xf3b84e90 id: 1126
2026-05-15 14:54:26.129  1190-1328  qdgralloc               media.codec                          D  GetTransportSize: num fds: 2 num ints: 23 err:0
2026-05-15 14:54:26.146  1190-1328  qdgralloc               media.codec                          D  Imported handle: 0xf3b81610 id: 1127
2026-05-15 14:54:26.146  1190-1328  qdgralloc               media.codec                          D  GetTransportSize: num fds: 2 num ints: 23 err:0
2026-05-15 14:54:26.162  1190-1328  qdgralloc               media.codec                          D  Imported handle: 0xf3b82290 id: 1126
2026-05-15 14:54:26.162  1190-1328  qdgralloc               media.codec                          D  GetTransportSize: num fds: 2 num ints: 23 err:0
2026-05-15 14:54:26.178  1190-1328  qdgralloc               media.codec                          D  Imported handle: 0xf3b83510 id: 1127
2026-05-15 14:54:26.179  1190-1328  qdgralloc               media.codec                          D  GetTransportSize: num fds: 2 num ints: 23 err:0
2026-05-15 14:54:26.195  1190-1328  qdgralloc               media.codec                          D  Imported handle: 0xf3b81c90 id: 1126
2026-05-15 14:54:26.195  1190-1328  qdgralloc               media.codec                          D  GetTransportSize: num fds: 2 num ints: 23 err:0
2026-05-15 14:54:26.212  1190-1328  qdgralloc               media.codec                          D  Imported handle: 0xf3b83790 id: 1127
2026-05-15 14:54:26.212  1190-1328  qdgralloc               media.codec                          D  GetTransportSize: num fds: 2 num ints: 23 err:0
2026-05-15 14:54:26.227  1190-1328  qdgralloc               media.codec                          D  Imported handle: 0xf3b81e90 id: 1126
2026-05-15 14:54:26.227  1190-1328  qdgralloc               media.codec                          D  GetTransportSize: num fds: 2 num ints: 23 err:0
2026-05-15 14:54:26.245  1190-1328  qdgralloc               media.codec                          D  Imported handle: 0xf3b83210 id: 1127
2026-05-15 14:54:26.246  1190-1328  qdgralloc               media.codec                          D  GetTransportSize: num fds: 2 num ints: 23 err:0
2026-05-15 14:54:26.261  1190-1328  qdgralloc               media.codec                          D  Imported handle: 0xf3b80a10 id: 1126
2026-05-15 14:54:26.262  1190-1328  qdgralloc               media.codec                          D  GetTransportSize: num fds: 2 num ints: 23 err:0
2026-05-15 14:54:26.278  1190-1328  qdgralloc               media.codec                          D  Imported handle: 0xf3b83290 id: 1127
2026-05-15 14:54:26.278  1190-1328  qdgralloc               media.codec                          D  GetTransportSize: num fds: 2 num ints: 23 err:0
2026-05-15 14:54:26.294  1190-1328  qdgralloc               media.codec                          D  Imported handle: 0xf3b82c90 id: 1126
2026-05-15 14:54:26.294  1190-1328  qdgralloc               media.codec                          D  GetTransportSize: num fds: 2 num ints: 23 err:0
2026-05-15 14:54:26.311  1190-1328  qdgralloc               media.codec                          D  Imported handle: 0xf3b82e10 id: 1127
2026-05-15 14:54:26.312  1190-1328  qdgralloc               media.codec                          D  GetTransportSize: num fds: 2 num ints: 23 err:0
2026-05-15 14:54:26.329  1190-1328  qdgralloc               media.codec                          D  Imported handle: 0xf3b81f10 id: 1126
2026-05-15 14:54:26.329  1190-1328  qdgralloc               media.codec                          D  GetTransportSize: num fds: 2 num ints: 23 err:0
2026-05-15 14:54:26.344  1190-1328  qdgralloc               media.codec                          D  Imported handle: 0xf3b84e90 id: 1127
2026-05-15 14:54:26.345  1190-1328  qdgralloc               media.codec                          D  GetTransportSize: num fds: 2 num ints: 23 err:0
2026-05-15 14:54:26.361  1190-1328  qdgralloc               media.codec                          D  Imported handle: 0xf3b81610 id: 1126
2026-05-15 14:54:26.362  1190-1328  qdgralloc               media.codec                          D  GetTransportSize: num fds: 2 num ints: 23 err:0
2026-05-15 14:54:26.378  1190-1328  qdgralloc               media.codec                          D  Imported handle: 0xf3b82290 id: 1127
2026-05-15 14:54:26.378  1190-1328  qdgralloc               media.codec                          D  GetTransportSize: num fds: 2 num ints: 23 err:0
2026-05-15 14:54:26.394  1190-1328  qdgralloc               media.codec                          D  Imported handle: 0xf3b83510 id: 1126
2026-05-15 14:54:26.394  1190-1328  qdgralloc               media.codec                          D  GetTransportSize: num fds: 2 num ints: 23 err:0
2026-05-15 14:54:26.412  1190-1328  qdgralloc               media.codec                          D  Imported handle: 0xf3b81c90 id: 1127
2026-05-15 14:54:26.412  1190-1328  qdgralloc               media.codec                          D  GetTransportSize: num fds: 2 num ints: 23 err:0
2026-05-15 14:54:26.428  1190-1328  qdgralloc               media.codec                          D  Imported handle: 0xf3b83790 id: 1126
2026-05-15 14:54:26.428  1190-1328  qdgralloc               media.codec                          D  GetTransportSize: num fds: 2 num ints: 23 err:0
2026-05-15 14:54:26.445  1190-1328  qdgralloc               media.codec                          D  Imported handle: 0xf3b81e90 id: 1127
2026-05-15 14:54:26.446  1190-1328  qdgralloc               media.codec                          D  GetTransportSize: num fds: 2 num ints: 23 err:0
2026-05-15 14:54:26.448 28761-28761 qcom-system-dae         pid-28761                            W  type=1400 audit(0.0:44946): avc: denied { search } for name="/" dev="mmcblk0p37" ino=2 scontext=u:r:vendor_qcomsysd:s0 tcontext=u:object_r:factory_file:s0 tclass=dir permissive=0
2026-05-15 14:54:26.448 28761-28761 qcom-system-dae         pid-28761                            W  type=1400 audit(0.0:44947): avc: denied { search } for name="/" dev="mmcblk0p37" ino=2 scontext=u:r:vendor_qcomsysd:s0 tcontext=u:object_r:factory_file:s0 tclass=dir permissive=0
2026-05-15 14:54:26.461  1190-1328  qdgralloc               media.codec                          D  Imported handle: 0xf3b83210 id: 1126
2026-05-15 14:54:26.461  1190-1328  qdgralloc               media.codec                          D  GetTransportSize: num fds: 2 num ints: 23 err:0
2026-05-15 14:54:26.448 28761-28761 qcom-system-dae         pid-28761                            W  type=1400 audit(0.0:44948): avc: denied { search } for name="/" dev="mmcblk0p37" ino=2 scontext=u:r:vendor_qcomsysd:s0 tcontext=u:object_r:factory_file:s0 tclass=dir permissive=0
2026-05-15 14:54:26.448 28761-28761 qcom-system-dae         pid-28761                            W  type=1400 audit(0.0:44949): avc: denied { search } for name="/" dev="mmcblk0p37" ino=2 scontext=u:r:vendor_qcomsysd:s0 tcontext=u:object_r:factory_file:s0 tclass=dir permissive=0
2026-05-15 14:54:26.448 28761-28761 qcom-system-dae         pid-28761                            W  type=1400 audit(0.0:44950): avc: denied { search } for name="/" dev="mmcblk0p37" ino=2 scontext=u:r:vendor_qcomsysd:s0 tcontext=u:object_r:factory_file:s0 tclass=dir permissive=0
2026-05-15 14:54:26.478  1190-1328  qdgralloc               media.codec                          D  Imported handle: 0xf3b80a10 id: 1127
2026-05-15 14:54:26.478  1190-1328  qdgralloc               media.codec                          D  GetTransportSize: num fds: 2 num ints: 23 err:0
2026-05-15 14:54:26.483 28761-28761 qcom-system-daemon      pid-28761                            W  libminijail[28761]: failed to get path of fd 3: No such file or directory
2026-05-15 14:54:26.484 28761-28761 qcom-system-daemon      pid-28761                            W  libminijail[28761]: allowing syscall: connect
2026-05-15 14:54:26.484 28761-28761 qcom-system-daemon      pid-28761                            W  libminijail[28761]: allowing syscall: fcntl
2026-05-15 14:54:26.484 28761-28761 qcom-system-daemon      pid-28761                            W  libminijail[28761]: allowing syscall: sendto
2026-05-15 14:54:26.484 28761-28761 qcom-system-daemon      pid-28761                            W  libminijail[28761]: allowing syscall: socket
2026-05-15 14:54:26.484 28761-28761 qcom-system-daemon      pid-28761                            W  libminijail[28761]: allowing syscall: writev
2026-05-15 14:54:26.485 28761-28761 qcom-system-daemon      pid-28761                            W  libminijail[28761]: compile_file: <fd>(53): syscall sigaltstack redefined here
2026-05-15 14:54:26.485 28761-28761 qcom-system-daemon      pid-28761                            W  libminijail[28761]: compile_file: <fd>(46): previous definition here
2026-05-15 14:54:26.485 28761-28761 qcom-system-daemon      pid-28761                            W  libminijail[28761]: compile_file: <fd>(72): syscall exit redefined here
2026-05-15 14:54:26.485 28761-28761 qcom-system-daemon      pid-28761                            W  libminijail[28761]: compile_file: <fd>(60): previous definition here
2026-05-15 14:54:26.485 28761-28761 qcom-system-daemon      pid-28761                            W  libminijail[28761]: compile_file: <fd>(73): syscall restart_syscall redefined here
2026-05-15 14:54:26.485 28761-28761 qcom-system-daemon      pid-28761                            W  libminijail[28761]: compile_file: <fd>(59): previous definition here
2026-05-15 14:54:26.485 28761-28761 qcom-system-daemon      pid-28761                            W  libminijail[28761]: logging seccomp filter failures
2026-05-15 14:54:26.487 28761-28761 QCOMSysDaemon           pid-28761                            E  Can't find/open bootselect node: (No such file or directory)
2026-05-15 14:54:26.487 28761-28761 QCOMSysDaemon           pid-28761                            I  Starting qcom system daemon
2026-05-15 14:54:26.487 28761-28761 Diag_Lib                pid-28761                            E   Diag_LSM_Init: Failed to open handle to diag driver, error = 13
2026-05-15 14:54:26.487 28761-28761 QCOMSysDaemon           pid-28761                            E   Diag_LSM_Init failed : 0
2026-05-15 14:54:26.495  1190-1328  qdgralloc               media.codec                          D  Imported handle: 0xf3b83290 id: 1126
2026-05-15 14:54:26.495  1190-1328  qdgralloc               media.codec                          D  GetTransportSize: num fds: 2 num ints: 23 err:0
2026-05-15 14:54:26.511  1190-1328  qdgralloc               media.codec                          D  Imported handle: 0xf3b82c90 id: 1127
2026-05-15 14:54:26.511  1190-1328  qdgralloc               media.codec                          D  GetTransportSize: num fds: 2 num ints: 23 err:0
2026-05-15 14:54:26.528  1190-1328  qdgralloc               media.codec                          D  Imported handle: 0xf3b82e10 id: 1126
2026-05-15 14:54:26.528  1190-1328  qdgralloc               media.codec                          D  GetTransportSize: num fds: 2 num ints: 23 err:0
2026-05-15 14:54:26.544  1190-1328  qdgralloc               media.codec                          D  Imported handle: 0xf3b81f10 id: 1127
2026-05-15 14:54:26.544  1190-1328  qdgralloc               media.codec                          D  GetTransportSize: num fds: 2 num ints: 23 err:0
2026-05-15 14:54:26.564  1190-1328  qdgralloc               media.codec                          D  Imported handle: 0xf3b84e90 id: 1126
2026-05-15 14:54:26.564  1190-1328  qdgralloc               media.codec                          D  GetTransportSize: num fds: 2 num ints: 23 err:0
2026-05-15 14:54:26.578  1190-1328  qdgralloc               media.codec                          D  Imported handle: 0xf3b81610 id: 1127
2026-05-15 14:54:26.578  1190-1328  qdgralloc               media.codec                          D  GetTransportSize: num fds: 2 num ints: 23 err:0
2026-05-15 14:54:26.594  1190-1328  qdgralloc               media.codec                          D  Imported handle: 0xf3b82290 id: 1126
2026-05-15 14:54:26.595  1190-1328  qdgralloc               media.codec                          D  GetTransportSize: num fds: 2 num ints: 23 err:0
2026-05-15 14:54:26.611  1190-1328  qdgralloc               media.codec                          D  Imported handle: 0xf3b83510 id: 1127
2026-05-15 14:54:26.611  1190-1328  qdgralloc               media.codec                          D  GetTransportSize: num fds: 2 num ints: 23 err:0
2026-05-15 14:54:26.628  1190-1328  qdgralloc               media.codec                          D  Imported handle: 0xf3b81c90 id: 1126
2026-05-15 14:54:26.628  1190-1328  qdgralloc               media.codec                          D  GetTransportSize: num fds: 2 num ints: 23 err:0
2026-05-15 14:54:26.645  1190-1328  qdgralloc               media.codec                          D  Imported handle: 0xf3b83790 id: 1127
2026-05-15 14:54:26.645  1190-1328  qdgralloc               media.codec                          D  GetTransportSize: num fds: 2 num ints: 23 err:0
2026-05-15 14:54:26.661  1190-1328  qdgralloc               media.codec                          D  Imported handle: 0xf3b81e90 id: 1126
2026-05-15 14:54:26.661  1190-1328  qdgralloc               media.codec                          D  GetTransportSize: num fds: 2 num ints: 23 err:0
2026-05-15 14:54:26.679  1190-3902  qdgralloc               media.codec                          D  Imported handle: 0xf3b80090 id: 1127
2026-05-15 14:54:26.679  1190-3902  qdgralloc               media.codec                          D  GetTransportSize: num fds: 2 num ints: 23 err:0
2026-05-15 14:54:26.684  1523-6946  ActivityTaskManager     system_server                        I  START u0 {cmp=com.example.diverscan.activeid/.GeneralTag.ConfiguracionAntena} from uid 10321
2026-05-15 14:54:26.692  1523-6946  ActivityTrigger         system_server                        D  ActivityTrigger activityPauseTrigger 
2026-05-15 14:54:26.696  1190-3902  qdgralloc               media.codec                          D  Imported handle: 0xf3b82590 id: 1126
2026-05-15 14:54:26.696  1190-3902  qdgralloc               media.codec                          D  GetTransportSize: num fds: 2 num ints: 23 err:0
2026-05-15 14:54:26.700   765-3333  audio_hw_primary        android.hardware.audio.service       D  start_output_stream: enter: stream(0xecb00010)usecase(1: low-latency-playback) devices(0x2) is_haptic_usecase(0)
2026-05-15 14:54:26.701   765-3333  audio_hw_primary        android.hardware.audio.service       D  select_devices for use case (low-latency-playback)
2026-05-15 14:54:26.701   765-3333  msm8974_platform        android.hardware.audio.service       I  platform_check_and_set_codec_backend_cfg:becf: afe: bitwidth 16, samplerate 48000 channels 2, backend_idx 0 usecase = 1 device (speaker)
2026-05-15 14:54:26.701   765-3333  msm8974_platform        android.hardware.audio.service       I  platform_check_and_set_codec_backend_cfg: new_snd_devices[0] is 2
2026-05-15 14:54:26.701   765-3333  msm8974_platform        android.hardware.audio.service       I  platform_check_codec_backend_cfg:becf: afe: bitwidth 16, samplerate 48000 channels 2, backend_idx 0 usecase = 1 device (speaker)
2026-05-15 14:54:26.703   704-716   statsd                  statsd                               D  StateTracker did not find state value for query key (27)0x10000->1041[I] 
2026-05-15 14:54:26.703   704-716   statsd                  statsd                               W  StateTracker not found for state atom 27
2026-05-15 14:54:26.703   765-3333  msm8974_platform        android.hardware.audio.service       D  platform_check_codec_backend_cfg:becf: updated afe: bitwidth 16, samplerate 48000 channels 2,backend_idx 0 usecase = 1 device (speaker)
2026-05-15 14:54:26.703   704-716   statsd                  statsd                               D  StateTracker did not find state value for query key (27)0x10000->1041[I] 
2026-05-15 14:54:26.703   704-716   statsd                  statsd                               W  StateTracker not found for state atom 27
2026-05-15 14:54:26.704   765-3333  msm8974_platform        android.hardware.audio.service       I  platform_check_codec_backend_cfg:becf: afe: Codec selected backend: 0 updated bit width: 16 and sample rate: 48000
2026-05-15 14:54:26.704   765-3333  audio_hw_primary        android.hardware.audio.service       D  check_usecases_codec_backend:becf: force routing 0
2026-05-15 14:54:26.704   765-3333  audio_hw_primary        android.hardware.audio.service       D  check_usecases_codec_backend:becf: (85) check_usecases curr device: speaker, usecase device: backends match 0
2026-05-15 14:54:26.704   765-3333  audio_hw_primary        android.hardware.audio.service       D  check_usecases_codec_backend:becf: check_usecases num.of Usecases to switch 0
2026-05-15 14:54:26.704   765-3333  hardware_info           android.hardware.audio.service       D  hw_info_append_hw_type : device_name = speaker
2026-05-15 14:54:26.704   765-3333  audio_hw_primary        android.hardware.audio.service       D  enable_snd_device: snd_device(2: speaker)
2026-05-15 14:54:26.704   765-3333  msm8974_platform        android.hardware.audio.service       D  platform_get_island_cfg_on_device:island cfg status on snd_device = (speaker 0)
2026-05-15 14:54:26.704   765-3333  soundtrigger            android.hardware.audio.service       I  audio_extn_sound_trigger_update_device_status: device 0x2 of type 0 for Event 1, with Raise=0
2026-05-15 14:54:26.704   765-3333  audio_route             android.hardware.audio.service       D  Apply path: speaker
2026-05-15 14:54:26.706   765-3333  audio_hw_primary        android.hardware.audio.service       D  audio_is_true_native_stream_active:napb: (0) (low-latency-playback)id (1) sr 48000 bw (16) device speaker
2026-05-15 14:54:26.706   765-3333  soundtrigger            android.hardware.audio.service       D  audio_extn_sound_trigger_update_stream_status: uc_info->id 1 of type 0 for Event 3, with Raise=0
2026-05-15 14:54:26.706   765-3333  audio_hw_utils          android.hardware.audio.service       D  audio_extn_utils_send_app_type_cfg: usecase->out_snd_device speaker
2026-05-15 14:54:26.706   765-3333  audio_hw_utils          android.hardware.audio.service       I  send_app_type_cfg_for_device PLAYBACK app_type 69937, acdb_dev_id 14, sample_rate 48000, snd_device_be_idx 162
2026-05-15 14:54:26.708   765-3333  ACDB-LOADER             android.hardware.audio.service       D  ACDB -> send_audio_cal, acdb_id = 14, path = 0, app id = 0x11131, sample rate = 48000, use_case = 0,buffer_idx_w_path =0, afe_sample_rate = 48000, cal_mode = 1, offset_index = 0
2026-05-15 14:54:26.708   765-3333  ACDB-LOADER             android.hardware.audio.service       D  ACDB -> send_asm_topology
2026-05-15 14:54:26.708   765-3333  ACDB-LOADER             android.hardware.audio.service       D  ACDB -> ACDB_CMD_GET_AUDPROC_STREAM_TOPOLOGY_ID
2026-05-15 14:54:26.708   765-3333  ACDB-LOADER             android.hardware.audio.service       D  ACDB -> send_adm_topology
2026-05-15 14:54:26.708   765-3333  ACDB-LOADER             android.hardware.audio.service       D  ACDB -> ACDB_CMD_GET_AUDPROC_COMMON_TOPOLOGY_ID
2026-05-15 14:54:26.708   765-3333  ACDB-LOADER             android.hardware.audio.service       D  ACDB -> send_audtable
2026-05-15 14:54:26.708   765-3333  ACDB-LOADER             android.hardware.audio.service       D  ACDB -> ACDB_CMD_GET_AUDPROC_COMMON_TABLE_SIZE
2026-05-15 14:54:26.708   765-3333  ACDB-LOADER             android.hardware.audio.service       D  ACDB -> ACDB_CMD_GET_AUDPROC_COMMON_TABLE
2026-05-15 14:54:26.708   765-3333  ACDB-LOADER             android.hardware.audio.service       D  ACDB -> AUDIO_SET_AUDPROC_CAL cal_type[11] acdb_id[14] app_type[69937]
2026-05-15 14:54:26.708   765-3333  ACDB-LOADER             android.hardware.audio.service       D  ACDB -> send_audvoltable
2026-05-15 14:54:26.708   765-3333  ACDB-LOADER             android.hardware.audio.service       D  ACDB -> ACDB_CMD_GET_AUDPROC_GAIN_DEP_STEP_TABLE_SIZE
2026-05-15 14:54:26.708   765-3333  ACDB-LOADER             android.hardware.audio.service       D  ACDB -> ACDB_CMD_GET_AUDPROC_GAIN_DEP_STEP_TABLE, vol index 0
2026-05-15 14:54:26.708   765-3333  ACDB-LOADER             android.hardware.audio.service       D  ACDB -> AUDIO_SET_VOL_CAL cal type = 12
2026-05-15 14:54:26.708   765-3333  ACDB-LOADER             android.hardware.audio.service       D  ACDB -> ACDB_CMD_GET_AUDPROC_STREAM_TABLE_SIZE
2026-05-15 14:54:26.708   765-3333  ACDB-LOADER             android.hardware.audio.service       D  ACDB -> send_audstrmtable
2026-05-15 14:54:26.708   765-3333  ACDB-LOADER             android.hardware.audio.service       D  ACDB -> ACDB_CMD_GET_AUDPROC_STREAM_TABLE_V2
2026-05-15 14:54:26.708   765-3333  ACDB-LOADER             android.hardware.audio.service       D  ACDB -> audstrm_cal->cal_type.cal_data.cal_size = 16
2026-05-15 14:54:26.708   765-3333  ACDB-LOADER             android.hardware.audio.service       D  ACDB -> send_afe_topology
2026-05-15 14:54:26.708   765-3333  ACDB-LOADER             android.hardware.audio.service       D  ACDB -> ACDB_CMD_GET_AFE_TOPOLOGY_ID
2026-05-15 14:54:26.708   765-3333  ACDB-LOADER             android.hardware.audio.service       D  ACDB -> GET_AFE_TOPOLOGY_ID for adcd_id 14, Topology Id 1025e
2026-05-15 14:54:26.708   765-3333  ACDB-LOADER             android.hardware.audio.service       D  ACDB -> send_afe_cal
2026-05-15 14:54:26.708   765-3333  ACDB-LOADER             android.hardware.audio.service       D  ACDB -> ACDB_CMD_GET_AFE_COMMON_TABLE_SIZE
2026-05-15 14:54:26.708   765-3333  ACDB-LOADER             android.hardware.audio.service       D  ACDB -> ACDB_CMD_GET_AFE_COMMON_TABLE
2026-05-15 14:54:26.708   765-3333  ACDB-LOADER             android.hardware.audio.service       D  ACDB -> AUDIO_SET_AFE_CAL cal_type[16] acdb_id[14]
2026-05-15 14:54:26.708   765-3333  ACDB-LOADER             android.hardware.audio.service       D  ACDB -> send_hw_delay : acdb_id = 14 path = 0
2026-05-15 14:54:26.708   765-3333  ACDB-LOADER             android.hardware.audio.service       D  ACDB -> ACDB_AVSYNC_INFO: ACDB_CMD_GET_DEVICE_PROPERTY
2026-05-15 14:54:26.708   765-3333  audio_hw_primary        android.hardware.audio.service       D  enable_audio_route: apply mixer and update path: low-latency-playback
2026-05-15 14:54:26.708   765-3333  audio_route             android.hardware.audio.service       D  Apply path: low-latency-playback
2026-05-15 14:54:26.709   765-3333  audio_hw_primary        android.hardware.audio.service       D  select_devices: done
2026-05-15 14:54:26.709   765-3333  msm8974_platform        android.hardware.audio.service       D  platform_set_channel_map mixer_ctl_name:Playback Channel Map13
2026-05-15 14:54:26.710   765-3333  msm8974_platform        android.hardware.audio.service       D  platform_set_channel_map: set mapping(1 2 0 0 0 0 0 0) for channel:2
2026-05-15 14:54:26.710  1190-3902  qdgralloc               media.codec                          D  Imported handle: 0xf3b82510 id: 1127
2026-05-15 14:54:26.710  1190-3902  qdgralloc               media.codec                          D  GetTransportSize: num fds: 2 num ints: 23 err:0
2026-05-15 14:54:26.711   765-3333  msm8974_platform        android.hardware.audio.service       E  platform_set_channel_map: Could not set ctl, error:-1 ch_count:2
2026-05-15 14:54:26.727  1190-3902  qdgralloc               media.codec                          D  Imported handle: 0xf3b84190 id: 1126
2026-05-15 14:54:26.727  1190-3902  qdgralloc               media.codec                          D  GetTransportSize: num fds: 2 num ints: 23 err:0
2026-05-15 14:54:26.742  1190-3902  qdgralloc               media.codec                          D  Imported handle: 0xf3b82e10 id: 1127
2026-05-15 14:54:26.742  1190-3902  qdgralloc               media.codec                          D  GetTransportSize: num fds: 2 num ints: 23 err:0
2026-05-15 14:54:26.753  1523-4065  ActivityTaskManager     system_server                        I  The Process com.example.diverscan.activeid Already Exists in BG. So sending its PID: 28238
2026-05-15 14:54:26.754  1523-4065  ActivityTaskManager     system_server                        W  Tried to set launchTime (0) < mLastActivityLaunchTime (12349569)
2026-05-15 14:54:26.755  1523-6946  AutofillMa...erviceImpl system_server                        W  getFillEventHistory() called by UID 10149, but service UID is 10146
2026-05-15 14:54:26.755  1523-4065  CompatibilityInfo       system_server                        D  mCompatibilityFlags - 0
2026-05-15 14:54:26.755  1523-4065  CompatibilityInfo       system_server                        D  applicationDensity - 320
2026-05-15 14:54:26.755  1523-4065  CompatibilityInfo       system_server                        D  applicationScale - 1.0
2026-05-15 14:54:26.759  1190-3902  qdgralloc               media.codec                          D  Imported handle: 0xf3b81f10 id: 1126
2026-05-15 14:54:26.759  1190-3902  qdgralloc               media.codec                          D  GetTransportSize: num fds: 2 num ints: 23 err:0
2026-05-15 14:54:26.761   765-3333  audio_hw_primary        android.hardware.audio.service       D  start_output_stream: stream_handle(0xecb00010) usecase(1: low-latency-playback) out_snd_device(2: speaker)             acdb_id(14) sample_rate(48000) channel_mask(0x3) app_type(69937)             audio_mode(0 : MODE_NORMAL) out_flags(0x6 : OUTPUT_FLAG_PRIMARY|OUTPUT_FLAG_FAST) out_devices(0x2 : OUT_SPEAKER) 
2026-05-15 14:54:26.761   765-3333  audio_hw_primary        android.hardware.audio.service       D  start_output_stream: exit
2026-05-15 14:54:26.761   765-3333  audio_hw_primary        android.hardware.audio.service       D  out_write: retry previous failed cal level set
2026-05-15 14:54:26.778  1190-3902  qdgralloc               media.codec                          D  Imported handle: 0xf3b84e90 id: 1127
2026-05-15 14:54:26.779  1190-3902  qdgralloc               media.codec                          D  GetTransportSize: num fds: 2 num ints: 23 err:0
2026-05-15 14:54:26.794  1190-3902  qdgralloc               media.codec                          D  Imported handle: 0xf3b81610 id: 1126
2026-05-15 14:54:26.794  1190-3902  qdgralloc               media.codec                          D  GetTransportSize: num fds: 2 num ints: 23 err:0
2026-05-15 14:54:26.835 28238-28238 RFID_UI                 com.example.diverscan.activeid       I  [APERTURA] ConfiguracionAntena abierta desde onCreate | fechaHora=2026-05-15 14:54:26.833 | epochMs=1778878466835
2026-05-15 14:54:26.835 28238-28238 RFID_UI                 com.example.diverscan.activeid       D  [VIEW] Abriendo ConfiguracionAntena para validacion de SDK RFID y lectura RFID.
2026-05-15 14:54:26.835 28238-28238 RFID_UI                 com.example.diverscan.activeid       D  [VIEW] Instancia TagWriter obtenida. Iniciando flujo de validacion RFID.
2026-05-15 14:54:26.835 28238-28238 RFID_SDK                com.example.diverscan.activeid       D  [LIFECYCLE] Reutilizando singleton RFID entre pantallas. initialized=true, readerConnected=true
2026-05-15 14:54:26.836 28238-28238 RFID_UI                 com.example.diverscan.activeid       D  [VIEW] Potencia RFID inicial leida desde preferencias: 80
2026-05-15 14:54:26.839 28238-28634 RFID_UI                 com.example.diverscan.activeid       D  [VIEW] Solicitando al SDK la lista de lectores RFID disponibles. intento=1
2026-05-15 14:54:26.844 28238-28238 RFID_UI                 com.example.diverscan.activeid       I  [APERTURA] ConfiguracionAntena abierta desde onPostResume | fechaHora=2026-05-15 14:54:26.843 | epochMs=1778878466844
2026-05-15 14:54:26.844 28238-28764 RFID_UI                 com.example.diverscan.activeid       D  [VIEW] onPostResume: validando reconexion del lector RFID.
2026-05-15 14:54:26.845 28238-28764 RFID_UI                 com.example.diverscan.activeid       D  [VIEW] onPostResume: resultado de reconexion RFID = Conectado
2026-05-15 14:54:26.851 28238-28634 protocol val is         com.example.diverscan.activeid       E  ASCII
2026-05-15 14:54:26.855  1523-6946  CoreBackPreview         system_server                        D  Window{6cd6153 u0 com.example.diverscan.activeid/com.example.diverscan.activeid.GeneralTag.ConfiguracionAntena}: Setting back callback OnBackInvokedCallbackInfo{mCallback=android.window.IOnBackInvokedCallback$Stub$Proxy@72aef89, mPriority=0}
2026-05-15 14:54:26.865 28238-28634 RFID_SDK                com.example.diverscan.activeid       D  [VALIDACION] Lector RFID detectado por el SDK: RFD850020307520101078
2026-05-15 14:54:26.866 28238-28634 RFID_SDK                com.example.diverscan.activeid       D  [VALIDACION] getAvailableReaderNames: 1 lectores RFID encontrados usando transporte BLUETOOTH.
2026-05-15 14:54:26.878  1190-3902  qdgralloc               media.codec                          D  Imported handle: 0xf3b82290 id: 1127
2026-05-15 14:54:26.879  1190-3902  qdgralloc               media.codec                          D  GetTransportSize: num fds: 2 num ints: 23 err:0
2026-05-15 14:54:26.889 28238-28274 OpenGLRenderer          com.example.diverscan.activeid       E  Unable to match the desired swap behavior.
2026-05-15 14:54:26.893 28238-28765 qdgralloc               com.example.diverscan.activeid       D  Imported handle: 0xb4000070626a0c00 id: 1147
2026-05-15 14:54:26.893 28238-28765 qdgralloc               com.example.diverscan.activeid       D  GetTransportSize: num fds: 2 num ints: 23 err:0
2026-05-15 14:54:26.894 28238-28765 qdgralloc               com.example.diverscan.activeid       D  Imported handle: 0xb4000070626a01e0 id: 1148
2026-05-15 14:54:26.894 28238-28765 qdgralloc               com.example.diverscan.activeid       D  GetTransportSize: num fds: 2 num ints: 23 err:0
2026-05-15 14:54:26.895  1190-3902  qdgralloc               media.codec                          D  Imported handle: 0xf3b83510 id: 1126
2026-05-15 14:54:26.895  1190-3902  qdgralloc               media.codec                          D  GetTransportSize: num fds: 2 num ints: 23 err:0
2026-05-15 14:54:26.898 28238-28765 qdgralloc               com.example.diverscan.activeid       D  Imported handle: 0xb40000706269ff10 id: 1149
2026-05-15 14:54:26.898 28238-28765 qdgralloc               com.example.diverscan.activeid       D  GetTransportSize: num fds: 2 num ints: 23 err:0
2026-05-15 14:54:26.913  1190-3902  qdgralloc               media.codec                          D  Imported handle: 0xf3b81c90 id: 1127
2026-05-15 14:54:26.913  1190-3902  qdgralloc               media.codec                          D  GetTransportSize: num fds: 2 num ints: 23 err:0
2026-05-15 14:54:26.919   908-938   qdgralloc               surfaceflinger                       D  Imported handle: 0xb400006ec33990d0 id: 1149
2026-05-15 14:54:26.919   908-938   qdgralloc               surfaceflinger                       D  GetTransportSize: num fds: 2 num ints: 23 err:0
2026-05-15 14:54:26.921 28238-28274 Parcel                  com.example.diverscan.activeid       W  Expecting binder but got null!
2026-05-15 14:54:26.929  1190-3902  qdgralloc               media.codec                          D  Imported handle: 0xf3b83790 id: 1126
2026-05-15 14:54:26.929  1190-3902  qdgralloc               media.codec                          D  GetTransportSize: num fds: 2 num ints: 23 err:0
2026-05-15 14:54:26.937   704-716   statsd                  statsd                               D  StateTracker did not find state value for query key (27)0x10000->1041[I] 
2026-05-15 14:54:26.937   704-716   statsd                  statsd                               W  StateTracker not found for state atom 27
2026-05-15 14:54:26.938  1523-1713  ActivityTaskManager     system_server                        I  Displayed com.example.diverscan.activeid/.GeneralTag.ConfiguracionAntena: +249ms
2026-05-15 14:54:26.942   908-937   qdgralloc               surfaceflinger                       D  Imported handle: 0xb400006ec33d2910 id: 1150
2026-05-15 14:54:26.942   908-937   qdgralloc               surfaceflinger                       D  GetTransportSize: num fds: 2 num ints: 23 err:0
2026-05-15 14:54:26.945  1190-1328  qdgralloc               media.codec                          D  Imported handle: 0xf3b83210 id: 1127
2026-05-15 14:54:26.945  1190-1328  qdgralloc               media.codec                          D  GetTransportSize: num fds: 2 num ints: 23 err:0
2026-05-15 14:54:26.946   908-2323  qdgralloc               surfaceflinger                       D  Imported handle: 0xb400006ec33c87a0 id: 1151
2026-05-15 14:54:26.946   908-2323  qdgralloc               surfaceflinger                       D  GetTransportSize: num fds: 2 num ints: 23 err:0
2026-05-15 14:54:26.956  1523-4065  qdgralloc               system_server                        D  Imported handle: 0xb4000070626b05c0 id: 1150
2026-05-15 14:54:26.956  1523-4065  qdgralloc               system_server                        D  GetTransportSize: num fds: 2 num ints: 23 err:0
2026-05-15 14:54:26.958 28238-28238 RFID_UI                 com.example.diverscan.activeid       D  [VIEW] Lectores RFID encontrados para la vista: 1 -> [RFD850020307520101078]
2026-05-15 14:54:26.959   908-2323  qdgralloc               surfaceflinger                       D  Imported handle: 0xb400006ec33d32a0 id: 1148
2026-05-15 14:54:26.959   908-2323  qdgralloc               surfaceflinger                       D  GetTransportSize: num fds: 2 num ints: 23 err:0
