2026-05-15 14:54:29.444  1190-3902  qdgralloc               media.codec                          D  GetTransportSize: num fds: 2 num ints: 23 err:0
2026-05-15 14:54:29.445 28238-28512 RFID_SAMPLE             com.example.diverscan.activeid       D  Tag ID 800474453080000000017961
2026-05-15 14:54:29.445 28238-28634 RFID_UI                 com.example.diverscan.activeid       D  [VIEW] Batch de lectura RFID recibido. Cantidad de tags: 1
2026-05-15 14:54:29.445 28238-28634 RFID_SDK                com.example.diverscan.activeid       D  [TAG] EPC: 800474453080000000017961
2026-05-15 14:54:29.455 28238-28512 RFID_SAMPLE             com.example.diverscan.activeid       D  Tag ID 800474453080000000017961
2026-05-15 14:54:29.456 28238-28634 RFID_UI                 com.example.diverscan.activeid       D  [VIEW] Batch de lectura RFID recibido. Cantidad de tags: 1
2026-05-15 14:54:29.456 28238-28634 RFID_SDK                com.example.diverscan.activeid       D  [TAG] EPC: 800474453080000000017961
2026-05-15 14:54:29.460  1190-3902  qdgralloc               media.codec                          D  Imported handle: 0xf3b84190 id: 1127
2026-05-15 14:54:29.461  1190-3902  qdgralloc               media.codec                          D  GetTransportSize: num fds: 2 num ints: 23 err:0
2026-05-15 14:54:29.467 28238-28512 RFID_SAMPLE             com.example.diverscan.activeid       D  Tag ID 800474453080000000017961
2026-05-15 14:54:29.467 28238-28634 RFID_UI                 com.example.diverscan.activeid       D  [VIEW] Batch de lectura RFID recibido. Cantidad de tags: 1
2026-05-15 14:54:29.467 28238-28634 RFID_SDK                com.example.diverscan.activeid       D  [TAG] EPC: 800474453080000000017961
2026-05-15 14:54:29.472 28238-28249 erscan.activeid         com.example.diverscan.activeid       W  Cleared Reference was only reachable from finalizer (only reported once)
2026-05-15 14:54:29.478  1190-3902  qdgralloc               media.codec                          D  Imported handle: 0xf3b83790 id: 1126
2026-05-15 14:54:29.478  1190-3902  qdgralloc               media.codec                          D  GetTransportSize: num fds: 2 num ints: 23 err:0
2026-05-15 14:54:29.481 28238-28512 RFID_SAMPLE             com.example.diverscan.activeid       D  Tag ID 800474453080000000017961
2026-05-15 14:54:29.481 28238-28634 RFID_UI                 com.example.diverscan.activeid       D  [VIEW] Batch de lectura RFID recibido. Cantidad de tags: 1
2026-05-15 14:54:29.481 28238-28634 RFID_SDK                com.example.diverscan.activeid       D  [TAG] EPC: 800474453080000000017961
2026-05-15 14:54:29.490 28238-28512 RFID_SAMPLE             com.example.diverscan.activeid       D  Tag ID 800474453080000000017961
2026-05-15 14:54:29.490 28238-28634 RFID_UI                 com.example.diverscan.activeid       D  [VIEW] Batch de lectura RFID recibido. Cantidad de tags: 1
2026-05-15 14:54:29.490 28238-28634 RFID_SDK                com.example.diverscan.activeid       D  [TAG] EPC: 800474453080000000017961
2026-05-15 14:54:29.493  1190-3902  qdgralloc               media.codec                          D  Imported handle: 0xf3b82510 id: 1127
2026-05-15 14:54:29.494  1190-3902  qdgralloc               media.codec                          D  GetTransportSize: num fds: 2 num ints: 23 err:0
2026-05-15 14:54:29.504 28238-28251 System                  com.example.diverscan.activeid       W  A resource failed to call CursorWindow.close. 
2026-05-15 14:54:29.505 28238-28251 System                  com.example.diverscan.activeid       W  A resource failed to call AbstractCursor.close. 
2026-05-15 14:54:29.505 28238-28251 System                  com.example.diverscan.activeid       W  A resource failed to call CursorWindow.close. 
2026-05-15 14:54:29.505 28238-28251 System                  com.example.diverscan.activeid       W  A resource failed to call AbstractCursor.close. 
2026-05-15 14:54:29.506 28238-28251 System                  com.example.diverscan.activeid       W  A resource failed to call CursorWindow.close. 
2026-05-15 14:54:29.506 28238-28251 System                  com.example.diverscan.activeid       W  A resource failed to call AbstractCursor.close. 
2026-05-15 14:54:29.507 28238-28251 System                  com.example.diverscan.activeid       W  A resource failed to call CursorWindow.close. 
2026-05-15 14:54:29.507 28238-28251 System                  com.example.diverscan.activeid       W  A resource failed to call AbstractCursor.close. 
2026-05-15 14:54:29.510 28238-28251 System                  com.example.diverscan.activeid       W  A resource failed to call close. 
2026-05-15 14:54:29.510  1190-3902  qdgralloc               media.codec                          D  Imported handle: 0xf3b82e10 id: 1126
2026-05-15 14:54:29.510  1190-3902  qdgralloc               media.codec                          D  GetTransportSize: num fds: 2 num ints: 23 err:0
2026-05-15 14:54:29.512 28238-28251 System                  com.example.diverscan.activeid       W  A resource failed to call CursorWindow.close. 
2026-05-15 14:54:29.512 28238-28251 System                  com.example.diverscan.activeid       W  A resource failed to call AbstractCursor.close. 
2026-05-15 14:54:29.512 28238-28251 System                  com.example.diverscan.activeid       W  A resource failed to call close. 
2026-05-15 14:54:29.512 28238-28251 System                  com.example.diverscan.activeid       W  A resource failed to call CursorWindow.close. 
2026-05-15 14:54:29.512 28238-28251 System                  com.example.diverscan.activeid       W  A resource failed to call AbstractCursor.close. 
2026-05-15 14:54:29.512 28238-28251 System                  com.example.diverscan.activeid       W  A resource failed to call CursorWindow.close. 
2026-05-15 14:54:29.512 28238-28251 System                  com.example.diverscan.activeid       W  A resource failed to call AbstractCursor.close. 
2026-05-15 14:54:29.512 28238-28251 System                  com.example.diverscan.activeid       W  A resource failed to call close. 
2026-05-15 14:54:29.512 28238-28251 System                  com.example.diverscan.activeid       W  A resource failed to call CursorWindow.close. 
2026-05-15 14:54:29.512 28238-28251 System                  com.example.diverscan.activeid       W  A resource failed to call AbstractCursor.close. 
2026-05-15 14:54:29.512 28238-28251 System                  com.example.diverscan.activeid       W  A resource failed to call close. 
2026-05-15 14:54:29.512 28238-28251 System                  com.example.diverscan.activeid       W  A resource failed to call CursorWindow.close. 
2026-05-15 14:54:29.513 28238-28251 System                  com.example.diverscan.activeid       W  A resource failed to call AbstractCursor.close. 
2026-05-15 14:54:29.513 28238-28251 System                  com.example.diverscan.activeid       W  A resource failed to call CursorWindow.close. 
2026-05-15 14:54:29.513 28238-28251 System                  com.example.diverscan.activeid       W  A resource failed to call AbstractCursor.close. 
2026-05-15 14:54:29.513 28238-28251 System                  com.example.diverscan.activeid       W  A resource failed to call close. 
2026-05-15 14:54:29.513 28238-28251 System                  com.example.diverscan.activeid       W  A resource failed to call CursorWindow.close. 
2026-05-15 14:54:29.513 28238-28251 System                  com.example.diverscan.activeid       W  A resource failed to call AbstractCursor.close. 
2026-05-15 14:54:29.513 28238-28251 System                  com.example.diverscan.activeid       W  A resource failed to call CursorWindow.close. 
2026-05-15 14:54:29.513 28238-28251 System                  com.example.diverscan.activeid       W  A resource failed to call AbstractCursor.close. 
2026-05-15 14:54:29.513 28238-28251 System                  com.example.diverscan.activeid       W  A resource failed to call close. 
2026-05-15 14:54:29.513 28238-28251 System                  com.example.diverscan.activeid       W  A resource failed to call CursorWindow.close. 
2026-05-15 14:54:29.513 28238-28251 System                  com.example.diverscan.activeid       W  A resource failed to call AbstractCursor.close. 
2026-05-15 14:54:29.513 28238-28251 System                  com.example.diverscan.activeid       W  A resource failed to call close. 
2026-05-15 14:54:29.513 28238-28251 System                  com.example.diverscan.activeid       W  A resource failed to call CursorWindow.close. 
2026-05-15 14:54:29.513 28238-28251 System                  com.example.diverscan.activeid       W  A resource failed to call AbstractCursor.close. 
2026-05-15 14:54:29.514 28238-28251 System                  com.example.diverscan.activeid       W  A resource failed to call CursorWindow.close. 
2026-05-15 14:54:29.514 28238-28251 System                  com.example.diverscan.activeid       W  A resource failed to call AbstractCursor.close. 
2026-05-15 14:54:29.514 28238-28251 System                  com.example.diverscan.activeid       W  A resource failed to call close. 
2026-05-15 14:54:29.514 28238-28251 System                  com.example.diverscan.activeid       W  A resource failed to call CursorWindow.close. 
2026-05-15 14:54:29.514 28238-28251 System                  com.example.diverscan.activeid       W  A resource failed to call AbstractCursor.close. 
2026-05-15 14:54:29.514 28238-28251 System                  com.example.diverscan.activeid       W  A resource failed to call CursorWindow.close. 
2026-05-15 14:54:29.514 28238-28251 System                  com.example.diverscan.activeid       W  A resource failed to call AbstractCursor.close. 
2026-05-15 14:54:29.514 28238-28251 System                  com.example.diverscan.activeid       W  A resource failed to call close. 
2026-05-15 14:54:29.514 28238-28251 System                  com.example.diverscan.activeid       W  A resource failed to call CursorWindow.close. 
2026-05-15 14:54:29.514 28238-28251 System                  com.example.diverscan.activeid       W  A resource failed to call AbstractCursor.close. 
2026-05-15 14:54:29.514 28238-28251 System                  com.example.diverscan.activeid       W  A resource failed to call CursorWindow.close. 
2026-05-15 14:54:29.514 28238-28251 System                  com.example.diverscan.activeid       W  A resource failed to call AbstractCursor.close. 
2026-05-15 14:54:29.514 28238-28251 System                  com.example.diverscan.activeid       W  A resource failed to call close. 
2026-05-15 14:54:29.514 28238-28251 System                  com.example.diverscan.activeid       W  A resource failed to call CursorWindow.close. 
2026-05-15 14:54:29.514 28238-28251 System                  com.example.diverscan.activeid       W  A resource failed to call AbstractCursor.close. 
2026-05-15 14:54:29.514 28238-28251 System                  com.example.diverscan.activeid       W  A resource failed to call close. 
2026-05-15 14:54:29.514 28238-28251 System                  com.example.diverscan.activeid       W  A resource failed to call close. 
2026-05-15 14:54:29.520 28238-28251 System                  com.example.diverscan.activeid       W  A resource failed to call close. 
2026-05-15 14:54:29.525 28238-28512 RFID_SAMPLE             com.example.diverscan.activeid       D  Tag ID 800474453080000000017961
2026-05-15 14:54:29.525 28238-28634 RFID_UI                 com.example.diverscan.activeid       D  [VIEW] Batch de lectura RFID recibido. Cantidad de tags: 1
2026-05-15 14:54:29.525 28238-28634 RFID_SDK                com.example.diverscan.activeid       D  [TAG] EPC: 800474453080000000017961
2026-05-15 14:54:29.528  1190-3902  qdgralloc               media.codec                          D  Imported handle: 0xf3b81f10 id: 1127
2026-05-15 14:54:29.528  1190-3902  qdgralloc               media.codec                          D  GetTransportSize: num fds: 2 num ints: 23 err:0
2026-05-15 14:54:29.545  1190-3902  qdgralloc               media.codec                          D  Imported handle: 0xf3b83210 id: 1126
2026-05-15 14:54:29.545  1190-3902  qdgralloc               media.codec                          D  GetTransportSize: num fds: 2 num ints: 23 err:0
2026-05-15 14:54:29.545 28238-28512 RFID_SAMPLE             com.example.diverscan.activeid       D  Tag ID 800474453080000000017961
2026-05-15 14:54:29.545 28238-28634 RFID_UI                 com.example.diverscan.activeid       D  [VIEW] Batch de lectura RFID recibido. Cantidad de tags: 1
2026-05-15 14:54:29.545 28238-28634 RFID_SDK                com.example.diverscan.activeid       D  [TAG] EPC: 800474453080000000017961
2026-05-15 14:54:29.552 28238-28512 RFID_SAMPLE             com.example.diverscan.activeid       D  Tag ID 800474453080000000017961
2026-05-15 14:54:29.552 28238-28634 RFID_UI                 com.example.diverscan.activeid       D  [VIEW] Batch de lectura RFID recibido. Cantidad de tags: 1
2026-05-15 14:54:29.552 28238-28634 RFID_SDK                com.example.diverscan.activeid       D  [TAG] EPC: 800474453080000000017961
2026-05-15 14:54:29.559  1190-3902  qdgralloc               media.codec                          D  Imported handle: 0xf3b80a10 id: 1127
2026-05-15 14:54:29.560  1190-3902  qdgralloc               media.codec                          D  GetTransportSize: num fds: 2 num ints: 23 err:0
2026-05-15 14:54:29.563 28238-28512 RFID_SAMPLE             com.example.diverscan.activeid       D  Tag ID 800474453080000000017961
2026-05-15 14:54:29.564 28238-28634 RFID_UI                 com.example.diverscan.activeid       D  [VIEW] Batch de lectura RFID recibido. Cantidad de tags: 1
2026-05-15 14:54:29.564 28238-28634 RFID_SDK                com.example.diverscan.activeid       D  [TAG] EPC: 800474453080000000017961
2026-05-15 14:54:29.578  1190-3902  qdgralloc               media.codec                          D  Imported handle: 0xf3b81610 id: 1126
2026-05-15 14:54:29.579  1190-3902  qdgralloc               media.codec                          D  GetTransportSize: num fds: 2 num ints: 23 err:0
2026-05-15 14:54:29.595  1190-3902  qdgralloc               media.codec                          D  Imported handle: 0xf3b81e90 id: 1127
2026-05-15 14:54:29.595  1190-3902  qdgralloc               media.codec                          D  GetTransportSize: num fds: 2 num ints: 23 err:0
2026-05-15 14:54:29.602   768-2910  vendor.qti...bs_handler and...are.bluetooth@1.0-service-qti  I  ProcessIbsCmd: Received IBS_SLEEP_IND: 0xFE
2026-05-15 14:54:29.609   768-2910  vendor.qti...bs_handler and...are.bluetooth@1.0-service-qti  I  ProcessIbsCmd: Received IBS_WAKE_IND: 0xFD
2026-05-15 14:54:29.609   768-2910  vendor.qti...bs_handler and...are.bluetooth@1.0-service-qti  I  ProcessIbsCmd: Writing IBS_WAKE_ACK
2026-05-15 14:54:29.612  1190-3902  qdgralloc               media.codec                          D  Imported handle: 0xf3b83510 id: 1126
2026-05-15 14:54:29.612  1190-3902  qdgralloc               media.codec                          D  GetTransportSize: num fds: 2 num ints: 23 err:0
2026-05-15 14:54:29.614 28238-28512 RFID_SAMPLE             com.example.diverscan.activeid       D  Tag ID 800474453080000000017961
2026-05-15 14:54:29.615 28238-28512 RFID_SAMPLE             com.example.diverscan.activeid       D  Tag ID 800474453080000000017961
2026-05-15 14:54:29.615 28238-28512 RFID_SAMPLE             com.example.diverscan.activeid       D  eventReadNotify: batch anterior aún en proceso, descartando evento (1 tags)
2026-05-15 14:54:29.615 28238-28634 RFID_UI                 com.example.diverscan.activeid       D  [VIEW] Batch de lectura RFID recibido. Cantidad de tags: 1
2026-05-15 14:54:29.615 28238-28634 RFID_SDK                com.example.diverscan.activeid       D  [TAG] EPC: 800474453080000000017961
2026-05-15 14:54:29.632 28238-28512 RFID_SAMPLE             com.example.diverscan.activeid       D  Tag ID 800474453080000000017961
2026-05-15 14:54:29.632 28238-28634 RFID_UI                 com.example.diverscan.activeid       D  [VIEW] Batch de lectura RFID recibido. Cantidad de tags: 1
2026-05-15 14:54:29.632 28238-28634 RFID_SDK                com.example.diverscan.activeid       D  [TAG] EPC: 800474453080000000017961
2026-05-15 14:54:29.645  1190-3902  qdgralloc               media.codec                          D  Imported handle: 0xf3b81c90 id: 1127
2026-05-15 14:54:29.645  1190-3902  qdgralloc               media.codec                          D  GetTransportSize: num fds: 2 num ints: 23 err:0
2026-05-15 14:54:29.647 28238-28512 RFID_SAMPLE             com.example.diverscan.activeid       D  Tag ID 800474453080000000017961
2026-05-15 14:54:29.647 28238-28634 RFID_UI                 com.example.diverscan.activeid       D  [VIEW] Batch de lectura RFID recibido. Cantidad de tags: 1
2026-05-15 14:54:29.647 28238-28634 RFID_SDK                com.example.diverscan.activeid       D  [TAG] EPC: 800474453080000000017961
2026-05-15 14:54:29.662  1190-3902  qdgralloc               media.codec                          D  Imported handle: 0xf3b83290 id: 1126
2026-05-15 14:54:29.663  1190-3902  qdgralloc               media.codec                          D  GetTransportSize: num fds: 2 num ints: 23 err:0
2026-05-15 14:54:29.679  1190-3902  qdgralloc               media.codec                          D  Imported handle: 0xf3b82c90 id: 1127
2026-05-15 14:54:29.679  1190-3902  qdgralloc               media.codec                          D  GetTransportSize: num fds: 2 num ints: 23 err:0
2026-05-15 14:54:29.685   768-2910  vendor.qti...bs_handler and...are.bluetooth@1.0-service-qti  I  ProcessIbsCmd: Received IBS_SLEEP_IND: 0xFE
2026-05-15 14:54:29.692   768-2910  vendor.qti...bs_handler and...are.bluetooth@1.0-service-qti  I  ProcessIbsCmd: Received IBS_WAKE_IND: 0xFD
2026-05-15 14:54:29.692   768-2910  vendor.qti...bs_handler and...are.bluetooth@1.0-service-qti  I  ProcessIbsCmd: Writing IBS_WAKE_ACK
2026-05-15 14:54:29.695 28238-28512 RFID_SAMPLE             com.example.diverscan.activeid       D  Tag ID 800474453080000000017961
2026-05-15 14:54:29.695 28238-28512 RFID_SAMPLE             com.example.diverscan.activeid       D  Tag ID 800474453080000000017961
2026-05-15 14:54:29.696 28238-28512 RFID_SAMPLE             com.example.diverscan.activeid       D  Tag ID 800474453080000000017961
2026-05-15 14:54:29.696 28238-28512 RFID_SAMPLE             com.example.diverscan.activeid       D  eventReadNotify: batch anterior aún en proceso, descartando evento (1 tags)
2026-05-15 14:54:29.696 28238-28634 RFID_UI                 com.example.diverscan.activeid       D  [VIEW] Batch de lectura RFID recibido. Cantidad de tags: 2
2026-05-15 14:54:29.696 28238-28634 RFID_SDK                com.example.diverscan.activeid       D  [TAG] EPC: 800474453080000000017961
2026-05-15 14:54:29.696 28238-28634 RFID_SDK                com.example.diverscan.activeid       D  [TAG] EPC: 800474453080000000017961
2026-05-15 14:54:29.699 28238-28512 RFID_SAMPLE             com.example.diverscan.activeid       D  Tag ID 800474453080000000017961
2026-05-15 14:54:29.699 28238-28512 RFID_SAMPLE             com.example.diverscan.activeid       D  eventReadNotify: batch anterior aún en proceso, descartando evento (1 tags)
2026-05-15 14:54:29.714 28238-28512 RFID_SAMPLE             com.example.diverscan.activeid       D  Tag ID 800474453080000000017961
2026-05-15 14:54:29.715 28238-28634 RFID_UI                 com.example.diverscan.activeid       D  [VIEW] Batch de lectura RFID recibido. Cantidad de tags: 1
2026-05-15 14:54:29.715 28238-28634 RFID_SDK                com.example.diverscan.activeid       D  [TAG] EPC: 800474453080000000017961
2026-05-15 14:54:29.728  1190-3902  qdgralloc               media.codec                          D  Imported handle: 0xf3b84190 id: 1126
2026-05-15 14:54:29.728  1190-3902  qdgralloc               media.codec                          D  GetTransportSize: num fds: 2 num ints: 23 err:0
2026-05-15 14:54:29.730 28238-28512 RFID_SAMPLE             com.example.diverscan.activeid       D  Tag ID 800474453080000000017961
2026-05-15 14:54:29.730 28238-28634 RFID_UI                 com.example.diverscan.activeid       D  [VIEW] Batch de lectura RFID recibido. Cantidad de tags: 1
2026-05-15 14:54:29.731 28238-28634 RFID_SDK                com.example.diverscan.activeid       D  [TAG] EPC: 800474453080000000017961
2026-05-15 14:54:29.744  1190-3902  qdgralloc               media.codec                          D  Imported handle: 0xf3b83790 id: 1127
2026-05-15 14:54:29.744  1190-3902  qdgralloc               media.codec                          D  GetTransportSize: num fds: 2 num ints: 23 err:0
2026-05-15 14:54:29.766   768-2910  vendor.qti...bs_handler and...are.bluetooth@1.0-service-qti  I  ProcessIbsCmd: Received IBS_SLEEP_IND: 0xFE
2026-05-15 14:54:29.776   768-2910  vendor.qti...bs_handler and...are.bluetooth@1.0-service-qti  I  ProcessIbsCmd: Received IBS_WAKE_IND: 0xFD
2026-05-15 14:54:29.776   768-2910  vendor.qti...bs_handler and...are.bluetooth@1.0-service-qti  I  ProcessIbsCmd: Writing IBS_WAKE_ACK
2026-05-15 14:54:29.779  1190-3902  qdgralloc               media.codec                          D  Imported handle: 0xf3b82510 id: 1126
2026-05-15 14:54:29.779  1190-3902  qdgralloc               media.codec                          D  GetTransportSize: num fds: 2 num ints: 23 err:0
2026-05-15 14:54:29.782 28238-28512 RFID_SAMPLE             com.example.diverscan.activeid       D  Tag ID 800474453080000000017961
2026-05-15 14:54:29.782 28238-28512 RFID_SAMPLE             com.example.diverscan.activeid       D  Tag ID 800474453080000000017961
2026-05-15 14:54:29.782 28238-28634 RFID_UI                 com.example.diverscan.activeid       D  [VIEW] Batch de lectura RFID recibido. Cantidad de tags: 2
2026-05-15 14:54:29.782 28238-28634 RFID_SDK                com.example.diverscan.activeid       D  [TAG] EPC: 800474453080000000017961
2026-05-15 14:54:29.782 28238-28634 RFID_SDK                com.example.diverscan.activeid       D  [TAG] EPC: 800474453080000000017961
2026-05-15 14:54:29.782 28238-28512 RFID_SAMPLE             com.example.diverscan.activeid       D  Tag ID 800474453080000000017961
2026-05-15 14:54:29.782 28238-28512 RFID_SAMPLE             com.example.diverscan.activeid       D  eventReadNotify: batch anterior aún en proceso, descartando evento (1 tags)
2026-05-15 14:54:29.788 28238-28512 RFID_SAMPLE             com.example.diverscan.activeid       D  Tag ID 800474453080000000017961
2026-05-15 14:54:29.789 28238-28634 RFID_UI                 com.example.diverscan.activeid       D  [VIEW] Batch de lectura RFID recibido. Cantidad de tags: 1
2026-05-15 14:54:29.789 28238-28634 RFID_SDK                com.example.diverscan.activeid       D  [TAG] EPC: 800474453080000000017961
2026-05-15 14:54:29.802 28238-28512 RFID_SAMPLE             com.example.diverscan.activeid       D  Tag ID 800474453080000000017961
2026-05-15 14:54:29.802 28238-28634 RFID_UI                 com.example.diverscan.activeid       D  [VIEW] Batch de lectura RFID recibido. Cantidad de tags: 1
2026-05-15 14:54:29.802 28238-28634 RFID_SDK                com.example.diverscan.activeid       D  [TAG] EPC: 800474453080000000017961
2026-05-15 14:54:29.817 28238-28512 RFID_SAMPLE             com.example.diverscan.activeid       D  Tag ID 800474453080000000017961
2026-05-15 14:54:29.818 28238-28634 RFID_UI                 com.example.diverscan.activeid       D  [VIEW] Batch de lectura RFID recibido. Cantidad de tags: 1
2026-05-15 14:54:29.818 28238-28634 RFID_SDK                com.example.diverscan.activeid       D  [TAG] EPC: 800474453080000000017961
2026-05-15 14:54:29.829  1190-3902  qdgralloc               media.codec                          D  Imported handle: 0xf3b82e10 id: 1127
2026-05-15 14:54:29.829  1190-3902  qdgralloc               media.codec                          D  GetTransportSize: num fds: 2 num ints: 23 err:0
2026-05-15 14:54:29.845  1190-3902  qdgralloc               media.codec                          D  Imported handle: 0xf3b81f10 id: 1126
2026-05-15 14:54:29.846  1190-3902  qdgralloc               media.codec                          D  GetTransportSize: num fds: 2 num ints: 23 err:0
2026-05-15 14:54:29.849   768-2910  vendor.qti...bs_handler and...are.bluetooth@1.0-service-qti  I  ProcessIbsCmd: Received IBS_SLEEP_IND: 0xFE
2026-05-15 14:54:29.861  1190-3902  qdgralloc               media.codec                          D  Imported handle: 0xf3b83210 id: 1127
2026-05-15 14:54:29.862  1190-3902  qdgralloc               media.codec                          D  GetTransportSize: num fds: 2 num ints: 23 err:0
2026-05-15 14:54:29.862   768-2910  vendor.qti...bs_handler and...are.bluetooth@1.0-service-qti  I  ProcessIbsCmd: Received IBS_WAKE_IND: 0xFD
2026-05-15 14:54:29.862   768-2910  vendor.qti...bs_handler and...are.bluetooth@1.0-service-qti  I  ProcessIbsCmd: Writing IBS_WAKE_ACK
2026-05-15 14:54:29.867 28238-28512 RFID_SAMPLE             com.example.diverscan.activeid       D  Tag ID 800474453080000000017961
2026-05-15 14:54:29.867 28238-28512 RFID_SAMPLE             com.example.diverscan.activeid       D  Tag ID 800474453080000000017961
2026-05-15 14:54:29.870 28238-28634 RFID_UI                 com.example.diverscan.activeid       D  [VIEW] Batch de lectura RFID recibido. Cantidad de tags: 2
2026-05-15 14:54:29.870 28238-28634 RFID_SDK                com.example.diverscan.activeid       D  [TAG] EPC: 800474453080000000017961
2026-05-15 14:54:29.870 28238-28634 RFID_SDK                com.example.diverscan.activeid       D  [TAG] EPC: 800474453080000000017961
2026-05-15 14:54:29.870 28238-28512 RFID_SAMPLE             com.example.diverscan.activeid       D  Tag ID 800474453080000000017961
2026-05-15 14:54:29.870 28238-28512 RFID_SAMPLE             com.example.diverscan.activeid       D  Tag ID 800474453080000000017961
2026-05-15 14:54:29.870 28238-28512 RFID_SAMPLE             com.example.diverscan.activeid       D  eventReadNotify: batch anterior aún en proceso, descartando evento (2 tags)
2026-05-15 14:54:29.872 28238-28512 RFID_SAMPLE             com.example.diverscan.activeid       D  Tag ID 800474453080000000017961
2026-05-15 14:54:29.872 28238-28512 RFID_SAMPLE             com.example.diverscan.activeid       D  eventReadNotify: batch anterior aún en proceso, descartando evento (1 tags)
2026-05-15 14:54:29.888 28238-28512 RFID_SAMPLE             com.example.diverscan.activeid       D  Tag ID 800474453080000000017961
2026-05-15 14:54:29.889 28238-28634 RFID_UI                 com.example.diverscan.activeid       D  [VIEW] Batch de lectura RFID recibido. Cantidad de tags: 1
2026-05-15 14:54:29.889 28238-28634 RFID_SDK                com.example.diverscan.activeid       D  [TAG] EPC: 800474453080000000017961
2026-05-15 14:54:29.904 28238-28512 RFID_SAMPLE             com.example.diverscan.activeid       D  Tag ID 800474453080000000017961
2026-05-15 14:54:29.905 28238-28634 RFID_UI                 com.example.diverscan.activeid       D  [VIEW] Batch de lectura RFID recibido. Cantidad de tags: 1
2026-05-15 14:54:29.905 28238-28634 RFID_SDK                com.example.diverscan.activeid       D  [TAG] EPC: 800474453080000000017961
2026-05-15 14:54:29.911  1190-3902  qdgralloc               media.codec                          D  Imported handle: 0xf3b80a10 id: 1126
2026-05-15 14:54:29.911  1190-3902  qdgralloc               media.codec                          D  GetTransportSize: num fds: 2 num ints: 23 err:0
2026-05-15 14:54:29.936   768-2910  vendor.qti...bs_handler and...are.bluetooth@1.0-service-qti  I  ProcessIbsCmd: Received IBS_SLEEP_IND: 0xFE
2026-05-15 14:54:29.945  1190-3902  qdgralloc               media.codec                          D  Imported handle: 0xf3b81610 id: 1127
2026-05-15 14:54:29.946  1190-3902  qdgralloc               media.codec                          D  GetTransportSize: num fds: 2 num ints: 23 err:0
2026-05-15 14:54:29.962  1190-3902  qdgralloc               media.codec                          D  Imported handle: 0xf3b81e90 id: 1126
2026-05-15 14:54:29.962  1190-3902  qdgralloc               media.codec                          D  GetTransportSize: num fds: 2 num ints: 23 err:0
2026-05-15 14:54:29.981   768-2910  vendor.qti...bs_handler and...are.bluetooth@1.0-service-qti  I  ProcessIbsCmd: Received IBS_WAKE_IND: 0xFD
2026-05-15 14:54:29.981   768-2910  vendor.qti...bs_handler and...are.bluetooth@1.0-service-qti  I  ProcessIbsCmd: Writing IBS_WAKE_ACK
2026-05-15 14:54:29.985 28238-28512 RFID_SAMPLE             com.example.diverscan.activeid       D  Tag ID 800474453080000000017961
2026-05-15 14:54:29.985 28238-28512 RFID_SAMPLE             com.example.diverscan.activeid       D  Tag ID 800474453080000000017961
2026-05-15 14:54:29.986 28238-28634 RFID_UI                 com.example.diverscan.activeid       D  [VIEW] Batch de lectura RFID recibido. Cantidad de tags: 2
2026-05-15 14:54:29.986 28238-28634 RFID_SDK                com.example.diverscan.activeid       D  [TAG] EPC: 800474453080000000017961
2026-05-15 14:54:29.986 28238-28634 RFID_SDK                com.example.diverscan.activeid       D  [TAG] EPC: 800474453080000000017961
2026-05-15 14:54:29.987 28238-28512 RFID_SAMPLE             com.example.diverscan.activeid       D  Tag ID 800474453080000000017961
2026-05-15 14:54:29.987 28238-28634 RFID_UI                 com.example.diverscan.activeid       D  [VIEW] Batch de lectura RFID recibido. Cantidad de tags: 1
2026-05-15 14:54:29.988 28238-28634 RFID_SDK                com.example.diverscan.activeid       D  [TAG] EPC: 800474453080000000017961
2026-05-15 14:54:30.024   768-2910  vendor.qti...bs_handler and...are.bluetooth@1.0-service-qti  I  ProcessIbsCmd: Received IBS_SLEEP_IND: 0xFE
2026-05-15 14:54:30.029  1190-3902  qdgralloc               media.codec                          D  Imported handle: 0xf3b83510 id: 1127
2026-05-15 14:54:30.029  1190-3902  qdgralloc               media.codec                          D  GetTransportSize: num fds: 2 num ints: 23 err:0
2026-05-15 14:54:30.034   768-2910  vendor.qti...bs_handler and...are.bluetooth@1.0-service-qti  I  ProcessIbsCmd: Received IBS_WAKE_IND: 0xFD
2026-05-15 14:54:30.034   768-2910  vendor.qti...bs_handler and...are.bluetooth@1.0-service-qti  I  ProcessIbsCmd: Writing IBS_WAKE_ACK
2026-05-15 14:54:30.039 28238-28512 RFID_SAMPLE             com.example.diverscan.activeid       D  Tag ID 800474453080000000017961
2026-05-15 14:54:30.040 28238-28512 RFID_SAMPLE             com.example.diverscan.activeid       D  Tag ID 800474453080000000017961
2026-05-15 14:54:30.040 28238-28634 RFID_UI                 com.example.diverscan.activeid       D  [VIEW] Batch de lectura RFID recibido. Cantidad de tags: 2
2026-05-15 14:54:30.042 28238-28634 RFID_SDK                com.example.diverscan.activeid       D  [TAG] EPC: 800474453080000000017961
2026-05-15 14:54:30.042 28238-28634 RFID_SDK                com.example.diverscan.activeid       D  [TAG] EPC: 800474453080000000017961
2026-05-15 14:54:30.044 28238-28512 RFID_SAMPLE             com.example.diverscan.activeid       D  Tag ID 800474453080000000017961
2026-05-15 14:54:30.044 28238-28512 RFID_SAMPLE             com.example.diverscan.activeid       D  Tag ID 800474453080000000017961
2026-05-15 14:54:30.045 28238-28634 RFID_UI                 com.example.diverscan.activeid       D  [VIEW] Batch de lectura RFID recibido. Cantidad de tags: 2
2026-05-15 14:54:30.045 28238-28634 RFID_SDK                com.example.diverscan.activeid       D  [TAG] EPC: 800474453080000000017961
2026-05-15 14:54:30.045 28238-28512 RFID_SAMPLE             com.example.diverscan.activeid       D  Tag ID 800474453080000000017961
2026-05-15 14:54:30.046 28238-28512 RFID_SAMPLE             com.example.diverscan.activeid       D  eventReadNotify: batch anterior aún en proceso, descartando evento (1 tags)
2026-05-15 14:54:30.046 28238-28634 RFID_SDK                com.example.diverscan.activeid       D  [TAG] EPC: 800474453080000000017961
2026-05-15 14:54:30.096  1190-3902  qdgralloc               media.codec                          D  Imported handle: 0xf3b81c90 id: 1126
2026-05-15 14:54:30.096  1190-3902  qdgralloc               media.codec                          D  GetTransportSize: num fds: 2 num ints: 23 err:0
2026-05-15 14:54:30.098   768-2910  vendor.qti...bs_handler and...are.bluetooth@1.0-service-qti  I  ProcessIbsCmd: Received IBS_SLEEP_IND: 0xFE
2026-05-15 14:54:30.197  1190-28647 qdgralloc               media.codec                          D  Imported handle: 0xf3b84e90 id: 1126
2026-05-15 14:54:30.197  1190-28647 qdgralloc               media.codec                          D  GetTransportSize: num fds: 2 num ints: 23 err:0
2026-05-15 14:54:30.297  1190-28647 qdgralloc               media.codec                          D  Imported handle: 0xf3b80090 id: 1126
2026-05-15 14:54:30.298  1190-28647 qdgralloc               media.codec                          D  GetTransportSize: num fds: 2 num ints: 23 err:0
2026-05-15 14:54:30.398  1190-28647 qdgralloc               media.codec                          D  Imported handle: 0xf3b82590 id: 1126
2026-05-15 14:54:30.398  1190-28647 qdgralloc               media.codec                          D  GetTransportSize: num fds: 2 num ints: 23 err:0
2026-05-15 14:54:30.446  1190-3902  qdgralloc               media.codec                          D  Imported handle: 0xf3b83290 id: 1127
2026-05-15 14:54:30.447  1190-3902  qdgralloc               media.codec                          D  GetTransportSize: num fds: 2 num ints: 23 err:0
2026-05-15 14:54:30.463  1190-3902  qdgralloc               media.codec                          D  Imported handle: 0xf3b82c90 id: 1126
2026-05-15 14:54:30.464  1190-3902  qdgralloc               media.codec                          D  GetTransportSize: num fds: 2 num ints: 23 err:0
2026-05-15 14:54:30.479  1190-3902  qdgralloc               media.codec                          D  Imported handle: 0xf3b84190 id: 1127
2026-05-15 14:54:30.479  1190-3902  qdgralloc               media.codec                          D  GetTransportSize: num fds: 2 num ints: 23 err:0
2026-05-15 14:54:30.494  1190-3902  qdgralloc               media.codec                          D  Imported handle: 0xf3b83790 id: 1126
2026-05-15 14:54:30.494  1190-3902  qdgralloc               media.codec                          D  GetTransportSize: num fds: 2 num ints: 23 err:0
2026-05-15 14:54:30.495  2530-5920  DWHelperService         com.zebra.zvahelper                  D  #ZVAH# doBindToDataWedge()
2026-05-15 14:54:30.495  2530-5920  DWHelperService         com.zebra.zvahelper                  D  Using app context
2026-05-15 14:54:30.498  2530-5920  DWHelperService         com.zebra.zvahelper                  D  #ZVAH# binding to DW
2026-05-15 14:54:30.500  1523-6946  ActivityManager         system_server                        W  Unable to start service Intent { cmp=com.symbol.datawedge/.ScanningService } U=0: not found
2026-05-15 14:54:30.511  1190-3902  qdgralloc               media.codec                          D  Imported handle: 0xf3b83210 id: 1127
2026-05-15 14:54:30.511  1190-3902  qdgralloc               media.codec                          D  GetTransportSize: num fds: 2 num ints: 23 err:0
2026-05-15 14:54:30.528  1190-3902  qdgralloc               media.codec                          D  Imported handle: 0xf3b80a10 id: 1126
2026-05-15 14:54:30.528  1190-3902  qdgralloc               media.codec                          D  GetTransportSize: num fds: 2 num ints: 23 err:0
2026-05-15 14:54:30.545  1190-3902  qdgralloc               media.codec                          D  Imported handle: 0xf3b81610 id: 1127
2026-05-15 14:54:30.546  1190-3902  qdgralloc               media.codec                          D  GetTransportSize: num fds: 2 num ints: 23 err:0
2026-05-15 14:54:30.646  1190-28647 qdgralloc               media.codec                          D  Imported handle: 0xf3b82290 id: 1127
2026-05-15 14:54:30.646  1190-28647 qdgralloc               media.codec                          D  GetTransportSize: num fds: 2 num ints: 23 err:0
2026-05-15 14:54:30.747  1190-28647 qdgralloc               media.codec                          D  Imported handle: 0xf3b82510 id: 1127
2026-05-15 14:54:30.747  1190-28647 qdgralloc               media.codec                          D  GetTransportSize: num fds: 2 num ints: 23 err:0
2026-05-15 14:54:30.830  1190-3902  qdgralloc               media.codec                          D  Imported handle: 0xf3b81e90 id: 1126
2026-05-15 14:54:30.830  1190-3902  qdgralloc               media.codec                          D  GetTransportSize: num fds: 2 num ints: 23 err:0
2026-05-15 14:54:30.847  1190-3902  qdgralloc               media.codec                          D  Imported handle: 0xf3b83510 id: 1127
2026-05-15 14:54:30.847  1190-3902  qdgralloc               media.codec                          D  GetTransportSize: num fds: 2 num ints: 23 err:0
2026-05-15 14:54:30.863  1190-3902  qdgralloc               media.codec                          D  Imported handle: 0xf3b81c90 id: 1126
2026-05-15 14:54:30.863  1190-3902  qdgralloc               media.codec                          D  GetTransportSize: num fds: 2 num ints: 23 err:0
2026-05-15 14:54:30.881  1190-3902  qdgralloc               media.codec                          D  Imported handle: 0xf3b84e90 id: 1127
2026-05-15 14:54:30.881  1190-3902  qdgralloc               media.codec                          D  GetTransportSize: num fds: 2 num ints: 23 err:0
2026-05-15 14:54:30.896  1190-3902  qdgralloc               media.codec                          D  Imported handle: 0xf3b83290 id: 1126
2026-05-15 14:54:30.897  1190-3902  qdgralloc               media.codec                          D  GetTransportSize: num fds: 2 num ints: 23 err:0
2026-05-15 14:54:30.913  1190-3902  qdgralloc               media.codec                          D  Imported handle: 0xf3b82c90 id: 1127
2026-05-15 14:54:30.913  1190-3902  qdgralloc               media.codec                          D  GetTransportSize: num fds: 2 num ints: 23 err:0
2026-05-15 14:54:30.929  1190-3902  qdgralloc               media.codec                          D  Imported handle: 0xf3b84190 id: 1126
2026-05-15 14:54:30.930  1190-3902  qdgralloc               media.codec                          D  GetTransportSize: num fds: 2 num ints: 23 err:0
2026-05-15 14:54:30.947  1190-3902  qdgralloc               media.codec                          D  Imported handle: 0xf3b83790 id: 1127
2026-05-15 14:54:30.947  1190-3902  qdgralloc               media.codec                          D  GetTransportSize: num fds: 2 num ints: 23 err:0
2026-05-15 14:54:30.964  1190-3902  qdgralloc               media.codec                          D  Imported handle: 0xf3b83210 id: 1126
2026-05-15 14:54:30.964  1190-3902  qdgralloc               media.codec                          D  GetTransportSize: num fds: 2 num ints: 23 err:0
2026-05-15 14:54:30.980  1190-3902  qdgralloc               media.codec                          D  Imported handle: 0xf3b80a10 id: 1127
2026-05-15 14:54:30.980  1190-3902  qdgralloc               media.codec                          D  GetTransportSize: num fds: 2 num ints: 23 err:0
2026-05-15 14:54:30.997  1190-3902  qdgralloc               media.codec                          D  Imported handle: 0xf3b81610 id: 1126
2026-05-15 14:54:30.997  1190-3902  qdgralloc               media.codec                          D  GetTransportSize: num fds: 2 num ints: 23 err:0
2026-05-15 14:54:31.015  1190-3902  qdgralloc               media.codec                          D  Imported handle: 0xf3b82290 id: 1127
2026-05-15 14:54:31.015  1190-3902  qdgralloc               media.codec                          D  GetTransportSize: num fds: 2 num ints: 23 err:0
2026-05-15 14:54:31.030  1190-1328  qdgralloc               media.codec                          D  Imported handle: 0xf3b82510 id: 1126
2026-05-15 14:54:31.031  1190-1328  qdgralloc               media.codec                          D  GetTransportSize: num fds: 2 num ints: 23 err:0
2026-05-15 14:54:31.041  1523-6946  CoreBackPreview         system_server                        D  Window{1414543 u0 Toast}: Setting back callback null
2026-05-15 14:54:31.047  1190-1328  qdgralloc               media.codec                          D  Imported handle: 0xf3b81e90 id: 1127
2026-05-15 14:54:31.048  1190-1328  qdgralloc               media.codec                          D  GetTransportSize: num fds: 2 num ints: 23 err:0
2026-05-15 14:54:31.050   768-2915  vendor.qti...bs_handler and...are.bluetooth@1.0-service-qti  I  DeviceSleep: TX Awake, Sending SLEEP_IND
2026-05-15 14:54:31.050   768-2915  vendor.qti...bs_handler and...are.bluetooth@1.0-service-qti  D  SerialClockVote: vote for UART CLK OFF
2026-05-15 14:54:31.050  1523-6946  InputManager-JNI        system_server                        W  Input channel object '1414543 Toast (client)' was disposed without first being removed with the input manager!
2026-05-15 14:54:31.062  1523-4065  NotificationService     system_server                        W  Toast already killed. pkg=com.example.diverscan.activeid token=android.os.BinderProxy@e9ae7ab
2026-05-15 14:54:31.079  1190-3902  qdgralloc               media.codec                          D  Imported handle: 0xf3b83510 id: 1126
2026-05-15 14:54:31.079  1190-3902  qdgralloc               media.codec                          D  GetTransportSize: num fds: 2 num ints: 23 err:0
2026-05-15 14:54:31.085  1523-6946  CoreBackPreview         system_server                        D  Window{f7f9a1 u0 Toast}: Setting back callback OnBackInvokedCallbackInfo{mCallback=android.window.IOnBackInvokedCallback$Stub$Proxy@546e2b4, mPriority=0}
2026-05-15 14:54:31.094  1190-3902  qdgralloc               media.codec                          D  Imported handle: 0xf3b81c90 id: 1127
2026-05-15 14:54:31.094  1190-3902  qdgralloc               media.codec                          D  GetTransportSize: num fds: 2 num ints: 23 err:0
2026-05-15 14:54:31.100  2111-2309  OpenGLRenderer          com.android.systemui                 E  Unable to match the desired swap behavior.
2026-05-15 14:54:31.103  2111-28775 qdgralloc               com.android.systemui                 D  Imported handle: 0xb400007062657fa0 id: 1157
2026-05-15 14:54:31.103  2111-28775 qdgralloc               com.android.systemui                 D  GetTransportSize: num fds: 2 num ints: 23 err:0
2026-05-15 14:54:31.103  2111-28775 qdgralloc               com.android.systemui                 D  Imported handle: 0xb400007062674aa0 id: 1158
2026-05-15 14:54:31.103  2111-28775 qdgralloc               com.android.systemui                 D  GetTransportSize: num fds: 2 num ints: 23 err:0
2026-05-15 14:54:31.104  2111-28775 qdgralloc               com.android.systemui                 D  Imported handle: 0xb4000070625d9730 id: 1159
2026-05-15 14:54:31.104  2111-28775 qdgralloc               com.android.systemui                 D  GetTransportSize: num fds: 2 num ints: 23 err:0
2026-05-15 14:54:31.108   908-2323  qdgralloc               surfaceflinger                       D  Imported handle: 0xb400006ec33cb890 id: 1159
2026-05-15 14:54:31.108   908-2323  qdgralloc               surfaceflinger                       D  GetTransportSize: num fds: 2 num ints: 23 err:0
2026-05-15 14:54:31.108  2111-2309  Parcel                  com.android.systemui                 W  Expecting binder but got null!
2026-05-15 14:54:31.110  1190-3902  qdgralloc               media.codec                          D  Imported handle: 0xf3b84e90 id: 1126
2026-05-15 14:54:31.110  1190-3902  qdgralloc               media.codec                          D  GetTransportSize: num fds: 2 num ints: 23 err:0
2026-05-15 14:54:31.123   775-775   qdgralloc               and...graphics.composer@2.1-service  D  Imported handle: 0xb400007a2aa1f650 id: 1159
2026-05-15 14:54:31.128   908-938   qdgralloc               surfaceflinger                       D  Imported handle: 0xb400006ec33c5740 id: 1158
2026-05-15 14:54:31.128   908-938   qdgralloc               surfaceflinger                       D  GetTransportSize: num fds: 2 num ints: 23 err:0
2026-05-15 14:54:31.128  1190-3902  qdgralloc               media.codec                          D  Imported handle: 0xf3b83290 id: 1127
2026-05-15 14:54:31.128  1190-3902  qdgralloc               media.codec                          D  GetTransportSize: num fds: 2 num ints: 23 err:0
2026-05-15 14:54:31.139   775-775   qdgralloc               and...graphics.composer@2.1-service  D  Imported handle: 0xb400007a2aa226b0 id: 1158
2026-05-15 14:54:31.142   908-938   qdgralloc               surfaceflinger                       D  Imported handle: 0xb400006ec33b7c70 id: 1157
2026-05-15 14:54:31.142   908-938   qdgralloc               surfaceflinger                       D  GetTransportSize: num fds: 2 num ints: 23 err:0
2026-05-15 14:54:31.144  1190-3902  qdgralloc               media.codec                          D  Imported handle: 0xf3b82c90 id: 1126
2026-05-15 14:54:31.144  1190-3902  qdgralloc               media.codec                          D  GetTransportSize: num fds: 2 num ints: 23 err:0
2026-05-15 14:54:31.156   775-775   qdgralloc               and...graphics.composer@2.1-service  D  Imported handle: 0xb400007a2aa21930 id: 1157
2026-05-15 14:54:31.161  1190-3902  qdgralloc               media.codec                          D  Imported handle: 0xf3b84190 id: 1127
2026-05-15 14:54:31.161  1190-3902  qdgralloc               media.codec                          D  GetTransportSize: num fds: 2 num ints: 23 err:0
2026-05-15 14:54:31.179  1190-3902  qdgralloc               media.codec                          D  Imported handle: 0xf3b83790 id: 1126
2026-05-15 14:54:31.180  1190-3902  qdgralloc               media.codec                          D  GetTransportSize: num fds: 2 num ints: 23 err:0
2026-05-15 14:54:31.196  1190-3902  qdgralloc               media.codec                          D  Imported handle: 0xf3b83210 id: 1127
2026-05-15 14:54:31.197  1190-3902  qdgralloc               media.codec                          D  GetTransportSize: num fds: 2 num ints: 23 err:0
2026-05-15 14:54:31.201   768-2829  vendor.qti...-wake_lock and...are.bluetooth@1.0-service-qti  D  Release wakelock is released 
2026-05-15 14:54:31.213  1190-3902  qdgralloc               media.codec                          D  Imported handle: 0xf3b80a10 id: 1126
2026-05-15 14:54:31.213  1190-3902  qdgralloc               media.codec                          D  GetTransportSize: num fds: 2 num ints: 23 err:0
2026-05-15 14:54:31.230  1190-3902  qdgralloc               media.codec                          D  Imported handle: 0xf3b81610 id: 1127
2026-05-15 14:54:31.230  1190-3902  qdgralloc               media.codec                          D  GetTransportSize: num fds: 2 num ints: 23 err:0
2026-05-15 14:54:31.247  1190-3902  qdgralloc               media.codec                          D  Imported handle: 0xf3b82290 id: 1126
2026-05-15 14:54:31.248  1190-3902  qdgralloc               media.codec                          D  GetTransportSize: num fds: 2 num ints: 23 err:0
2026-05-15 14:54:31.278  1190-3902  qdgralloc               media.codec                          D  Imported handle: 0xf3b82510 id: 1127
2026-05-15 14:54:31.278  1190-3902  qdgralloc               media.codec                          D  GetTransportSize: num fds: 2 num ints: 23 err:0
2026-05-15 14:54:31.295  1190-3902  qdgralloc               media.codec                          D  Imported handle: 0xf3b81e90 id: 1126
2026-05-15 14:54:31.295  1190-3902  qdgralloc               media.codec                          D  GetTransportSize: num fds: 2 num ints: 23 err:0
2026-05-15 14:54:31.313  1190-3902  qdgralloc               media.codec                          D  Imported handle: 0xf3b83510 id: 1127
2026-05-15 14:54:31.313  1190-3902  qdgralloc               media.codec                          D  GetTransportSize: num fds: 2 num ints: 23 err:0
2026-05-15 14:54:31.330  1190-3902  qdgralloc               media.codec                          D  Imported handle: 0xf3b81c90 id: 1126
2026-05-15 14:54:31.330  1190-3902  qdgralloc               media.codec                          D  GetTransportSize: num fds: 2 num ints: 23 err:0
2026-05-15 14:54:31.347  1190-3902  qdgralloc               media.codec                          D  Imported handle: 0xf3b84e90 id: 1127
2026-05-15 14:54:31.347  1190-3902  qdgralloc               media.codec                          D  GetTransportSize: num fds: 2 num ints: 23 err:0
2026-05-15 14:54:31.363  1190-3902  qdgralloc               media.codec                          D  Imported handle: 0xf3b83290 id: 1126
2026-05-15 14:54:31.363  1190-3902  qdgralloc               media.codec                          D  GetTransportSize: num fds: 2 num ints: 23 err:0
2026-05-15 14:54:31.381  1190-1328  qdgralloc               media.codec                          D  Imported handle: 0xf3b82c90 id: 1127
2026-05-15 14:54:31.381  1190-1328  qdgralloc               media.codec                          D  GetTransportSize: num fds: 2 num ints: 23 err:0
2026-05-15 14:54:31.395  1190-1328  qdgralloc               media.codec                          D  Imported handle: 0xf3b84190 id: 1126
2026-05-15 14:54:31.395  1190-1328  qdgralloc               media.codec                          D  GetTransportSize: num fds: 2 num ints: 23 err:0
2026-05-15 14:54:31.410  1190-1328  qdgralloc               media.codec                          D  Imported handle: 0xf3b83790 id: 1127
2026-05-15 14:54:31.411  1190-1328  qdgralloc               media.codec                          D  GetTransportSize: num fds: 2 num ints: 23 err:0
2026-05-15 14:54:31.427  1190-1328  qdgralloc               media.codec                          D  Imported handle: 0xf3b83210 id: 1126
